Archive member included to satisfy reference by file (symbol)

common/libsynchron_common.a(proto.c.obj)
                              blade/CMakeFiles/blade_fw.dir/src/main.c.obj (proto_init)
common/libsynchron_common.a(flash_if.c.obj)
                              blade/CMakeFiles/blade_fw.dir/src/main.c.obj (flash_init)
common/libsynchron_common.a(crc16_ccitt.c.obj)
                              common/libsynchron_common.a(proto.c.obj) (crc16_ccitt)
C:/PROGRA~2/ARMGNU~1/14EFD8~1.2RE/bin/../lib/gcc/arm-none-eabi/14.2.1/thumb/v6-m/nofp\libgcc.a(_dvmd_tls.o)
                              blade/CMakeFiles/blade_fw.dir/C_/Users/callo/pico-sdk/src/rp2_common/pico_divider/divider_hardware.S.obj (__aeabi_idiv0)
C:/PROGRA~2/ARMGNU~1/14EFD8~1.2RE/bin/../lib/gcc/arm-none-eabi/14.2.1/thumb/v6-m/nofp\libg.a(libc_a-calloc.o)
                              blade/CMakeFiles/blade_fw.dir/C_/Users/callo/pico-sdk/src/rp2_common/pico_malloc/malloc.c.obj (calloc)
C:/PROGRA~2/ARMGNU~1/14EFD8~1.2RE/bin/../lib/gcc/arm-none-eabi/14.2.1/thumb/v6-m/nofp\libg.a(libc_a-callocr.o)
                              C:/PROGRA~2/ARMGNU~1/14EFD8~1.2RE/bin/../lib/gcc/arm-none-eabi/14.2.1/thumb/v6-m/nofp\libg.a(libc_a-calloc.o) (_calloc_r)
C:/PROGRA~2/ARMGNU~1/14EFD8~1.2RE/bin/../lib/gcc/arm-none-eabi/14.2.1/thumb/v6-m/nofp\libg.a(libc_a-malloc.o)
                              blade/CMakeFiles/blade_fw.dir/C_/Users/callo/pico-sdk/src/rp2_common/pico_malloc/malloc.c.obj (malloc)
C:/PROGRA~2/ARMGNU~1/14EFD8~1.2RE/bin/../lib/gcc/arm-none-eabi/14.2.1/thumb/v6-m/nofp\libg.a(libc_a-mallocr.o)
                              C:/PROGRA~2/ARMGNU~1/14EFD8~1.2RE/bin/../lib/gcc/arm-none-eabi/14.2.1/thumb/v6-m/nofp\libg.a(libc_a-callocr.o) (_malloc_r)
C:/PROGRA~2/ARMGNU~1/14EFD8~1.2RE/bin/../lib/gcc/arm-none-eabi/14.2.1/thumb/v6-m/nofp\libg.a(libc_a-mlock.o)
                              C:/PROGRA~2/ARMGNU~1/14EFD8~1.2RE/bin/../lib/gcc/arm-none-eabi/14.2.1/thumb/v6-m/nofp\libg.a(libc_a-mallocr.o) (__malloc_lock)
C:/PROGRA~2/ARMGNU~1/14EFD8~1.2RE/bin/../lib/gcc/arm-none-eabi/14.2.1/thumb/v6-m/nofp\libg.a(libc_a-realloc.o)
                              blade/CMakeFiles/blade_fw.dir/C_/Users/callo/pico-sdk/src/rp2_common/pico_malloc/malloc.c.obj (realloc)
C:/PROGRA~2/ARMGNU~1/14EFD8~1.2RE/bin/../lib/gcc/arm-none-eabi/14.2.1/thumb/v6-m/nofp\libg.a(libc_a-reallocr.o)
                              C:/PROGRA~2/ARMGNU~1/14EFD8~1.2RE/bin/../lib/gcc/arm-none-eabi/14.2.1/thumb/v6-m/nofp\libg.a(libc_a-realloc.o) (_realloc_r)
C:/PROGRA~2/ARMGNU~1/14EFD8~1.2RE/bin/../lib/gcc/arm-none-eabi/14.2.1/thumb/v6-m/nofp\libg.a(libc_a-fflush.o)
                              common/libsynchron_common.a(proto.c.obj) (fflush)
C:/PROGRA~2/ARMGNU~1/14EFD8~1.2RE/bin/../lib/gcc/arm-none-eabi/14.2.1/thumb/v6-m/nofp\libg.a(libc_a-findfp.o)
                              C:/PROGRA~2/ARMGNU~1/14EFD8~1.2RE/bin/../lib/gcc/arm-none-eabi/14.2.1/thumb/v6-m/nofp\libg.a(libc_a-fflush.o) (__sglue)
C:/PROGRA~2/ARMGNU~1/14EFD8~1.2RE/bin/../lib/gcc/arm-none-eabi/14.2.1/thumb/v6-m/nofp\libg.a(libc_a-fwalk.o)
                              C:/PROGRA~2/ARMGNU~1/14EFD8~1.2RE/bin/../lib/gcc/arm-none-eabi/14.2.1/thumb/v6-m/nofp\libg.a(libc_a-fflush.o) (_fwalk_sglue)
C:/PROGRA~2/ARMGNU~1/14EFD8~1.2RE/bin/../lib/gcc/arm-none-eabi/14.2.1/thumb/v6-m/nofp\libg.a(libc_a-fwrite.o)
                              common/libsynchron_common.a(proto.c.obj) (fwrite)
C:/PROGRA~2/ARMGNU~1/14EFD8~1.2RE/bin/../lib/gcc/arm-none-eabi/14.2.1/thumb/v6-m/nofp\libg.a(libc_a-stdio.o)
                              C:/PROGRA~2/ARMGNU~1/14EFD8~1.2RE/bin/../lib/gcc/arm-none-eabi/14.2.1/thumb/v6-m/nofp\libg.a(libc_a-findfp.o) (__sread)
C:/PROGRA~2/ARMGNU~1/14EFD8~1.2RE/bin/../lib/gcc/arm-none-eabi/14.2.1/thumb/v6-m/nofp\libg.a(libc_a-memcmp.o)
                              blade/CMakeFiles/blade_fw.dir/C_/Users/callo/pico-sdk/src/rp2_common/pico_atomic/atomic.c.obj (memcmp)
C:/PROGRA~2/ARMGNU~1/14EFD8~1.2RE/bin/../lib/gcc/arm-none-eabi/14.2.1/thumb/v6-m/nofp\libg.a(libc_a-memmove.o)
                              C:/PROGRA~2/ARMGNU~1/14EFD8~1.2RE/bin/../lib/gcc/arm-none-eabi/14.2.1/thumb/v6-m/nofp\libg.a(libc_a-reallocr.o) (memmove)
C:/PROGRA~2/ARMGNU~1/14EFD8~1.2RE/bin/../lib/gcc/arm-none-eabi/14.2.1/thumb/v6-m/nofp\libg.a(libc_a-lcltime_r.o)
                              blade/CMakeFiles/blade_fw.dir/C_/Users/callo/pico-sdk/src/common/pico_util/datetime.c.obj (localtime_r)
C:/PROGRA~2/ARMGNU~1/14EFD8~1.2RE/bin/../lib/gcc/arm-none-eabi/14.2.1/thumb/v6-m/nofp\libg.a(libc_a-mktime.o)
                              blade/CMakeFiles/blade_fw.dir/C_/Users/callo/pico-sdk/src/common/pico_util/datetime.c.obj (mktime)
C:/PROGRA~2/ARMGNU~1/14EFD8~1.2RE/bin/../lib/gcc/arm-none-eabi/14.2.1/thumb/v6-m/nofp\libg.a(libc_a-month_lengths.o)
                              C:/PROGRA~2/ARMGNU~1/14EFD8~1.2RE/bin/../lib/gcc/arm-none-eabi/14.2.1/thumb/v6-m/nofp\libg.a(libc_a-lcltime_r.o) (__month_lengths)
[...]
Memory Configuration

Name             Origin             Length             Attributes
FLASH            0x10000000         0x00200000         xr
RAM              0x20000000         0x00040000         xrw
SCRATCH_X        0x20040000         0x00001000         xrw
SCRATCH_Y        0x20041000         0x00001000         xrw
*default*        0x00000000         0xffffffff

Linker script and memory map

LOAD C:/PROGRA~2/ARMGNU~1/14EFD8~1.2RE/bin/../lib/gcc/arm-none-eabi/14.2.1/thumb/v6-m/nofp/crti.o
LOAD C:/PROGRA~2/ARMGNU~1/14EFD8~1.2RE/bin/../lib/gcc/arm-none-eabi/14.2.1/thumb/v6-m/nofp/crtbegin.o
LOAD C:/PROGRA~2/ARMGNU~1/14EFD8~1.2RE/bin/../lib/gcc/arm-none-eabi/14.2.1/thumb/v6-m/nofp/crt0.o

.flash_begin    0x10000000        0x0
                0x10000000                        __flash_binary_start = .

.boot2          0x10000000      0x100
                0x10000000                        __boot2_start__ = .
 *(.boot2)
 .boot2         0x10000000      0x100 pico-sdk/src/rp2040/boot_stage2/CMakeFiles/bs2_default_library.dir/./bs2_default_padded_checksummed.S.obj
                0x10000100                        __boot2_end__ = .
                0x00000001                        ASSERT (((__boot2_end__ - __boot2_start__) == 0x100), ERROR: Pico second stage bootloader must be 256 bytes in size)

.text           0x10000100     0x8714
                0x10000100                        __logical_binary_start = .
 *(.vectors)
 .vectors       0x10000100       0xd4 blade/CMakeFiles/blade_fw.dir/C_/Users/callo/pico-sdk/src/rp2_common/pico_crt0/crt0.S.obj
                0x10000100                __VECTOR_TABLE
                0x10000100                __vectors
                0x100001c0                isr_irq13
                0x100001c0                isr_irq27
                0x100001c0                isr_irq31
                0x100001c0                isr_irq12
                0x100001c0                isr_irq5
                0x100001c0                isr_irq11
                0x100001c0                isr_irq3
                0x100001c0                isr_irq23
                0x100001c0                __unhandled_user_irq
                0x100001c0                isr_irq26
                0x100001c0                isr_irq28
                0x100001c0                isr_irq19
                0x100001c0                isr_irq0
                0x100001c0                isr_irq6
                0x100001c0                isr_irq29
                0x100001c0                isr_irq16
                0x100001c0                isr_irq22
                0x100001c0                isr_irq18
                0x100001c0                isr_irq17
                0x100001c0                isr_irq14
                0x100001c0                __vectors_end
                0x100001c0                __default_isrs_start
                0x100001c0                isr_irq2
                0x100001c0                isr_irq10
                0x100001c0                isr_irq8
                0x100001c0                isr_irq24
                0x100001c0                isr_irq1
                0x100001c0                isr_irq7
                0x100001c0                isr_irq21
                0x100001c0                isr_irq20
                0x100001c0                isr_irq15
                0x100001c0                isr_irq25
                0x100001c0                isr_irq4
                0x100001c0                isr_irq30
                0x100001c0                isr_irq9
                0x100001c6                unhandled_user_irq_num_in_r0
                0x100001c8                isr_invalid
                0x100001ca                isr_nmi
                0x100001cc                isr_hardfault
                0x100001ce                isr_svcall
                0x100001d0                isr_pendsv
                0x100001d2                isr_systick
                0x100001d4                __default_isrs_end
 *(.binary_info_header)
 .binary_info_header
                0x100001d4       0x14 blade/CMakeFiles/blade_fw.dir/C_/Users/callo/pico-sdk/src/rp2_common/pico_crt0/crt0.S.obj
                0x100001e8                        __binary_info_header_end = .
 *(.embedded_block)
                0x100001e8                        __embedded_block_end = .
 *(.reset)
 .reset         0x100001e8       0x9c blade/CMakeFiles/blade_fw.dir/C_/Users/callo/pico-sdk/src/rp2_common/pico_crt0/crt0.S.obj
                0x100001e8                _entry_point
 *(.init)
 .init          0x10000284        0x4 C:/PROGRA~2/ARMGNU~1/14EFD8~1.2RE/bin/../lib/gcc/arm-none-eabi/14.2.1/thumb/v6-m/nofp/crti.o
                0x10000284                _init
 *(EXCLUDE_FILE(*libm.a: *libc.a:*lib_a-mem*.o *libgcc.a:) .text*)
 .text.register_tm_clones
                0x10000288       0x28 C:/PROGRA~2/ARMGNU~1/14EFD8~1.2RE/bin/../lib/gcc/arm-none-eabi/14.2.1/thumb/v6-m/nofp/crtbegin.o
 .text.frame_dummy
                0x100002b0       0x24 C:/PROGRA~2/ARMGNU~1/14EFD8~1.2RE/bin/../lib/gcc/arm-none-eabi/14.2.1/thumb/v6-m/nofp/crtbegin.o
 .text.startup.main
                0x100002d4       0x24 blade/CMakeFiles/blade_fw.dir/src/main.c.obj
                0x100002d4                main
 .text.rp2040_chip_version
                0x100002f8        0xc blade/CMakeFiles/blade_fw.dir/C_/Users/callo/pico-sdk/src/rp2040/pico_platform/platform.c.obj
                0x100002f8                rp2040_chip_version
 .text.panic    0x10000304       0x30 blade/CMakeFiles/blade_fw.dir/C_/Users/callo/pico-sdk/src/rp2_common/pico_platform_panic/panic.c.obj
                0x10000304                panic
 .text.hw_claim_or_assert
                0x10000334       0x44 blade/CMakeFiles/blade_fw.dir/C_/Users/callo/pico-sdk/src/common/hardware_claim/claim.c.obj
                0x10000334                hw_claim_or_assert
 .text.hw_claim_unused_from_range
                0x10000378       0x88 blade/CMakeFiles/blade_fw.dir/C_/Users/callo/pico-sdk/src/common/hardware_claim/claim.c.obj
                0x10000378                hw_claim_unused_from_range
 .text.next_striped_spin_lock_num
                0x10000400       0x18 blade/CMakeFiles/blade_fw.dir/C_/Users/callo/pico-sdk/src/rp2_common/hardware_sync/sync.c.obj
                0x10000400                next_striped_spin_lock_num
 .text.spin_lock_claim_unused
                0x10000418       0x24 blade/CMakeFiles/blade_fw.dir/C_/Users/callo/pico-sdk/src/rp2_common/hardware_sync/sync.c.obj
                0x10000418                spin_lock_claim_unused
 .text.spin_locks_reset
                0x1000043c       0x1c blade/CMakeFiles/blade_fw.dir/C_/Users/callo/pico-sdk/src/rp2_common/hardware_sync_spin_lock/sync_spin_lock.c.obj
                0x1000043c                spin_locks_reset
 .text.runtime_init_per_core_irq_priorities
                0x10000458       0x24 blade/CMakeFiles/blade_fw.dir/C_/Users/callo/pico-sdk/src/rp2_common/hardware_irq/irq.c.obj
                0x10000458                runtime_init_per_core_irq_priorities
 .text.irq_set_enabled
                0x1000047c       0x24 blade/CMakeFiles/blade_fw.dir/C_/Users/callo/pico-sdk/src/rp2_common/hardware_irq/irq.c.obj
                0x1000047c                irq_set_enabled
 .text.irq_is_enabled
                0x100004a0       0x18 blade/CMakeFiles/blade_fw.dir/C_/Users/callo/pico-sdk/src/rp2_common/hardware_irq/irq.c.obj
                0x100004a0                irq_is_enabled
 .text.irq_set_pending
                0x100004b8       0x10 blade/CMakeFiles/blade_fw.dir/C_/Users/callo/pico-sdk/src/rp2_common/hardware_irq/irq.c.obj
                0x100004b8                irq_set_pending
 .text.irq_has_shared_handler
                0x100004c8       0x24 blade/CMakeFiles/blade_fw.dir/C_/Users/callo/pico-sdk/src/rp2_common/hardware_irq/irq.c.obj
                0x100004c8                irq_has_shared_handler
 .text.irq_set_exclusive_handler
                0x100004ec       0x54 blade/CMakeFiles/blade_fw.dir/C_/Users/callo/pico-sdk/src/rp2_common/hardware_irq/irq.c.obj
                0x100004ec                irq_set_exclusive_handler
 .text.irq_add_shared_handler
                0x10000540      0x1f4 blade/CMakeFiles/blade_fw.dir/C_/Users/callo/pico-sdk/src/rp2_common/hardware_irq/irq.c.obj
                0x10000540                irq_add_shared_handler
 .text.irq_add_tail_to_free_list
                0x10000734       0xb4 blade/CMakeFiles/blade_fw.dir/C_/Users/callo/pico-sdk/src/rp2_common/hardware_irq/irq.c.obj
                0x10000734                irq_add_tail_to_free_list
 .text.user_irq_claim_unused
                0x100007e8       0x2c blade/CMakeFiles/blade_fw.dir/C_/Users/callo/pico-sdk/src/rp2_common/hardware_irq/irq.c.obj
                0x100007e8                user_irq_claim_unused
 .text.lock_init
                0x10000814       0x10 blade/CMakeFiles/blade_fw.dir/C_/Users/callo/pico-sdk/src/common/pico_sync/lock_core.c.obj
                0x10000814                lock_init
 .text.runtime_init_mutex
                0x10000824       0x50 blade/CMakeFiles/blade_fw.dir/C_/Users/callo/pico-sdk/src/common/pico_sync/mutex.c.obj
                0x10000824                runtime_init_mutex
 .text.mutex_init
                0x10000874       0x1c blade/CMakeFiles/blade_fw.dir/C_/Users/callo/pico-sdk/src/common/pico_sync/mutex.c.obj
                0x10000874                mutex_init
 .text.critical_section_init
                0x10000890       0x1c blade/CMakeFiles/blade_fw.dir/C_/Users/callo/pico-sdk/src/common/pico_sync/critical_section.c.obj
                0x10000890                critical_section_init
 .text.critical_section_init_with_lock_num
                0x100008ac       0x14 blade/CMakeFiles/blade_fw.dir/C_/Users/callo/pico-sdk/src/common/pico_sync/critical_section.c.obj
                0x100008ac                critical_section_init_with_lock_num
 .text.sleep_until_callback
                0x100008c0       0x30 blade/CMakeFiles/blade_fw.dir/C_/Users/callo/pico-sdk/src/common/pico_time/time.c.obj
 .text.alarm_pool_irq_handler
                0x100008f0      0x300 blade/CMakeFiles/blade_fw.dir/C_/Users/callo/pico-sdk/src/common/pico_time/time.c.obj
 .text.runtime_init_default_alarm_pool
                0x10000bf0       0xdc blade/CMakeFiles/blade_fw.dir/C_/Users/callo/pico-sdk/src/common/pico_time/time.c.obj
                0x10000bf0                runtime_init_default_alarm_pool
 .text.alarm_pool_get_default
                0x10000ccc        0x8 blade/CMakeFiles/blade_fw.dir/C_/Users/callo/pico-sdk/src/common/pico_time/time.c.obj
                0x10000ccc                alarm_pool_get_default
 .text.alarm_pool_add_alarm_at
                0x10000cd4       0xd0 blade/CMakeFiles/blade_fw.dir/C_/Users/callo/pico-sdk/src/common/pico_time/time.c.obj
                0x10000cd4                alarm_pool_add_alarm_at
 .text.alarm_pool_add_alarm_at_force_in_context
                0x10000da4       0xb0 blade/CMakeFiles/blade_fw.dir/C_/Users/callo/pico-sdk/src/common/pico_time/time.c.obj
                0x10000da4                alarm_pool_add_alarm_at_force_in_context
 .text.alarm_pool_cancel_alarm
                0x10000e54       0x74 blade/CMakeFiles/blade_fw.dir/C_/Users/callo/pico-sdk/src/common/pico_time/time.c.obj
                0x10000e54                alarm_pool_cancel_alarm
 .text.alarm_pool_core_num
                0x10000ec8        0x4 blade/CMakeFiles/blade_fw.dir/C_/Users/callo/pico-sdk/src/common/pico_time/time.c.obj
                0x10000ec8                alarm_pool_core_num
 .text.best_effort_wfe_or_timeout
                0x10000ecc      0x10c blade/CMakeFiles/blade_fw.dir/C_/Users/callo/pico-sdk/src/common/pico_time/time.c.obj
                0x10000ecc                best_effort_wfe_or_timeout
 .text.timer_hardware_alarm_claim
                0x10000fd8       0x14 blade/CMakeFiles/blade_fw.dir/C_/Users/callo/pico-sdk/src/rp2_common/hardware_timer/timer.c.obj
                0x10000fd8                timer_hardware_alarm_claim
 .text.timer_time_us_64
                0x10000fec       0x10 blade/CMakeFiles/blade_fw.dir/C_/Users/callo/pico-sdk/src/rp2_common/hardware_timer/timer.c.obj
                0x10000fec                timer_time_us_64
 .text.time_us_64
                0x10000ffc       0x14 blade/CMakeFiles/blade_fw.dir/C_/Users/callo/pico-sdk/src/rp2_common/hardware_timer/timer.c.obj
                0x10000ffc                time_us_64
 .text.busy_wait_us
                0x10001010       0x68 blade/CMakeFiles/blade_fw.dir/C_/Users/callo/pico-sdk/src/rp2_common/hardware_timer/timer.c.obj
                0x10001010                busy_wait_us
 .text.clock_configure_int_divider
                0x10001078       0xf4 blade/CMakeFiles/blade_fw.dir/C_/Users/callo/pico-sdk/src/rp2_common/hardware_clocks/clocks.c.obj
                0x10001078                clock_configure_int_divider
 .text.clock_configure_undivided
                0x1000116c       0xe8 blade/CMakeFiles/blade_fw.dir/C_/Users/callo/pico-sdk/src/rp2_common/hardware_clocks/clocks.c.obj
                0x1000116c                clock_configure_undivided
 .text.clock_get_hz
                0x10001254        0xc blade/CMakeFiles/blade_fw.dir/C_/Users/callo/pico-sdk/src/rp2_common/hardware_clocks/clocks.c.obj
                0x10001254                clock_get_hz
 .text.pll_init
                0x10001260       0xa4 blade/CMakeFiles/blade_fw.dir/C_/Users/callo/pico-sdk/src/rp2_common/hardware_pll/pll.c.obj
                0x10001260                pll_init
 .text.watchdog_reboot
                0x10001304       0x9c blade/CMakeFiles/blade_fw.dir/C_/Users/callo/pico-sdk/src/rp2_common/hardware_watchdog/watchdog.c.obj
                0x10001304                watchdog_reboot
 .text.tick_start
                0x100013a0       0x10 blade/CMakeFiles/blade_fw.dir/C_/Users/callo/pico-sdk/src/rp2_common/hardware_ticks/ticks.c.obj
                0x100013a0                tick_start
 .text.rom_func_lookup
                0x100013b0       0x10 blade/CMakeFiles/blade_fw.dir/C_/Users/callo/pico-sdk/src/rp2_common/pico_bootrom/bootrom.c.obj
                0x100013b0                rom_func_lookup
 .text.rom_data_lookup
                0x100013c0       0x10 blade/CMakeFiles/blade_fw.dir/C_/Users/callo/pico-sdk/src/rp2_common/pico_bootrom/bootrom.c.obj
                0x100013c0                rom_data_lookup
 .text.rom_funcs_lookup
                0x100013d0       0x44 blade/CMakeFiles/blade_fw.dir/C_/Users/callo/pico-sdk/src/rp2_common/pico_bootrom/bootrom.c.obj
                0x100013d0                rom_funcs_lookup
 .text.rom_reset_usb_boot_extra
                0x10001414       0x24 blade/CMakeFiles/blade_fw.dir/C_/Users/callo/pico-sdk/src/rp2_common/pico_bootrom/bootrom.c.obj
                0x10001414                rom_reset_usb_boot_extra
 .text.xosc_init
                0x10001438       0x28 blade/CMakeFiles/blade_fw.dir/C_/Users/callo/pico-sdk/src/rp2_common/hardware_xosc/xosc.c.obj
                0x10001438                xosc_init
 .text.first_per_core_initializer
                0x10001460        0x4 blade/CMakeFiles/blade_fw.dir/C_/Users/callo/pico-sdk/src/rp2_common/pico_runtime/runtime.c.obj
 .text.hard_assertion_failure
                0x10001464        0xc blade/CMakeFiles/blade_fw.dir/C_/Users/callo/pico-sdk/src/rp2_common/pico_runtime/runtime.c.obj
                0x10001464                hard_assertion_failure
 .text.runtime_run_initializers
                0x10001470       0x28 blade/CMakeFiles/blade_fw.dir/C_/Users/callo/pico-sdk/src/rp2_common/pico_runtime/runtime.c.obj
                0x10001470                runtime_run_initializers
 .text.runtime_init_early_resets
                0x10001498       0x2c blade/CMakeFiles/blade_fw.dir/C_/Users/callo/pico-sdk/src/rp2_common/pico_runtime_init/runtime_init.c.obj
                0x10001498                runtime_init_early_resets
 .text.runtime_init_usb_power_down
                0x100014c4       0x1c blade/CMakeFiles/blade_fw.dir/C_/Users/callo/pico-sdk/src/rp2_common/pico_runtime_init/runtime_init.c.obj
                0x100014c4                runtime_init_usb_power_down
 .text.runtime_init_post_clock_resets
                0x100014e0       0x20 blade/CMakeFiles/blade_fw.dir/C_/Users/callo/pico-sdk/src/rp2_common/pico_runtime_init/runtime_init.c.obj
                0x100014e0                runtime_init_post_clock_resets
 .text.runtime_init_rp2040_gpio_ie_disable
                0x10001500       0x14 blade/CMakeFiles/blade_fw.dir/C_/Users/callo/pico-sdk/src/rp2_common/pico_runtime_init/runtime_init.c.obj
                0x10001500                runtime_init_rp2040_gpio_ie_disable
 .text.runtime_init_spin_locks_reset
                0x10001514        0x8 blade/CMakeFiles/blade_fw.dir/C_/Users/callo/pico-sdk/src/rp2_common/pico_runtime_init/runtime_init.c.obj
                0x10001514                runtime_init_spin_locks_reset
 .text.runtime_init_install_ram_vector_table
                0x1000151c       0xb4 blade/CMakeFiles/blade_fw.dir/C_/Users/callo/pico-sdk/src/rp2_common/pico_runtime_init/runtime_init.c.obj
                0x1000151c                runtime_init_install_ram_vector_table
 .text.runtime_init_clocks
                0x100015d0       0xd8 blade/CMakeFiles/blade_fw.dir/C_/Users/callo/pico-sdk/src/rp2_common/pico_runtime_init/runtime_init_clocks.c.obj
                0x100015d0                runtime_init_clocks
 .text          0x100016a8       0x10 blade/CMakeFiles/blade_fw.dir/C_/Users/callo/pico-sdk/src/rp2_common/pico_bit_ops/bit_ops_aeabi.S.obj
 .text.__wrap___aeabi_idiv
                0x100016b8       0x50 blade/CMakeFiles/blade_fw.dir/C_/Users/callo/pico-sdk/src/rp2_common/pico_divider/divider_hardware.S.obj
                0x100016b8                __wrap___aeabi_idivmod
                0x100016b8                divmod_s32s32
                0x100016b8                div_s32s32
                0x100016b8                __wrap___aeabi_idiv
                0x100016c0                divmod_s32s32_unsafe
                0x100016ec                divmod_s32s32_savestate
 .text.__wrap___aeabi_uidiv
                0x10001708       0x4c blade/CMakeFiles/blade_fw.dir/C_/Users/callo/pico-sdk/src/rp2_common/pico_divider/divider_hardware.S.obj
                0x10001708                __wrap___aeabi_uidiv
                0x10001708                __wrap___aeabi_uidivmod
                0x10001708                div_u32u32
                0x10001708                divmod_u32u32
                0x10001710                divmod_u32u32_unsafe
                0x10001738                divmod_u32u32_savestate
 .text.__wrap___aeabi_ldiv
                0x10001754      0x424 blade/CMakeFiles/blade_fw.dir/C_/Users/callo/pico-sdk/src/rp2_common/pico_divider/divider_hardware.S.obj
                0x10001754                div_s64s64
                0x10001754                divmod_s64s64
                0x10001754                __wrap___aeabi_ldivmod
                0x10001784                divmod_u64u64
                0x10001784                div_u64u64
                0x10001784                __wrap___aeabi_uldivmod
                0x10001794                divmod_u64u64_savestate
                0x100017b4                divmod_s64s64_unsafe
                0x1000183c                divmod_u64u64_unsafe
 .text.__wrap___aeabi_darithmetic
                0x10001b78       0x80 blade/CMakeFiles/blade_fw.dir/C_/Users/callo/pico-sdk/src/rp2_common/pico_double/double_aeabi_rp2040.S.obj
                0x10001b78                __wrap___aeabi_drsub
                0x10001b7e                __wrap___aeabi_dsub
                0x10001b90                __wrap___aeabi_dadd
                0x10001ba2                __wrap___aeabi_ddiv
                0x10001bde                __wrap___aeabi_dmul
 .text.__wrap___aeabi_cdcmple
                0x10001bf8       0x6c blade/CMakeFiles/blade_fw.dir/C_/Users/callo/pico-sdk/src/rp2_common/pico_double/double_aeabi_rp2040.S.obj
                0x10001bf8                __wrap___aeabi_cdrcmple
                0x10001c08                __wrap___aeabi_cdcmpeq
                0x10001c08                __wrap___aeabi_cdcmple
 .text.__wrap___aeabi_dcmplt
                0x10001c64        0xc blade/CMakeFiles/blade_fw.dir/C_/Users/callo/pico-sdk/src/rp2_common/pico_double/double_aeabi_rp2040.S.obj
                0x10001c64                __wrap___aeabi_dcmplt
 .text.__wrap___aeabi_dcmple
                0x10001c70       0x10 blade/CMakeFiles/blade_fw.dir/C_/Users/callo/pico-sdk/src/rp2_common/pico_double/double_aeabi_rp2040.S.obj
                0x10001c70                __wrap___aeabi_dcmple
 .text.__wrap___aeabi_dcmpge
                0x10001c80       0x10 blade/CMakeFiles/blade_fw.dir/C_/Users/callo/pico-sdk/src/rp2_common/pico_double/double_aeabi_rp2040.S.obj
                0x10001c80                __wrap___aeabi_dcmpge
 .text.__wrap___aeabi_dcmpgt
                0x10001c90        0xa blade/CMakeFiles/blade_fw.dir/C_/Users/callo/pico-sdk/src/rp2_common/pico_double/double_aeabi_rp2040.S.obj
                0x10001c90                __wrap___aeabi_dcmpgt
 .text.__wrap___aeabi_dcmpun
                0x10001c9a       0x18 blade/CMakeFiles/blade_fw.dir/C_/Users/callo/pico-sdk/src/rp2_common/pico_double/double_aeabi_rp2040.S.obj
                0x10001c9a                __wrap___aeabi_dcmpun
 *fill*         0x10001cb2        0x2 
 .text.__wrap___aeabi_i2d
                0x10001cb4       0x38 blade/CMakeFiles/blade_fw.dir/C_/Users/callo/pico-sdk/src/rp2_common/pico_double/double_aeabi_rp2040.S.obj
                0x10001cb4                uint2double
                0x10001cb4                __wrap___aeabi_ui2d
                0x10001cbc                int2double
                0x10001cbc                __wrap___aeabi_i2d
 .text.__wrap___aeabi_d2iz
                0x10001cec       0x48 blade/CMakeFiles/blade_fw.dir/C_/Users/callo/pico-sdk/src/rp2_common/pico_double/double_aeabi_rp2040.S.obj
                0x10001cec                double2int_z
                0x10001cec                __wrap___aeabi_d2iz
 .text.__wrap___aeabi_d2uiz
                0x10001d34       0x18 blade/CMakeFiles/blade_fw.dir/C_/Users/callo/pico-sdk/src/rp2_common/pico_double/double_aeabi_rp2040.S.obj
                0x10001d34                double2uint
                0x10001d34                __wrap___aeabi_d2uiz
                0x10001d34                double2uint_z
 .text.__aeabi_double_init
                0x10001d4c       0xa4 blade/CMakeFiles/blade_fw.dir/C_/Users/callo/pico-sdk/src/rp2_common/pico_double/double_init_rom_rp2040.c.obj
                0x10001d4c                __aeabi_double_init
 .text.double_table_shim_on_use_helper
                0x10001df0       0x2c blade/CMakeFiles/blade_fw.dir/C_/Users/callo/pico-sdk/src/rp2_common/pico_double/double_v1_rom_shim_rp2040.S.obj
                0x10001df0                double_table_shim_on_use_helper
 .text.__wrap___aeabi_dsub
                0x10001e1c       0x10 blade/CMakeFiles/blade_fw.dir/C_/Users/callo/pico-sdk/src/rp2_common/pico_double/double_v1_rom_shim_rp2040.S.obj
                0x10001e1c                drsub_shim
                0x10001e22                dsub_shim
 .text.dadd_shim
                0x10001e2c      0x15c blade/CMakeFiles/blade_fw.dir/C_/Users/callo/pico-sdk/src/rp2_common/pico_double/double_v1_rom_shim_rp2040.S.obj
                0x10001e2c                dadd_shim
 .text.dmul_shim
                0x10001f88      0x15c blade/CMakeFiles/blade_fw.dir/C_/Users/callo/pico-sdk/src/rp2_common/pico_double/double_v1_rom_shim_rp2040.S.obj
                0x10001f88                dmul_shim
 .text.ddiv_shim
                0x100020e4      0x1b0 blade/CMakeFiles/blade_fw.dir/C_/Users/callo/pico-sdk/src/rp2_common/pico_double/double_v1_rom_shim_rp2040.S.obj
                0x100020e4                ddiv_shim
 .text.double2uint_shim
                0x10002294        0xe blade/CMakeFiles/blade_fw.dir/C_/Users/callo/pico-sdk/src/rp2_common/pico_double/double_v1_rom_shim_rp2040.S.obj
                0x10002294                double2uint_shim
                0x10002296                double2ufix_shim
 *fill*         0x100022a2        0x2 
 .text.double2uint64_shim
                0x100022a4       0x70 blade/CMakeFiles/blade_fw.dir/C_/Users/callo/pico-sdk/src/rp2_common/pico_double/double_v1_rom_shim_rp2040.S.obj
                0x100022a4                double2uint64_shim
                0x100022a6                double2ufix64_shim
                0x100022c6                d2fix_a
 .text.dunpacks
                0x10002314       0x3c blade/CMakeFiles/blade_fw.dir/C_/Users/callo/pico-sdk/src/rp2_common/pico_double/double_v1_rom_shim_rp2040.S.obj
                0x10002314                dunpacks
 .text.__aeabi_lmul
                0x10002350       0x32 blade/CMakeFiles/blade_fw.dir/C_/Users/callo/pico-sdk/src/rp2_common/pico_int64_ops/pico_int64_ops_aeabi.S.obj
                0x10002350                __wrap___aeabi_lmul
 *fill*         0x10002382        0x2 
 .text.__aeabi_float_init
                0x10002384       0x64 blade/CMakeFiles/blade_fw.dir/C_/Users/callo/pico-sdk/src/rp2_common/pico_float/float_init_rom_rp2040.c.obj
                0x10002384                __aeabi_float_init
 .text.float_table_shim_on_use_helper
                0x100023e8       0x2c blade/CMakeFiles/blade_fw.dir/C_/Users/callo/pico-sdk/src/rp2_common/pico_float/float_v1_rom_shim_rp2040.S.obj
                0x100023e8                float_table_shim_on_use_helper
 .text          0x10002414       0x10 blade/CMakeFiles/blade_fw.dir/C_/Users/callo/pico-sdk/src/rp2_common/pico_mem_ops/mem_ops_aeabi.S.obj
                0x10002414                __aeabi_mem_init
 .text.memset   0x10002424        0xc blade/CMakeFiles/blade_fw.dir/C_/Users/callo/pico-sdk/src/rp2_common/pico_mem_ops/mem_ops_aeabi.S.obj
                0x10002424                __wrap_memset
 .text.memcpy   0x10002430        0xc blade/CMakeFiles/blade_fw.dir/C_/Users/callo/pico-sdk/src/rp2_common/pico_mem_ops/mem_ops_aeabi.S.obj
                0x10002430                __wrap_memcpy
                0x10002430                __wrap___aeabi_memcpy
 .text._out_null
                0x1000243c        0x4 blade/CMakeFiles/blade_fw.dir/C_/Users/callo/pico-sdk/src/rp2_common/pico_printf/printf.c.obj
 .text._out_rev
                0x10002440       0xac blade/CMakeFiles/blade_fw.dir/C_/Users/callo/pico-sdk/src/rp2_common/pico_printf/printf.c.obj
 .text._ntoa_format
                0x100024ec      0x1cc blade/CMakeFiles/blade_fw.dir/C_/Users/callo/pico-sdk/src/rp2_common/pico_printf/printf.c.obj
 .text._out_char
                0x100026b8       0x10 blade/CMakeFiles/blade_fw.dir/C_/Users/callo/pico-sdk/src/rp2_common/pico_printf/printf.c.obj
 .text._out_fct
                0x100026c8       0x10 blade/CMakeFiles/blade_fw.dir/C_/Users/callo/pico-sdk/src/rp2_common/pico_printf/printf.c.obj
 .text._ftoa    0x100026d8      0x4a8 blade/CMakeFiles/blade_fw.dir/C_/Users/callo/pico-sdk/src/rp2_common/pico_printf/printf.c.obj
 .text._etoa    0x10002b80      0x57c blade/CMakeFiles/blade_fw.dir/C_/Users/callo/pico-sdk/src/rp2_common/pico_printf/printf.c.obj
 .text._vsnprintf
                0x100030fc      0xbe0 blade/CMakeFiles/blade_fw.dir/C_/Users/callo/pico-sdk/src/rp2_common/pico_printf/printf.c.obj
 .text.vfctprintf
                0x10003cdc       0x24 blade/CMakeFiles/blade_fw.dir/C_/Users/callo/pico-sdk/src/rp2_common/pico_printf/printf.c.obj
                0x10003cdc                vfctprintf
 .text.weak_raw_vprintf
                0x10003d00       0x30 blade/CMakeFiles/blade_fw.dir/C_/Users/callo/pico-sdk/src/rp2_common/pico_printf/printf.c.obj
                0x10003d00                weak_raw_vprintf
 .text._exit    0x10003d30        0x4 blade/CMakeFiles/blade_fw.dir/C_/Users/callo/pico-sdk/src/rp2_common/pico_clib_interface/newlib_interface.c.obj
                0x10003d30                _exit
 .text._sbrk    0x10003d34       0x34 blade/CMakeFiles/blade_fw.dir/C_/Users/callo/pico-sdk/src/rp2_common/pico_clib_interface/newlib_interface.c.obj
                0x10003d34                _sbrk
 .text._read    0x10003d68       0x24 blade/CMakeFiles/blade_fw.dir/C_/Users/callo/pico-sdk/src/rp2_common/pico_clib_interface/newlib_interface.c.obj
                0x10003d68                _read
 .text._write   0x10003d8c       0x24 blade/CMakeFiles/blade_fw.dir/C_/Users/callo/pico-sdk/src/rp2_common/pico_clib_interface/newlib_interface.c.obj
                0x10003d8c                _write
 .text._close   0x10003db0        0x8 blade/CMakeFiles/blade_fw.dir/C_/Users/callo/pico-sdk/src/rp2_common/pico_clib_interface/newlib_interface.c.obj
                0x10003db0                _close
 .text._lseek   0x10003db8        0x8 blade/CMakeFiles/blade_fw.dir/C_/Users/callo/pico-sdk/src/rp2_common/pico_clib_interface/newlib_interface.c.obj
                0x10003db8                _lseek
 .text._fstat   0x10003dc0        0x8 blade/CMakeFiles/blade_fw.dir/C_/Users/callo/pico-sdk/src/rp2_common/pico_clib_interface/newlib_interface.c.obj
                0x10003dc0                _fstat
 .text._isatty  0x10003dc8        0xc blade/CMakeFiles/blade_fw.dir/C_/Users/callo/pico-sdk/src/rp2_common/pico_clib_interface/newlib_interface.c.obj
                0x10003dc8                _isatty
 .text.exit     0x10003dd4        0x8 blade/CMakeFiles/blade_fw.dir/C_/Users/callo/pico-sdk/src/rp2_common/pico_clib_interface/newlib_interface.c.obj
                0x10003dd4                exit
 .text.runtime_init
                0x10003ddc       0x2c blade/CMakeFiles/blade_fw.dir/C_/Users/callo/pico-sdk/src/rp2_common/pico_clib_interface/newlib_interface.c.obj
                0x10003ddc                runtime_init
 .text.stdio_out_chars_no_crlf
                0x10003e08       0x10 blade/CMakeFiles/blade_fw.dir/C_/Users/callo/pico-sdk/src/rp2_common/pico_stdio/stdio.c.obj
 .text.stdio_out_chars_crlf
                0x10003e18       0xb0 blade/CMakeFiles/blade_fw.dir/C_/Users/callo/pico-sdk/src/rp2_common/pico_stdio/stdio.c.obj
 .text.stdio_buffered_printer
                0x10003ec8       0x64 blade/CMakeFiles/blade_fw.dir/C_/Users/callo/pico-sdk/src/rp2_common/pico_stdio/stdio.c.obj
 .text.stdio_put_string
                0x10003f2c       0xfc blade/CMakeFiles/blade_fw.dir/C_/Users/callo/pico-sdk/src/rp2_common/pico_stdio/stdio.c.obj
                0x10003f2c                stdio_put_string
 .text.stdio_get_until
                0x10004028       0x84 blade/CMakeFiles/blade_fw.dir/C_/Users/callo/pico-sdk/src/rp2_common/pico_stdio/stdio.c.obj
                0x10004028                stdio_get_until
 .text.stdio_set_driver_enabled
                0x100040ac       0x30 blade/CMakeFiles/blade_fw.dir/C_/Users/callo/pico-sdk/src/rp2_common/pico_stdio/stdio.c.obj
                0x100040ac                stdio_set_driver_enabled
 .text.stdio_init_all
                0x100040dc        0x8 blade/CMakeFiles/blade_fw.dir/C_/Users/callo/pico-sdk/src/rp2_common/pico_stdio/stdio.c.obj
                0x100040dc                stdio_init_all
 .text.stdio_getchar_timeout_us
                0x100040e4       0x98 blade/CMakeFiles/blade_fw.dir/C_/Users/callo/pico-sdk/src/rp2_common/pico_stdio/stdio.c.obj
                0x100040e4                stdio_getchar_timeout_us
 .text.__wrap_putchar
                0x1000417c       0x94 blade/CMakeFiles/blade_fw.dir/C_/Users/callo/pico-sdk/src/rp2_common/pico_stdio/stdio.c.obj
                0x1000417c                __wrap_putchar
                0x1000417c                stdio_putchar
 .text.__wrap_puts
                0x10004210       0x3c blade/CMakeFiles/blade_fw.dir/C_/Users/callo/pico-sdk/src/rp2_common/pico_stdio/stdio.c.obj
                0x10004210                stdio_puts
                0x10004210                __wrap_puts
 .text.__wrap_vprintf
                0x1000424c       0xcc blade/CMakeFiles/blade_fw.dir/C_/Users/callo/pico-sdk/src/rp2_common/pico_stdio/stdio.c.obj
                0x1000424c                stdio_vprintf
                0x1000424c                __wrap_vprintf
 .text.__wrap_printf
                0x10004318       0x18 blade/CMakeFiles/blade_fw.dir/C_/Users/callo/pico-sdk/src/rp2_common/pico_stdio/stdio.c.obj
                0x10004318                __wrap_printf
                0x10004318                stdio_printf
 .text.resetd_init
                0x10004330        0x4 blade/CMakeFiles/blade_fw.dir/C_/Users/callo/pico-sdk/src/rp2_common/pico_stdio_usb/reset_interface.c.obj
 .text.resetd_reset
                0x10004334        0xc blade/CMakeFiles/blade_fw.dir/C_/Users/callo/pico-sdk/src/rp2_common/pico_stdio_usb/reset_interface.c.obj
 .text.resetd_open
                0x10004340       0x28 blade/CMakeFiles/blade_fw.dir/C_/Users/callo/pico-sdk/src/rp2_common/pico_stdio_usb/reset_interface.c.obj
 .text.resetd_xfer_cb
                0x10004368        0x4 blade/CMakeFiles/blade_fw.dir/C_/Users/callo/pico-sdk/src/rp2_common/pico_stdio_usb/reset_interface.c.obj
 .text.resetd_control_xfer_cb
                0x1000436c       0x54 blade/CMakeFiles/blade_fw.dir/C_/Users/callo/pico-sdk/src/rp2_common/pico_stdio_usb/reset_interface.c.obj
 .text.tud_descriptor_bos_cb
                0x100043c0        0x8 blade/CMakeFiles/blade_fw.dir/C_/Users/callo/pico-sdk/src/rp2_common/pico_stdio_usb/reset_interface.c.obj
                0x100043c0                tud_descriptor_bos_cb
 .text.tud_vendor_control_xfer_cb
                0x100043c8       0x34 blade/CMakeFiles/blade_fw.dir/C_/Users/callo/pico-sdk/src/rp2_common/pico_stdio_usb/reset_interface.c.obj
                0x100043c8                tud_vendor_control_xfer_cb
 .text.usbd_app_driver_get_cb
                0x100043fc        0xc blade/CMakeFiles/blade_fw.dir/C_/Users/callo/pico-sdk/src/rp2_common/pico_stdio_usb/reset_interface.c.obj
                0x100043fc                usbd_app_driver_get_cb
 .text.tud_cdc_line_coding_cb
                0x10004408       0x2c blade/CMakeFiles/blade_fw.dir/C_/Users/callo/pico-sdk/src/rp2_common/pico_stdio_usb/reset_interface.c.obj
                0x10004408                tud_cdc_line_coding_cb
 .text.stdio_usb_set_chars_available_callback
                0x10004434       0x14 blade/CMakeFiles/blade_fw.dir/C_/Users/callo/pico-sdk/src/rp2_common/pico_stdio_usb/stdio_usb.c.obj
                0x10004434                stdio_usb_set_chars_available_callback
 .text.usb_irq  0x10004448       0x10 blade/CMakeFiles/blade_fw.dir/C_/Users/callo/pico-sdk/src/rp2_common/pico_stdio_usb/stdio_usb.c.obj
 .text.timer_task
                0x10004458       0x64 blade/CMakeFiles/blade_fw.dir/C_/Users/callo/pico-sdk/src/rp2_common/pico_stdio_usb/stdio_usb.c.obj
 .text.stdio_usb_in_chars
                0x100044bc       0x8c blade/CMakeFiles/blade_fw.dir/C_/Users/callo/pico-sdk/src/rp2_common/pico_stdio_usb/stdio_usb.c.obj
                0x100044bc                stdio_usb_in_chars
 .text.stdio_usb_out_flush
                0x10004548       0x4c blade/CMakeFiles/blade_fw.dir/C_/Users/callo/pico-sdk/src/rp2_common/pico_stdio_usb/stdio_usb.c.obj
 .text.stdio_usb_out_chars
                0x10004594      0x100 blade/CMakeFiles/blade_fw.dir/C_/Users/callo/pico-sdk/src/rp2_common/pico_stdio_usb/stdio_usb.c.obj
 .text.low_priority_worker_irq
                0x10004694       0xc8 blade/CMakeFiles/blade_fw.dir/C_/Users/callo/pico-sdk/src/rp2_common/pico_stdio_usb/stdio_usb.c.obj
 .text.stdio_usb_init
                0x1000475c       0xe8 blade/CMakeFiles/blade_fw.dir/C_/Users/callo/pico-sdk/src/rp2_common/pico_stdio_usb/stdio_usb.c.obj
                0x1000475c                stdio_usb_init
 .text.tud_descriptor_device_cb
                0x10004844        0x8 blade/CMakeFiles/blade_fw.dir/C_/Users/callo/pico-sdk/src/rp2_common/pico_stdio_usb/stdio_usb_descriptors.c.obj
                0x10004844                tud_descriptor_device_cb
 .text.tud_descriptor_configuration_cb
                0x1000484c        0x8 blade/CMakeFiles/blade_fw.dir/C_/Users/callo/pico-sdk/src/rp2_common/pico_stdio_usb/stdio_usb_descriptors.c.obj
                0x1000484c                tud_descriptor_configuration_cb
 .text.tud_descriptor_string_cb
                0x10004854       0x78 blade/CMakeFiles/blade_fw.dir/C_/Users/callo/pico-sdk/src/rp2_common/pico_stdio_usb/stdio_usb_descriptors.c.obj
                0x10004854                tud_descriptor_string_cb
 .text.startup._retrieve_unique_id_on_boot
                0x100048cc       0x10 blade/CMakeFiles/blade_fw.dir/C_/Users/callo/pico-sdk/src/rp2_common/pico_unique_id/unique_id.c.obj
 .text.pico_get_unique_board_id_string
                0x100048dc      0x1a8 blade/CMakeFiles/blade_fw.dir/C_/Users/callo/pico-sdk/src/rp2_common/pico_unique_id/unique_id.c.obj
                0x100048dc                pico_get_unique_board_id_string
 .text.flash_get_unique_id
                0x10004a84       0x3c blade/CMakeFiles/blade_fw.dir/C_/Users/callo/pico-sdk/src/rp2_common/hardware_flash/flash.c.obj
                0x10004a84                flash_get_unique_id
 .text.dcd_init
                0x10004ac0       0x90 blade/CMakeFiles/blade_fw.dir/C_/Users/callo/pico-sdk/lib/tinyusb/src/portable/raspberrypi/rp2040/dcd_rp2040.c.obj
                0x10004ac0                dcd_init
 .text.dcd_int_enable
                0x10004b50        0xc blade/CMakeFiles/blade_fw.dir/C_/Users/callo/pico-sdk/lib/tinyusb/src/portable/raspberrypi/rp2040/dcd_rp2040.c.obj
                0x10004b50                dcd_int_enable
 .text.dcd_set_address
                0x10004b5c       0x14 blade/CMakeFiles/blade_fw.dir/C_/Users/callo/pico-sdk/lib/tinyusb/src/portable/raspberrypi/rp2040/dcd_rp2040.c.obj
                0x10004b5c                dcd_set_address
 .text.dcd_sof_enable
                0x10004b70       0x1c blade/CMakeFiles/blade_fw.dir/C_/Users/callo/pico-sdk/lib/tinyusb/src/portable/raspberrypi/rp2040/dcd_rp2040.c.obj
                0x10004b70                dcd_sof_enable
 .text.dcd_edpt0_status_complete
                0x10004b8c       0x1c blade/CMakeFiles/blade_fw.dir/C_/Users/callo/pico-sdk/lib/tinyusb/src/portable/raspberrypi/rp2040/dcd_rp2040.c.obj
                0x10004b8c                dcd_edpt0_status_complete
 .text.dcd_edpt_open
                0x10004ba8      0x114 blade/CMakeFiles/blade_fw.dir/C_/Users/callo/pico-sdk/lib/tinyusb/src/portable/raspberrypi/rp2040/dcd_rp2040.c.obj
                0x10004ba8                dcd_edpt_open
 .text.dcd_edpt_close_all
                0x10004cbc        0x8 blade/CMakeFiles/blade_fw.dir/C_/Users/callo/pico-sdk/lib/tinyusb/src/portable/raspberrypi/rp2040/dcd_rp2040.c.obj
                0x10004cbc                dcd_edpt_close_all
 .text.dcd_edpt_xfer
                0x10004cc4       0x24 blade/CMakeFiles/blade_fw.dir/C_/Users/callo/pico-sdk/lib/tinyusb/src/portable/raspberrypi/rp2040/dcd_rp2040.c.obj
                0x10004cc4                dcd_edpt_xfer
 .text.dcd_edpt_stall
                0x10004ce8       0x3c blade/CMakeFiles/blade_fw.dir/C_/Users/callo/pico-sdk/lib/tinyusb/src/portable/raspberrypi/rp2040/dcd_rp2040.c.obj
                0x10004ce8                dcd_edpt_stall
 .text.dcd_edpt_clear_stall
                0x10004d24       0x30 blade/CMakeFiles/blade_fw.dir/C_/Users/callo/pico-sdk/lib/tinyusb/src/portable/raspberrypi/rp2040/dcd_rp2040.c.obj
                0x10004d24                dcd_edpt_clear_stall
 .text.rp2040_usb_init
                0x10004d54       0x40 blade/CMakeFiles/blade_fw.dir/C_/Users/callo/pico-sdk/lib/tinyusb/src/portable/raspberrypi/rp2040/rp2040_usb.c.obj
                0x10004d54                rp2040_usb_init
 .text.hw_endpoint_xfer_start
                0x10004d94       0x40 blade/CMakeFiles/blade_fw.dir/C_/Users/callo/pico-sdk/lib/tinyusb/src/portable/raspberrypi/rp2040/rp2040_usb.c.obj
                0x10004d94                hw_endpoint_xfer_start
 .text.tud_event_hook_cb
                0x10004dd4        0x4 blade/CMakeFiles/blade_fw.dir/C_/Users/callo/pico-sdk/lib/tinyusb/src/device/usbd.c.obj
                0x10004dd4                tud_event_hook_cb
 .text.tud_sof_cb
                0x10004dd8        0x4 blade/CMakeFiles/blade_fw.dir/C_/Users/callo/pico-sdk/lib/tinyusb/src/device/usbd.c.obj
                0x10004dd8                tud_sof_cb
 .text.tud_descriptor_device_qualifier_cb
                0x10004ddc        0x4 blade/CMakeFiles/blade_fw.dir/C_/Users/callo/pico-sdk/lib/tinyusb/src/device/usbd.c.obj
                0x10004ddc                tud_descriptor_device_qualifier_cb
 .text.tud_descriptor_other_speed_configuration_cb
                0x10004de0        0x4 blade/CMakeFiles/blade_fw.dir/C_/Users/callo/pico-sdk/lib/tinyusb/src/device/usbd.c.obj
                0x10004de0                tud_descriptor_other_speed_configuration_cb
 .text.tud_mount_cb
                0x10004de4        0x4 blade/CMakeFiles/blade_fw.dir/C_/Users/callo/pico-sdk/lib/tinyusb/src/device/usbd.c.obj
                0x10004de4                tud_mount_cb
 .text.tud_umount_cb
                0x10004de8        0x4 blade/CMakeFiles/blade_fw.dir/C_/Users/callo/pico-sdk/lib/tinyusb/src/device/usbd.c.obj
                0x10004de8                tud_umount_cb
 .text.tud_suspend_cb
                0x10004dec        0x4 blade/CMakeFiles/blade_fw.dir/C_/Users/callo/pico-sdk/lib/tinyusb/src/device/usbd.c.obj
                0x10004dec                tud_suspend_cb
 .text.tud_resume_cb
                0x10004df0        0x4 blade/CMakeFiles/blade_fw.dir/C_/Users/callo/pico-sdk/lib/tinyusb/src/device/usbd.c.obj
                0x10004df0                tud_resume_cb
 .text.tud_mounted
                0x10004df4       0x10 blade/CMakeFiles/blade_fw.dir/C_/Users/callo/pico-sdk/lib/tinyusb/src/device/usbd.c.obj
                0x10004df4                tud_mounted
 .text.tud_suspended
                0x10004e04       0x10 blade/CMakeFiles/blade_fw.dir/C_/Users/callo/pico-sdk/lib/tinyusb/src/device/usbd.c.obj
                0x10004e04                tud_suspended
 .text.tud_rhport_init
                0x10004e14       0xf4 blade/CMakeFiles/blade_fw.dir/C_/Users/callo/pico-sdk/lib/tinyusb/src/device/usbd.c.obj
                0x10004e14                tud_rhport_init
 .text.tud_task_ext
                0x10004f08      0x800 blade/CMakeFiles/blade_fw.dir/C_/Users/callo/pico-sdk/lib/tinyusb/src/device/usbd.c.obj
                0x10004f08                tud_task_ext
 .text.usbd_open_edpt_pair
                0x10005708       0x9c blade/CMakeFiles/blade_fw.dir/C_/Users/callo/pico-sdk/lib/tinyusb/src/device/usbd.c.obj
                0x10005708                usbd_open_edpt_pair
 .text.usbd_edpt_open
                0x100057a4       0x34 blade/CMakeFiles/blade_fw.dir/C_/Users/callo/pico-sdk/lib/tinyusb/src/device/usbd.c.obj
                0x100057a4                usbd_edpt_open
 .text.usbd_edpt_claim
                0x100057d8       0x28 blade/CMakeFiles/blade_fw.dir/C_/Users/callo/pico-sdk/lib/tinyusb/src/device/usbd.c.obj
                0x100057d8                usbd_edpt_claim
 .text.usbd_edpt_release
                0x10005800       0x28 blade/CMakeFiles/blade_fw.dir/C_/Users/callo/pico-sdk/lib/tinyusb/src/device/usbd.c.obj
                0x10005800                usbd_edpt_release
 .text.usbd_edpt_xfer
                0x10005828       0x4c blade/CMakeFiles/blade_fw.dir/C_/Users/callo/pico-sdk/lib/tinyusb/src/device/usbd.c.obj
                0x10005828                usbd_edpt_xfer
 .text.tud_control_status
                0x10005874       0x2c blade/CMakeFiles/blade_fw.dir/C_/Users/callo/pico-sdk/lib/tinyusb/src/device/usbd_control.c.obj
                0x10005874                tud_control_status
 .text.tud_control_xfer
                0x100058a0       0xa8 blade/CMakeFiles/blade_fw.dir/C_/Users/callo/pico-sdk/lib/tinyusb/src/device/usbd_control.c.obj
                0x100058a0                tud_control_xfer
 .text.usbd_control_reset
                0x10005948       0x14 blade/CMakeFiles/blade_fw.dir/C_/Users/callo/pico-sdk/lib/tinyusb/src/device/usbd_control.c.obj
                0x10005948                usbd_control_reset
 .text.usbd_control_set_complete_callback
                0x1000595c        0xc blade/CMakeFiles/blade_fw.dir/C_/Users/callo/pico-sdk/lib/tinyusb/src/device/usbd_control.c.obj
                0x1000595c                usbd_control_set_complete_callback
 .text.usbd_control_set_request
                0x10005968       0x1c blade/CMakeFiles/blade_fw.dir/C_/Users/callo/pico-sdk/lib/tinyusb/src/device/usbd_control.c.obj
                0x10005968                usbd_control_set_request
 .text.usbd_control_xfer_cb
                0x10005984       0xec blade/CMakeFiles/blade_fw.dir/C_/Users/callo/pico-sdk/lib/tinyusb/src/device/usbd_control.c.obj
                0x10005984                usbd_control_xfer_cb
 .text._prep_out_transaction.isra.0
                0x10005a70       0x6c blade/CMakeFiles/blade_fw.dir/C_/Users/callo/pico-sdk/lib/tinyusb/src/class/cdc/cdc_device.c.obj
 .text.tud_cdc_n_connected
                0x10005adc       0x2c blade/CMakeFiles/blade_fw.dir/C_/Users/callo/pico-sdk/lib/tinyusb/src/class/cdc/cdc_device.c.obj
                0x10005adc                tud_cdc_n_connected
 .text.tud_cdc_n_available
                0x10005b08       0x14 blade/CMakeFiles/blade_fw.dir/C_/Users/callo/pico-sdk/lib/tinyusb/src/class/cdc/cdc_device.c.obj
                0x10005b08                tud_cdc_n_available
 .text.tud_cdc_n_read
                0x10005b1c       0x88 blade/CMakeFiles/blade_fw.dir/C_/Users/callo/pico-sdk/lib/tinyusb/src/class/cdc/cdc_device.c.obj
                0x10005b1c                tud_cdc_n_read
 .text.tud_cdc_n_write_flush
                0x10005ba4       0x74 blade/CMakeFiles/blade_fw.dir/C_/Users/callo/pico-sdk/lib/tinyusb/src/class/cdc/cdc_device.c.obj
                0x10005ba4                tud_cdc_n_write_flush
 .text.tud_cdc_n_write
                0x10005c18       0x40 blade/CMakeFiles/blade_fw.dir/C_/Users/callo/pico-sdk/lib/tinyusb/src/class/cdc/cdc_device.c.obj
                0x10005c18                tud_cdc_n_write
 .text.tud_cdc_n_write_available
                0x10005c58       0x14 blade/CMakeFiles/blade_fw.dir/C_/Users/callo/pico-sdk/lib/tinyusb/src/class/cdc/cdc_device.c.obj
                0x10005c58                tud_cdc_n_write_available
 .text.cdcd_init
                0x10005c6c       0x70 blade/CMakeFiles/blade_fw.dir/C_/Users/callo/pico-sdk/lib/tinyusb/src/class/cdc/cdc_device.c.obj
                0x10005c6c                cdcd_init
 .text.cdcd_deinit
                0x10005cdc       0x30 blade/CMakeFiles/blade_fw.dir/C_/Users/callo/pico-sdk/lib/tinyusb/src/class/cdc/cdc_device.c.obj
                0x10005cdc                cdcd_deinit
 .text.cdcd_reset
                0x10005d0c       0x4c blade/CMakeFiles/blade_fw.dir/C_/Users/callo/pico-sdk/lib/tinyusb/src/class/cdc/cdc_device.c.obj
                0x10005d0c                cdcd_reset
 .text.cdcd_open
                0x10005d58       0xa4 blade/CMakeFiles/blade_fw.dir/C_/Users/callo/pico-sdk/lib/tinyusb/src/class/cdc/cdc_device.c.obj
                0x10005d58                cdcd_open
 .text.cdcd_control_xfer_cb
                0x10005dfc       0xe8 blade/CMakeFiles/blade_fw.dir/C_/Users/callo/pico-sdk/lib/tinyusb/src/class/cdc/cdc_device.c.obj
                0x10005dfc                cdcd_control_xfer_cb
 .text.cdcd_xfer_cb
                0x10005ee4      0x100 blade/CMakeFiles/blade_fw.dir/C_/Users/callo/pico-sdk/lib/tinyusb/src/class/cdc/cdc_device.c.obj
                0x10005ee4                cdcd_xfer_cb
 .text.vendord_init
                0x10005fe4       0x5c blade/CMakeFiles/blade_fw.dir/C_/Users/callo/pico-sdk/lib/tinyusb/src/class/vendor/vendor_device.c.obj
                0x10005fe4                vendord_init
 .text.vendord_deinit
                0x10006040       0x1c blade/CMakeFiles/blade_fw.dir/C_/Users/callo/pico-sdk/lib/tinyusb/src/class/vendor/vendor_device.c.obj
                0x10006040                vendord_deinit
 .text.vendord_reset
                0x1000605c       0x28 blade/CMakeFiles/blade_fw.dir/C_/Users/callo/pico-sdk/lib/tinyusb/src/class/vendor/vendor_device.c.obj
                0x1000605c                vendord_reset
 .text.vendord_open
                0x10006084      0x120 blade/CMakeFiles/blade_fw.dir/C_/Users/callo/pico-sdk/lib/tinyusb/src/class/vendor/vendor_device.c.obj
                0x10006084                vendord_open
 .text.vendord_xfer_cb
                0x100061a4       0x9c blade/CMakeFiles/blade_fw.dir/C_/Users/callo/pico-sdk/lib/tinyusb/src/class/vendor/vendor_device.c.obj
                0x100061a4                vendord_xfer_cb
 .text.tusb_rhport_init
                0x10006240       0x4c blade/CMakeFiles/blade_fw.dir/C_/Users/callo/pico-sdk/lib/tinyusb/src/tusb.c.obj
                0x10006240                tusb_rhport_init
 .text.tu_edpt_claim
                0x1000628c       0x50 blade/CMakeFiles/blade_fw.dir/C_/Users/callo/pico-sdk/lib/tinyusb/src/tusb.c.obj
                0x1000628c                tu_edpt_claim
 .text.tu_edpt_release
                0x100062dc       0x38 blade/CMakeFiles/blade_fw.dir/C_/Users/callo/pico-sdk/lib/tinyusb/src/tusb.c.obj
                0x100062dc                tu_edpt_release
 .text.tu_edpt_validate
                0x10006314       0x7c blade/CMakeFiles/blade_fw.dir/C_/Users/callo/pico-sdk/lib/tinyusb/src/tusb.c.obj
                0x10006314                tu_edpt_validate
 .text.tu_edpt_bind_driver
                0x10006390       0x34 blade/CMakeFiles/blade_fw.dir/C_/Users/callo/pico-sdk/lib/tinyusb/src/tusb.c.obj
                0x10006390                tu_edpt_bind_driver
 .text.tu_edpt_stream_init
                0x100063c4       0x6c blade/CMakeFiles/blade_fw.dir/C_/Users/callo/pico-sdk/lib/tinyusb/src/tusb.c.obj
                0x100063c4                tu_edpt_stream_init
 .text.tu_edpt_stream_deinit
                0x10006430        0x4 blade/CMakeFiles/blade_fw.dir/C_/Users/callo/pico-sdk/lib/tinyusb/src/tusb.c.obj
                0x10006430                tu_edpt_stream_deinit
 .text.tu_edpt_stream_write_zlp_if_needed
                0x10006434       0x68 blade/CMakeFiles/blade_fw.dir/C_/Users/callo/pico-sdk/lib/tinyusb/src/tusb.c.obj
                0x10006434                tu_edpt_stream_write_zlp_if_needed
 .text.tu_edpt_stream_write_xfer
                0x1000649c       0x68 blade/CMakeFiles/blade_fw.dir/C_/Users/callo/pico-sdk/lib/tinyusb/src/tusb.c.obj
                0x1000649c                tu_edpt_stream_write_xfer
 .text.tu_edpt_stream_read_xfer
                0x10006504       0xd8 blade/CMakeFiles/blade_fw.dir/C_/Users/callo/pico-sdk/lib/tinyusb/src/tusb.c.obj
                0x10006504                tu_edpt_stream_read_xfer
 .text.tu_fifo_config
                0x100065dc       0x6c blade/CMakeFiles/blade_fw.dir/C_/Users/callo/pico-sdk/lib/tinyusb/src/common/tusb_fifo.c.obj
                0x100065dc                tu_fifo_config
 .text.tu_fifo_count
                0x10006648       0x2c blade/CMakeFiles/blade_fw.dir/C_/Users/callo/pico-sdk/lib/tinyusb/src/common/tusb_fifo.c.obj
                0x10006648                tu_fifo_count
 .text.tu_fifo_empty
                0x10006674       0x10 blade/CMakeFiles/blade_fw.dir/C_/Users/callo/pico-sdk/lib/tinyusb/src/common/tusb_fifo.c.obj
                0x10006674                tu_fifo_empty
 .text.tu_fifo_remaining
                0x10006684       0x2c blade/CMakeFiles/blade_fw.dir/C_/Users/callo/pico-sdk/lib/tinyusb/src/common/tusb_fifo.c.obj
                0x10006684                tu_fifo_remaining
 .text.tu_fifo_read
                0x100066b0       0x9c blade/CMakeFiles/blade_fw.dir/C_/Users/callo/pico-sdk/lib/tinyusb/src/common/tusb_fifo.c.obj
                0x100066b0                tu_fifo_read
 .text.tu_fifo_read_n
                0x1000674c       0xe8 blade/CMakeFiles/blade_fw.dir/C_/Users/callo/pico-sdk/lib/tinyusb/src/common/tusb_fifo.c.obj
                0x1000674c                tu_fifo_read_n
 .text.tu_fifo_write
                0x10006834       0xa4 blade/CMakeFiles/blade_fw.dir/C_/Users/callo/pico-sdk/lib/tinyusb/src/common/tusb_fifo.c.obj
                0x10006834                tu_fifo_write
 .text.tu_fifo_write_n
                0x100068d8      0x178 blade/CMakeFiles/blade_fw.dir/C_/Users/callo/pico-sdk/lib/tinyusb/src/common/tusb_fifo.c.obj
                0x100068d8                tu_fifo_write_n
 .text.tu_fifo_clear
                0x10006a50       0x40 blade/CMakeFiles/blade_fw.dir/C_/Users/callo/pico-sdk/lib/tinyusb/src/common/tusb_fifo.c.obj
                0x10006a50                tu_fifo_clear
 .text.tu_fifo_set_overwritable
                0x10006a90       0x48 blade/CMakeFiles/blade_fw.dir/C_/Users/callo/pico-sdk/lib/tinyusb/src/common/tusb_fifo.c.obj
                0x10006a90                tu_fifo_set_overwritable
 .text.send_frame
                0x10006ad8       0x5c common/libsynchron_common.a(proto.c.obj)
 .text.proto_init
                0x10006b34        0x8 common/libsynchron_common.a(proto.c.obj)
                0x10006b34                proto_init
 .text.proto_task
                0x10006b3c       0xb8 common/libsynchron_common.a(proto.c.obj)
                0x10006b3c                proto_task
 .text.flash_init
                0x10006bf4        0x4 common/libsynchron_common.a(flash_if.c.obj)
                0x10006bf4                flash_init
 .text.flash_read_jedec_id
                0x10006bf8        0xc common/libsynchron_common.a(flash_if.c.obj)
                0x10006bf8                flash_read_jedec_id
 .text.crc16_ccitt
                0x10006c04       0xdc common/libsynchron_common.a(crc16_ccitt.c.obj)
                0x10006c04                crc16_ccitt
 .text._malloc_r
                0x10006ce0      0x5cc C:/PROGRA~2/ARMGNU~1/14EFD8~1.2RE/bin/../lib/gcc/arm-none-eabi/14.2.1/thumb/v6-m/nofp\libg.a(libc_a-mallocr.o)
                0x10006ce0                _malloc_r
 .text.__malloc_lock
                0x100072ac       0x10 C:/PROGRA~2/ARMGNU~1/14EFD8~1.2RE/bin/../lib/gcc/arm-none-eabi/14.2.1/thumb/v6-m/nofp\libg.a(libc_a-mlock.o)
                0x100072ac                __malloc_lock
 .text.__malloc_unlock
                0x100072bc       0x10 C:/PROGRA~2/ARMGNU~1/14EFD8~1.2RE/bin/../lib/gcc/arm-none-eabi/14.2.1/thumb/v6-m/nofp\libg.a(libc_a-mlock.o)
                0x100072bc                __malloc_unlock
 .text._realloc_r
                0x100072cc      0x350 C:/PROGRA~2/ARMGNU~1/14EFD8~1.2RE/bin/../lib/gcc/arm-none-eabi/14.2.1/thumb/v6-m/nofp\libg.a(libc_a-reallocr.o)
                0x100072cc                _realloc_r
 .text.__sflush_r
                0x1000761c      0x13c C:/PROGRA~2/ARMGNU~1/14EFD8~1.2RE/bin/../lib/gcc/arm-none-eabi/14.2.1/thumb/v6-m/nofp\libg.a(libc_a-fflush.o)
                0x1000761c                __sflush_r
 .text._fflush_r
                0x10007758       0x68 C:/PROGRA~2/ARMGNU~1/14EFD8~1.2RE/bin/../lib/gcc/arm-none-eabi/14.2.1/thumb/v6-m/nofp\libg.a(libc_a-fflush.o)
                0x10007758                _fflush_r
 .text.fflush   0x100077c0       0x7c C:/PROGRA~2/ARMGNU~1/14EFD8~1.2RE/bin/../lib/gcc/arm-none-eabi/14.2.1/thumb/v6-m/nofp\libg.a(libc_a-fflush.o)
                0x100077c0                fflush
 .text.stdio_exit_handler
                0x1000783c       0x1c C:/PROGRA~2/ARMGNU~1/14EFD8~1.2RE/bin/../lib/gcc/arm-none-eabi/14.2.1/thumb/v6-m/nofp\libg.a(libc_a-findfp.o)
 .text.cleanup_stdio
                0x10007858       0x3c C:/PROGRA~2/ARMGNU~1/14EFD8~1.2RE/bin/../lib/gcc/arm-none-eabi/14.2.1/thumb/v6-m/nofp\libg.a(libc_a-findfp.o)
 .text.global_stdio_init.part.0
                0x10007894      0x118 C:/PROGRA~2/ARMGNU~1/14EFD8~1.2RE/bin/../lib/gcc/arm-none-eabi/14.2.1/thumb/v6-m/nofp\libg.a(libc_a-findfp.o)
 .text.__sinit  0x100079ac       0x38 C:/PROGRA~2/ARMGNU~1/14EFD8~1.2RE/bin/../lib/gcc/arm-none-eabi/14.2.1/thumb/v6-m/nofp\libg.a(libc_a-findfp.o)
                0x100079ac                __sinit
 .text.__sfp_lock_acquire
                0x100079e4       0x10 C:/PROGRA~2/ARMGNU~1/14EFD8~1.2RE/bin/../lib/gcc/arm-none-eabi/14.2.1/thumb/v6-m/nofp\libg.a(libc_a-findfp.o)
                0x100079e4                __sfp_lock_acquire
 .text.__sfp_lock_release
                0x100079f4       0x10 C:/PROGRA~2/ARMGNU~1/14EFD8~1.2RE/bin/../lib/gcc/arm-none-eabi/14.2.1/thumb/v6-m/nofp\libg.a(libc_a-findfp.o)
                0x100079f4                __sfp_lock_release
 .text._fwalk_sglue
                0x10007a04       0x44 C:/PROGRA~2/ARMGNU~1/14EFD8~1.2RE/bin/../lib/gcc/arm-none-eabi/14.2.1/thumb/v6-m/nofp\libg.a(libc_a-fwalk.o)
                0x10007a04                _fwalk_sglue
 .text._fwrite_r
                0x10007a48       0xfc C:/PROGRA~2/ARMGNU~1/14EFD8~1.2RE/bin/../lib/gcc/arm-none-eabi/14.2.1/thumb/v6-m/nofp\libg.a(libc_a-fwrite.o)
                0x10007a48                _fwrite_r
 .text.fwrite   0x10007b44       0x20 C:/PROGRA~2/ARMGNU~1/14EFD8~1.2RE/bin/../lib/gcc/arm-none-eabi/14.2.1/thumb/v6-m/nofp\libg.a(libc_a-fwrite.o)
                0x10007b44                fwrite
 .text.__sread  0x10007b64       0x28 C:/PROGRA~2/ARMGNU~1/14EFD8~1.2RE/bin/../lib/gcc/arm-none-eabi/14.2.1/thumb/v6-m/nofp\libg.a(libc_a-stdio.o)
                0x10007b64                __sread
 .text.__swrite
                0x10007b8c       0x40 C:/PROGRA~2/ARMGNU~1/14EFD8~1.2RE/bin/../lib/gcc/arm-none-eabi/14.2.1/thumb/v6-m/nofp\libg.a(libc_a-stdio.o)
                0x10007b8c                __swrite
 .text.__sseek  0x10007bcc       0x2c C:/PROGRA~2/ARMGNU~1/14EFD8~1.2RE/bin/../lib/gcc/arm-none-eabi/14.2.1/thumb/v6-m/nofp\libg.a(libc_a-stdio.o)
                0x10007bcc                __sseek
 .text.__sclose
                0x10007bf8        0xc C:/PROGRA~2/ARMGNU~1/14EFD8~1.2RE/bin/../lib/gcc/arm-none-eabi/14.2.1/thumb/v6-m/nofp\libg.a(libc_a-stdio.o)
                0x10007bf8                __sclose
 .text.memmove  0x10007c04       0xc4 C:/PROGRA~2/ARMGNU~1/14EFD8~1.2RE/bin/../lib/gcc/arm-none-eabi/14.2.1/thumb/v6-m/nofp\libg.a(libc_a-memmove.o)
                0x10007c04                memmove
 .text._close_r
                0x10007cc8       0x24 C:/PROGRA~2/ARMGNU~1/14EFD8~1.2RE/bin/../lib/gcc/arm-none-eabi/14.2.1/thumb/v6-m/nofp\libg.a(libc_a-closer.o)
                0x10007cc8                _close_r
 .text._lseek_r
                0x10007cec       0x28 C:/PROGRA~2/ARMGNU~1/14EFD8~1.2RE/bin/../lib/gcc/arm-none-eabi/14.2.1/thumb/v6-m/nofp\libg.a(libc_a-lseekr.o)
                0x10007cec                _lseek_r
 .text._read_r  0x10007d14       0x28 C:/PROGRA~2/ARMGNU~1/14EFD8~1.2RE/bin/../lib/gcc/arm-none-eabi/14.2.1/thumb/v6-m/nofp\libg.a(libc_a-readr.o)
                0x10007d14                _read_r
 .text._sbrk_r  0x10007d3c       0x24 C:/PROGRA~2/ARMGNU~1/14EFD8~1.2RE/bin/../lib/gcc/arm-none-eabi/14.2.1/thumb/v6-m/nofp\libg.a(libc_a-sbrkr.o)
                0x10007d3c                _sbrk_r
 .text._write_r
                0x10007d60       0x28 C:/PROGRA~2/ARMGNU~1/14EFD8~1.2RE/bin/../lib/gcc/arm-none-eabi/14.2.1/thumb/v6-m/nofp\libg.a(libc_a-writer.o)
                0x10007d60                _write_r
 .text.__errno  0x10007d88        0xc C:/PROGRA~2/ARMGNU~1/14EFD8~1.2RE/bin/../lib/gcc/arm-none-eabi/14.2.1/thumb/v6-m/nofp\libg.a(libc_a-errno.o)
                0x10007d88                __errno
 .text.__retarget_lock_init_recursive
                0x10007d94        0x4 C:/PROGRA~2/ARMGNU~1/14EFD8~1.2RE/bin/../lib/gcc/arm-none-eabi/14.2.1/thumb/v6-m/nofp\libg.a(libc_a-lock.o)
                0x10007d94                __retarget_lock_init_recursive
 .text.__retarget_lock_close_recursive
                0x10007d98        0x4 C:/PROGRA~2/ARMGNU~1/14EFD8~1.2RE/bin/../lib/gcc/arm-none-eabi/14.2.1/thumb/v6-m/nofp\libg.a(libc_a-lock.o)
                0x10007d98                __retarget_lock_close_recursive
 .text.__retarget_lock_acquire_recursive
                0x10007d9c        0x4 C:/PROGRA~2/ARMGNU~1/14EFD8~1.2RE/bin/../lib/gcc/arm-none-eabi/14.2.1/thumb/v6-m/nofp\libg.a(libc_a-lock.o)
                0x10007d9c                __retarget_lock_acquire_recursive
 .text.__retarget_lock_release_recursive
                0x10007da0        0x4 C:/PROGRA~2/ARMGNU~1/14EFD8~1.2RE/bin/../lib/gcc/arm-none-eabi/14.2.1/thumb/v6-m/nofp\libg.a(libc_a-lock.o)
                0x10007da0                __retarget_lock_release_recursive
 .text.sysconf  0x10007da4       0x1c C:/PROGRA~2/ARMGNU~1/14EFD8~1.2RE/bin/../lib/gcc/arm-none-eabi/14.2.1/thumb/v6-m/nofp\libg.a(libc_a-sysconf.o)
                0x10007da4                sysconf
 .text.strlen   0x10007dc0       0x5c C:/PROGRA~2/ARMGNU~1/14EFD8~1.2RE/bin/../lib/gcc/arm-none-eabi/14.2.1/thumb/v6-m/nofp\libg.a(libc_a-strlen-stub.o)
                0x10007dc0                strlen
 .text._malloc_trim_r
                0x10007e1c       0xb4 C:/PROGRA~2/ARMGNU~1/14EFD8~1.2RE/bin/../lib/gcc/arm-none-eabi/14.2.1/thumb/v6-m/nofp\libg.a(libc_a-freer.o)
                0x10007e1c                _malloc_trim_r
 .text._free_r  0x10007ed0      0x1f0 C:/PROGRA~2/ARMGNU~1/14EFD8~1.2RE/bin/../lib/gcc/arm-none-eabi/14.2.1/thumb/v6-m/nofp\libg.a(libc_a-freer.o)
                0x10007ed0                _free_r
 .text._fclose_r
                0x100080c0       0xcc C:/PROGRA~2/ARMGNU~1/14EFD8~1.2RE/bin/../lib/gcc/arm-none-eabi/14.2.1/thumb/v6-m/nofp\libg.a(libc_a-fclose.o)
                0x100080c0                _fclose_r
 .text.__sfvwrite_r
                0x1000818c      0x2e8 C:/PROGRA~2/ARMGNU~1/14EFD8~1.2RE/bin/../lib/gcc/arm-none-eabi/14.2.1/thumb/v6-m/nofp\libg.a(libc_a-fvwrite.o)
                0x1000818c                __sfvwrite_r
 .text.__swsetup_r
                0x10008474       0xf8 C:/PROGRA~2/ARMGNU~1/14EFD8~1.2RE/bin/../lib/gcc/arm-none-eabi/14.2.1/thumb/v6-m/nofp\libg.a(libc_a-wsetup.o)
                0x10008474                __swsetup_r
 .text.memchr   0x1000856c       0x7c C:/PROGRA~2/ARMGNU~1/14EFD8~1.2RE/bin/../lib/gcc/arm-none-eabi/14.2.1/thumb/v6-m/nofp\libg.a(libc_a-memchr-stub.o)
                0x1000856c                memchr
 .text.__smakebuf_r
                0x100085e8       0xd4 C:/PROGRA~2/ARMGNU~1/14EFD8~1.2RE/bin/../lib/gcc/arm-none-eabi/14.2.1/thumb/v6-m/nofp\libg.a(libc_a-makebuf.o)
                0x100085e8                __smakebuf_r
 .text._fstat_r
                0x100086bc       0x28 C:/PROGRA~2/ARMGNU~1/14EFD8~1.2RE/bin/../lib/gcc/arm-none-eabi/14.2.1/thumb/v6-m/nofp\libg.a(libc_a-fstatr.o)
                0x100086bc                _fstat_r
 .text._isatty_r
                0x100086e4       0x24 C:/PROGRA~2/ARMGNU~1/14EFD8~1.2RE/bin/../lib/gcc/arm-none-eabi/14.2.1/thumb/v6-m/nofp\libg.a(libc_a-isattyr.o)
                0x100086e4                _isatty_r
 *(.fini)
 .fini          0x10008708        0x4 C:/PROGRA~2/ARMGNU~1/14EFD8~1.2RE/bin/../lib/gcc/arm-none-eabi/14.2.1/thumb/v6-m/nofp/crti.o
                0x10008708                _fini
 *fill*         0x1000870c        0x4 
 .fini.__stub   0x10008710       0xc0 linker stubs
 *crtbegin.o(.ctors)
 *crtbegin?.o(.ctors)
 *(EXCLUDE_FILE(*crtend.o *crtend?.o) .ctors)
 *(SORT_BY_NAME(.ctors.*))
 *(.ctors)
 *crtbegin.o(.dtors)
 *crtbegin?.o(.dtors)
 *(EXCLUDE_FILE(*crtend.o *crtend?.o) .dtors)
 *(SORT_BY_NAME(.dtors.*))
 *(.dtors)
                0x100087d0                        . = ALIGN (0x4)
                0x100087d0                        PROVIDE (__preinit_array_start = .)
 *(SORT_BY_NAME(.preinit_array.*))
 .preinit_array.00100
                0x100087d0        0x4 blade/CMakeFiles/blade_fw.dir/C_/Users/callo/pico-sdk/src/rp2_common/pico_runtime_init/runtime_init.c.obj
                0x100087d0                __pre_init_runtime_init_early_resets
 .preinit_array.00101
                0x100087d4        0x4 blade/CMakeFiles/blade_fw.dir/C_/Users/callo/pico-sdk/src/rp2_common/pico_runtime_init/runtime_init.c.obj
                0x100087d4                __pre_init_runtime_init_usb_power_down
 .preinit_array.00275
                0x100087d8        0x4 blade/CMakeFiles/blade_fw.dir/C_/Users/callo/pico-sdk/src/rp2_common/pico_bit_ops/bit_ops_aeabi.S.obj
 .preinit_array.00300
                0x100087dc        0x4 blade/CMakeFiles/blade_fw.dir/C_/Users/callo/pico-sdk/src/rp2_common/pico_mem_ops/mem_ops_aeabi.S.obj
 .preinit_array.00350
                0x100087e0        0x4 blade/CMakeFiles/blade_fw.dir/C_/Users/callo/pico-sdk/src/rp2_common/pico_double/double_aeabi_rp2040.S.obj
 .preinit_array.00350
                0x100087e4        0x4 blade/CMakeFiles/blade_fw.dir/C_/Users/callo/pico-sdk/src/rp2_common/pico_float/float_aeabi_rp2040.S.obj
 .preinit_array.00500
                0x100087e8        0x4 blade/CMakeFiles/blade_fw.dir/C_/Users/callo/pico-sdk/src/rp2_common/pico_runtime_init/runtime_init.c.obj
                0x100087e8                __pre_init_runtime_init_clocks
 .preinit_array.00600
                0x100087ec        0x4 blade/CMakeFiles/blade_fw.dir/C_/Users/callo/pico-sdk/src/rp2_common/pico_runtime_init/runtime_init.c.obj
                0x100087ec                __pre_init_runtime_init_post_clock_resets
 .preinit_array.00700
                0x100087f0        0x4 blade/CMakeFiles/blade_fw.dir/C_/Users/callo/pico-sdk/src/rp2_common/pico_runtime_init/runtime_init.c.obj
                0x100087f0                __pre_init_runtime_init_rp2040_gpio_ie_disable
 .preinit_array.01000
                0x100087f4        0x4 blade/CMakeFiles/blade_fw.dir/C_/Users/callo/pico-sdk/src/rp2_common/pico_runtime_init/runtime_init.c.obj
                0x100087f4                __pre_init_runtime_init_spin_locks_reset
 .preinit_array.01100
                0x100087f8        0x4 blade/CMakeFiles/blade_fw.dir/C_/Users/callo/pico-sdk/src/common/pico_sync/mutex.c.obj
                0x100087f8                __pre_init_runtime_init_mutex
 .preinit_array.10080
                0x100087fc        0x4 blade/CMakeFiles/blade_fw.dir/C_/Users/callo/pico-sdk/src/rp2_common/pico_runtime_init/runtime_init.c.obj
                0x100087fc                __pre_init_runtime_init_install_ram_vector_table
 .preinit_array.11000
                0x10008800        0x4 blade/CMakeFiles/blade_fw.dir/C_/Users/callo/pico-sdk/src/common/pico_time/time.c.obj
                0x10008800                __pre_init_runtime_init_default_alarm_pool
 .preinit_array.YYYYY
                0x10008804        0x4 blade/CMakeFiles/blade_fw.dir/C_/Users/callo/pico-sdk/src/rp2_common/pico_runtime/runtime.c.obj
                0x10008804                __pre_init_first_per_core_initializer
 .preinit_array.ZZZZZ.01200
                0x10008808        0x4 blade/CMakeFiles/blade_fw.dir/C_/Users/callo/pico-sdk/src/rp2_common/hardware_irq/irq.c.obj
                0x10008808                __pre_init_runtime_init_per_core_irq_priorities
 *(.preinit_array)
                0x1000880c                        PROVIDE (__preinit_array_end = .)
                0x1000880c                        . = ALIGN (0x4)
                0x1000880c                        PROVIDE (__init_array_start = .)
 *(SORT_BY_NAME(.init_array.*))
 .init_array.01000
                0x1000880c        0x4 blade/CMakeFiles/blade_fw.dir/C_/Users/callo/pico-sdk/src/rp2_common/pico_unique_id/unique_id.c.obj
 *(.init_array)
 .init_array    0x10008810        0x4 C:/PROGRA~2/ARMGNU~1/14EFD8~1.2RE/bin/../lib/gcc/arm-none-eabi/14.2.1/thumb/v6-m/nofp/crtbegin.o
                0x10008814                        PROVIDE (__init_array_end = .)
                0x10008814                        . = ALIGN (0x4)
                [!provide]                        PROVIDE (__fini_array_start = .)
 *(SORT_BY_NAME(.fini_array.*))
 *(.fini_array)
                [!provide]                        PROVIDE (__fini_array_end = .)
 *(.eh_frame*)
 .eh_frame      0x10008814        0x0 C:/PROGRA~2/ARMGNU~1/14EFD8~1.2RE/bin/../lib/gcc/arm-none-eabi/14.2.1/thumb/v6-m/nofp/crtbegin.o
                0x10008814                        . = ALIGN (0x4)

.glue_7         0x10008814        0x0
 .glue_7        0x10008814        0x0 linker stubs

.glue_7t        0x10008814        0x0
 .glue_7t       0x10008814        0x0 linker stubs

.vfp11_veneer   0x10008814        0x0
 .vfp11_veneer  0x10008814        0x0 linker stubs

.v4_bx          0x10008814        0x0
 .v4_bx         0x10008814        0x0 linker stubs

.iplt           0x10008814        0x0
 .iplt          0x10008814        0x0 C:/PROGRA~2/ARMGNU~1/14EFD8~1.2RE/bin/../lib/gcc/arm-none-eabi/14.2.1/thumb/v6-m/nofp/crtbegin.o

.rodata         0x10008818      0x674
 *(EXCLUDE_FILE(*libm.a: *libc.a:*lib_a-mem*.o *libgcc.a:) .rodata*)
 .rodata.main.str1.4
                0x10008818      0x1c6 blade/CMakeFiles/blade_fw.dir/src/main.c.obj
                                 0x29 (size before relaxing)
 .rodata.panic.str1.4
                0x100089de       0x12 blade/CMakeFiles/blade_fw.dir/C_/Users/callo/pico-sdk/src/rp2_common/pico_platform_panic/panic.c.obj
 .rodata.spin_lock_claim_unused.str1.4
                0x100089de       0x1b blade/CMakeFiles/blade_fw.dir/C_/Users/callo/pico-sdk/src/rp2_common/hardware_sync/sync.c.obj
 .rodata.user_irq_claim_unused.str1.4
                0x100089de       0x1b blade/CMakeFiles/blade_fw.dir/C_/Users/callo/pico-sdk/src/rp2_common/hardware_irq/irq.c.obj
 *fill*         0x100089de        0x2 
 .rodata.at_the_end_of_time
                0x100089e0        0x8 blade/CMakeFiles/blade_fw.dir/C_/Users/callo/pico-sdk/src/common/pico_time/time.c.obj
                0x100089e0                at_the_end_of_time
 .rodata.timer_hardware_alarm_claim.str1.4
                0x100089e8       0x22 blade/CMakeFiles/blade_fw.dir/C_/Users/callo/pico-sdk/src/rp2_common/hardware_timer/timer.c.obj
 .rodata.hard_assertion_failure.str1.4
                0x100089e8        0xc blade/CMakeFiles/blade_fw.dir/C_/Users/callo/pico-sdk/src/rp2_common/pico_runtime/runtime.c.obj
 .rodata.str1.4
                0x100089e8       0x40 blade/CMakeFiles/blade_fw.dir/C_/Users/callo/pico-sdk/src/rp2_common/pico_standard_binary_info/standard_binary_info.c.obj
 .rodata.__bi_84
                0x100089e8        0xc blade/CMakeFiles/blade_fw.dir/C_/Users/callo/pico-sdk/src/rp2_common/pico_standard_binary_info/standard_binary_info.c.obj
 .rodata.__bi_78
                0x100089f4        0xc blade/CMakeFiles/blade_fw.dir/C_/Users/callo/pico-sdk/src/rp2_common/pico_standard_binary_info/standard_binary_info.c.obj
 .rodata.__bi_54
                0x10008a00        0xc blade/CMakeFiles/blade_fw.dir/C_/Users/callo/pico-sdk/src/rp2_common/pico_standard_binary_info/standard_binary_info.c.obj
 .rodata.__bi_48
                0x10008a0c        0xc blade/CMakeFiles/blade_fw.dir/C_/Users/callo/pico-sdk/src/rp2_common/pico_standard_binary_info/standard_binary_info.c.obj
 .rodata.__bi_42
                0x10008a18        0xc blade/CMakeFiles/blade_fw.dir/C_/Users/callo/pico-sdk/src/rp2_common/pico_standard_binary_info/standard_binary_info.c.obj
 .rodata.__bi_34
                0x10008a24        0xc blade/CMakeFiles/blade_fw.dir/C_/Users/callo/pico-sdk/src/rp2_common/pico_standard_binary_info/standard_binary_info.c.obj
 .rodata.__bi_26
                0x10008a30        0xc blade/CMakeFiles/blade_fw.dir/C_/Users/callo/pico-sdk/src/rp2_common/pico_standard_binary_info/standard_binary_info.c.obj
 .rodata._ftoa.str1.4
                0x10008a3c       0x15 blade/CMakeFiles/blade_fw.dir/C_/Users/callo/pico-sdk/src/rp2_common/pico_printf/printf.c.obj
 .rodata._vsnprintf
                0x10008a3c      0x19c blade/CMakeFiles/blade_fw.dir/C_/Users/callo/pico-sdk/src/rp2_common/pico_printf/printf.c.obj
 .rodata.pow10.0
                0x10008bd8       0x50 blade/CMakeFiles/blade_fw.dir/C_/Users/callo/pico-sdk/src/rp2_common/pico_printf/printf.c.obj
 .rodata.crlf_str.0
                0x10008c28        0x2 blade/CMakeFiles/blade_fw.dir/C_/Users/callo/pico-sdk/src/rp2_common/pico_stdio/stdio.c.obj
 *fill*         0x10008c2a        0x2 
 .rodata._resetd_driver
                0x10008c2c       0x20 blade/CMakeFiles/blade_fw.dir/C_/Users/callo/pico-sdk/src/rp2_common/pico_stdio_usb/reset_interface.c.obj
 .rodata.desc_ms_os_20
                0x10008c4c       0xa6 blade/CMakeFiles/blade_fw.dir/C_/Users/callo/pico-sdk/src/rp2_common/pico_stdio_usb/reset_interface.c.obj
 *fill*         0x10008cf2        0x2 
 .rodata.desc_bos
                0x10008cf4       0x21 blade/CMakeFiles/blade_fw.dir/C_/Users/callo/pico-sdk/src/rp2_common/pico_stdio_usb/reset_interface.c.obj
                0x10008cf4                desc_bos
 .rodata.str1.4
                0x10008d15       0x13 blade/CMakeFiles/blade_fw.dir/C_/Users/callo/pico-sdk/src/rp2_common/pico_stdio_usb/stdio_usb.c.obj
 *fill*         0x10008d15        0x3 
 .rodata.__bi_202.0
                0x10008d18        0xc blade/CMakeFiles/blade_fw.dir/C_/Users/callo/pico-sdk/src/rp2_common/pico_stdio_usb/stdio_usb.c.obj
 .rodata.str1.4
                0x10008d24       0x2a blade/CMakeFiles/blade_fw.dir/C_/Users/callo/pico-sdk/src/rp2_common/pico_stdio_usb/stdio_usb_descriptors.c.obj
 .rodata.usbd_desc_str
                0x10008d24       0x18 blade/CMakeFiles/blade_fw.dir/C_/Users/callo/pico-sdk/src/rp2_common/pico_stdio_usb/stdio_usb_descriptors.c.obj
 .rodata.usbd_desc_cfg
                0x10008d3c       0x54 blade/CMakeFiles/blade_fw.dir/C_/Users/callo/pico-sdk/src/rp2_common/pico_stdio_usb/stdio_usb_descriptors.c.obj
 .rodata.usbd_desc_device
                0x10008d90       0x12 blade/CMakeFiles/blade_fw.dir/C_/Users/callo/pico-sdk/src/rp2_common/pico_stdio_usb/stdio_usb_descriptors.c.obj
 .rodata.str1.4
                0x10008da2       0x14 blade/CMakeFiles/blade_fw.dir/C_/Users/callo/pico-sdk/lib/tinyusb/src/portable/raspberrypi/rp2040/dcd_rp2040.c.obj
 .rodata.str1.4
                0x10008da2       0x48 blade/CMakeFiles/blade_fw.dir/C_/Users/callo/pico-sdk/lib/tinyusb/src/portable/raspberrypi/rp2040/rp2040_usb.c.obj
 *fill*         0x10008da2        0x2 
 .rodata.tud_task_ext
                0x10008da4       0x8c blade/CMakeFiles/blade_fw.dir/C_/Users/callo/pico-sdk/lib/tinyusb/src/device/usbd.c.obj
 .rodata        0x10008e30       0x1c blade/CMakeFiles/blade_fw.dir/C_/Users/callo/pico-sdk/lib/tinyusb/src/device/usbd.c.obj
 .rodata._usbd_driver
                0x10008e4c       0x40 blade/CMakeFiles/blade_fw.dir/C_/Users/callo/pico-sdk/lib/tinyusb/src/device/usbd.c.obj
 .rodata.proto_task.str1.4
                0x10008e8c       0x2a common/libsynchron_common.a(proto.c.obj)
                0x10008eb8                        . = ALIGN (0x4)
 *(SORT_BY_ALIGNMENT(SORT_BY_NAME(.flashdata*)))
                0x10008eb8                        . = ALIGN (0x4)

.ARM.extab
 *(.ARM.extab* .gnu.linkonce.armextab.*)
                0x10008e8c                        __exidx_start = .

.ARM.exidx
 *(.ARM.exidx* .gnu.linkonce.armexidx.*)
                0x10008e8c                        __exidx_end = .
                0x10008eb8                        . = ALIGN (0x4)
                0x10008e8c                        __binary_info_start = .

.binary_info    0x10008e8c       0x20
 *(.binary_info.keep.*)
 .binary_info.keep.__bi_ptr84
                0x10008e8c        0x4 blade/CMakeFiles/blade_fw.dir/C_/Users/callo/pico-sdk/src/rp2_common/pico_standard_binary_info/standard_binary_info.c.obj
 .binary_info.keep.__bi_ptr78
                0x10008e90        0x4 blade/CMakeFiles/blade_fw.dir/C_/Users/callo/pico-sdk/src/rp2_common/pico_standard_binary_info/standard_binary_info.c.obj
 .binary_info.keep.__bi_ptr54
                0x10008e94        0x4 blade/CMakeFiles/blade_fw.dir/C_/Users/callo/pico-sdk/src/rp2_common/pico_standard_binary_info/standard_binary_info.c.obj
 .binary_info.keep.__bi_ptr48
                0x10008e98        0x4 blade/CMakeFiles/blade_fw.dir/C_/Users/callo/pico-sdk/src/rp2_common/pico_standard_binary_info/standard_binary_info.c.obj
 .binary_info.keep.__bi_ptr42
                0x10008e9c        0x4 blade/CMakeFiles/blade_fw.dir/C_/Users/callo/pico-sdk/src/rp2_common/pico_standard_binary_info/standard_binary_info.c.obj
 .binary_info.keep.__bi_ptr34
                0x10008ea0        0x4 blade/CMakeFiles/blade_fw.dir/C_/Users/callo/pico-sdk/src/rp2_common/pico_standard_binary_info/standard_binary_info.c.obj
 .binary_info.keep.__bi_ptr26
                0x10008ea4        0x4 blade/CMakeFiles/blade_fw.dir/C_/Users/callo/pico-sdk/src/rp2_common/pico_standard_binary_info/standard_binary_info.c.obj
 *(.binary_info.*)
 .binary_info.__bi_ptr202
                0x10008ea8        0x4 blade/CMakeFiles/blade_fw.dir/C_/Users/callo/pico-sdk/src/rp2_common/pico_stdio_usb/stdio_usb.c.obj
                0x10008eac                        __binary_info_end = .
                0x10008eac                        . = ALIGN (0x4)

.ram_vector_table
                0x20000000       0xc0
 *(.ram_vector_table)
 .ram_vector_table
                0x20000000       0xc0 blade/CMakeFiles/blade_fw.dir/C_/Users/callo/pico-sdk/src/rp2_common/pico_runtime_init/runtime_init.c.obj
                0x20000000                ram_vector_table

.uninitialized_data
                0x200000c0        0x0
                0x200000c0                        . = ALIGN (0x4)
 *(.uninitialized_data*)

.data           0x200000c0     0x1550 load address 0x10008eac
                0x200000c0                        __data_start__ = .
 *(vtable)
 *(.time_critical*)
 .time_critical.mutex_try_enter
                0x200000c0       0x40 blade/CMakeFiles/blade_fw.dir/C_/Users/callo/pico-sdk/src/common/pico_sync/mutex.c.obj
                0x200000c0                mutex_try_enter
 .time_critical.mutex_try_enter_block_until
                0x20000100       0x98 blade/CMakeFiles/blade_fw.dir/C_/Users/callo/pico-sdk/src/common/pico_sync/mutex.c.obj
                0x20000100                mutex_try_enter_block_until
 .time_critical.mutex_enter_timeout_ms
                0x20000198       0x8c blade/CMakeFiles/blade_fw.dir/C_/Users/callo/pico-sdk/src/common/pico_sync/mutex.c.obj
                0x20000198                mutex_enter_timeout_ms
 .time_critical.mutex_exit
                0x20000224       0x28 blade/CMakeFiles/blade_fw.dir/C_/Users/callo/pico-sdk/src/common/pico_sync/mutex.c.obj
                0x20000224                mutex_exit
 .time_critical.flash_init_boot2_copyout
                0x2000024c       0x30 blade/CMakeFiles/blade_fw.dir/C_/Users/callo/pico-sdk/src/rp2_common/hardware_flash/flash.c.obj
 .time_critical.flash_enable_xip_via_boot2
                0x2000027c        0xc blade/CMakeFiles/blade_fw.dir/C_/Users/callo/pico-sdk/src/rp2_common/hardware_flash/flash.c.obj
 .time_critical.flash_save_hardware_state
                0x20000288       0x20 blade/CMakeFiles/blade_fw.dir/C_/Users/callo/pico-sdk/src/rp2_common/hardware_flash/flash.c.obj
 .time_critical.flash_restore_hardware_state
                0x200002a8       0x20 blade/CMakeFiles/blade_fw.dir/C_/Users/callo/pico-sdk/src/rp2_common/hardware_flash/flash.c.obj
 .time_critical.flash_cs_force
                0x200002c8       0x38 blade/CMakeFiles/blade_fw.dir/C_/Users/callo/pico-sdk/src/rp2_common/hardware_flash/flash.c.obj
 .time_critical.flash_do_cmd
                0x20000300      0x13c blade/CMakeFiles/blade_fw.dir/C_/Users/callo/pico-sdk/src/rp2_common/hardware_flash/flash.c.obj
                0x20000300                flash_do_cmd
 .time_critical.reset_non_control_endpoints
                0x2000043c       0x68 blade/CMakeFiles/blade_fw.dir/C_/Users/callo/pico-sdk/lib/tinyusb/src/portable/raspberrypi/rp2040/dcd_rp2040.c.obj
 .time_critical.hw_handle_buff_status
                0x200004a4       0xa0 blade/CMakeFiles/blade_fw.dir/C_/Users/callo/pico-sdk/lib/tinyusb/src/portable/raspberrypi/rp2040/dcd_rp2040.c.obj
 .time_critical.dcd_rp2040_irq
                0x20000544      0x548 blade/CMakeFiles/blade_fw.dir/C_/Users/callo/pico-sdk/lib/tinyusb/src/portable/raspberrypi/rp2040/dcd_rp2040.c.obj
 .time_critical.prepare_ep_buffer
                0x20000a8c       0xc8 blade/CMakeFiles/blade_fw.dir/C_/Users/callo/pico-sdk/lib/tinyusb/src/portable/raspberrypi/rp2040/rp2040_usb.c.obj
 .time_critical.sync_ep_buffer
                0x20000b54       0x9c blade/CMakeFiles/blade_fw.dir/C_/Users/callo/pico-sdk/lib/tinyusb/src/portable/raspberrypi/rp2040/rp2040_usb.c.obj
 .time_critical._hw_endpoint_xfer_sync
                0x20000bf0       0x28 blade/CMakeFiles/blade_fw.dir/C_/Users/callo/pico-sdk/lib/tinyusb/src/portable/raspberrypi/rp2040/rp2040_usb.c.obj
 .time_critical.e15_is_bulkin_ep
                0x20000c18       0x28 blade/CMakeFiles/blade_fw.dir/C_/Users/callo/pico-sdk/lib/tinyusb/src/portable/raspberrypi/rp2040/rp2040_usb.c.obj
 .time_critical.e15_is_critical_frame_period
                0x20000c40       0x34 blade/CMakeFiles/blade_fw.dir/C_/Users/callo/pico-sdk/lib/tinyusb/src/portable/raspberrypi/rp2040/rp2040_usb.c.obj
 .time_critical.hw_endpoint_reset_transfer
                0x20000c74        0xc blade/CMakeFiles/blade_fw.dir/C_/Users/callo/pico-sdk/lib/tinyusb/src/portable/raspberrypi/rp2040/rp2040_usb.c.obj
                0x20000c74                hw_endpoint_reset_transfer
 .time_critical._hw_endpoint_buffer_control_update32
                0x20000c80       0x50 blade/CMakeFiles/blade_fw.dir/C_/Users/callo/pico-sdk/lib/tinyusb/src/portable/raspberrypi/rp2040/rp2040_usb.c.obj
                0x20000c80                _hw_endpoint_buffer_control_update32
 .time_critical.hw_endpoint_start_next_buffer
                0x20000cd0       0x68 blade/CMakeFiles/blade_fw.dir/C_/Users/callo/pico-sdk/lib/tinyusb/src/portable/raspberrypi/rp2040/rp2040_usb.c.obj
                0x20000cd0                hw_endpoint_start_next_buffer
 .time_critical.hw_endpoint_xfer_continue
                0x20000d38       0x40 blade/CMakeFiles/blade_fw.dir/C_/Users/callo/pico-sdk/lib/tinyusb/src/portable/raspberrypi/rp2040/rp2040_usb.c.obj
                0x20000d38                hw_endpoint_xfer_continue
 .time_critical.tinyusb
                0x20000d78      0x1e4 blade/CMakeFiles/blade_fw.dir/C_/Users/callo/pico-sdk/lib/tinyusb/src/device/usbd.c.obj
                0x20000d78                dcd_event_handler
 *(.text*)
 .text          0x20000f5c        0x4 C:/PROGRA~2/ARMGNU~1/14EFD8~1.2RE/bin/../lib/gcc/arm-none-eabi/14.2.1/thumb/v6-m/nofp\libgcc.a(_dvmd_tls.o)
                0x20000f5c                __aeabi_idiv0
                0x20000f5c                __aeabi_ldiv0
 .text.__stub   0x20000f60       0x80 linker stubs
                0x20000fe0                        . = ALIGN (0x4)
 *(.rodata*)
                0x20000fe0                        . = ALIGN (0x4)
 *(.data*)
 .data.striped_spin_lock_num
                0x20000fe0        0x1 blade/CMakeFiles/blade_fw.dir/C_/Users/callo/pico-sdk/src/rp2_common/hardware_sync/sync.c.obj
 *fill*         0x20000fe1        0x3 
 .data          0x20000fe4       0x48 blade/CMakeFiles/blade_fw.dir/C_/Users/callo/pico-sdk/src/rp2_common/hardware_irq/irq_handler_chain.S.obj
                0x20000fe4                irq_handler_chain_slots
                0x20001014                irq_handler_chain_first_slot
                0x2000101e                irq_handler_chain_remove_tail
 .data.default_alarm_pool
                0x2000102c       0x18 blade/CMakeFiles/blade_fw.dir/C_/Users/callo/pico-sdk/src/common/pico_time/time.c.obj
 *fill*         0x20001044        0xc 
 .data.aeabi_bits_funcs
                0x20001050       0x10 blade/CMakeFiles/blade_fw.dir/C_/Users/callo/pico-sdk/src/rp2_common/pico_bit_ops/bit_ops_aeabi.S.obj
                0x20001050                aeabi_bits_funcs
                0x20001060                aeabi_bits_funcs_end
 .data.aeabi_mem_funcs
                0x20001060       0x10 blade/CMakeFiles/blade_fw.dir/C_/Users/callo/pico-sdk/src/rp2_common/pico_mem_ops/mem_ops_aeabi.S.obj
                0x20001060                aeabi_mem_funcs
                0x20001070                aeabi_mem_funcs_end
 .data.stdio_usb
                0x20001070       0x18 blade/CMakeFiles/blade_fw.dir/C_/Users/callo/pico-sdk/src/rp2_common/pico_stdio_usb/stdio_usb.c.obj
                0x20001070                stdio_usb
 .data._usbd_qdef
                0x20001088       0x1c blade/CMakeFiles/blade_fw.dir/C_/Users/callo/pico-sdk/lib/tinyusb/src/device/usbd.c.obj
                0x20001088                _usbd_qdef
 .data._usbd_rhport
                0x200010a4        0x1 blade/CMakeFiles/blade_fw.dir/C_/Users/callo/pico-sdk/lib/tinyusb/src/device/usbd.c.obj
 *fill*         0x200010a5        0x3 
 .data.__malloc_sbrk_base
                0x200010a8        0x4 C:/PROGRA~2/ARMGNU~1/14EFD8~1.2RE/bin/../lib/gcc/arm-none-eabi/14.2.1/thumb/v6-m/nofp\libg.a(libc_a-mallocr.o)
                0x200010a8                __malloc_sbrk_base
 .data.__malloc_trim_threshold
                0x200010ac        0x4 C:/PROGRA~2/ARMGNU~1/14EFD8~1.2RE/bin/../lib/gcc/arm-none-eabi/14.2.1/thumb/v6-m/nofp\libg.a(libc_a-mallocr.o)
                0x200010ac                __malloc_trim_threshold
 .data.__malloc_av_
                0x200010b0      0x408 C:/PROGRA~2/ARMGNU~1/14EFD8~1.2RE/bin/../lib/gcc/arm-none-eabi/14.2.1/thumb/v6-m/nofp\libg.a(libc_a-mallocr.o)
                0x200010b0                __malloc_av_
 .data.__sglue  0x200014b8        0xc C:/PROGRA~2/ARMGNU~1/14EFD8~1.2RE/bin/../lib/gcc/arm-none-eabi/14.2.1/thumb/v6-m/nofp\libg.a(libc_a-findfp.o)
                0x200014b8                __sglue
 .data._impure_ptr
                0x200014c4        0x4 C:/PROGRA~2/ARMGNU~1/14EFD8~1.2RE/bin/../lib/gcc/arm-none-eabi/14.2.1/thumb/v6-m/nofp\libg.a(libc_a-impure.o)
                0x200014c4                _impure_ptr
 .data._impure_data
                0x200014c8      0x140 C:/PROGRA~2/ARMGNU~1/14EFD8~1.2RE/bin/../lib/gcc/arm-none-eabi/14.2.1/thumb/v6-m/nofp\libg.a(libc_a-impure.o)
                0x200014c8                _impure_data
                0x20001608                        . = ALIGN (0x4)
 *(.after_data.*)
                0x20001608                        . = ALIGN (0x4)
                0x20001608                        PROVIDE (__mutex_array_start = .)
 *(SORT_BY_NAME(.mutex_array.*))
 *(.mutex_array)
 .mutex_array   0x20001608        0x8 blade/CMakeFiles/blade_fw.dir/C_/Users/callo/pico-sdk/src/rp2_common/pico_stdio/stdio.c.obj
                0x20001610                        PROVIDE (__mutex_array_end = .)
                0x20001610                        . = ALIGN (0x4)
 *(.jcr)
                0x20001610                        . = ALIGN (0x4)

.tm_clone_table
                0x20001610        0x0 load address 0x1000a3fc
 .tm_clone_table
                0x20001610        0x0 C:/PROGRA~2/ARMGNU~1/14EFD8~1.2RE/bin/../lib/gcc/arm-none-eabi/14.2.1/thumb/v6-m/nofp/crtbegin.o
 .tm_clone_table
                0x20001610        0x0 C:/PROGRA~2/ARMGNU~1/14EFD8~1.2RE/bin/../lib/gcc/arm-none-eabi/14.2.1/thumb/v6-m/nofp/crtend.o

.igot.plt       0x20001610        0x0 load address 0x1000a3fc
 .igot.plt      0x20001610        0x0 C:/PROGRA~2/ARMGNU~1/14EFD8~1.2RE/bin/../lib/gcc/arm-none-eabi/14.2.1/thumb/v6-m/nofp/crtbegin.o

.tdata          0x20001610        0x0 load address 0x1000a3fc
                0x20001610                        . = ALIGN (0x4)
 *(.tdata .tdata.* .gnu.linkonce.td.*)
                0x20001610                        __tdata_end = .
                0x20001610                        PROVIDE (__data_end__ = .)
                0x10008eac                        __etext = LOADADDR (.data)

.tbss           0x20001610        0x0 load address 0x1000a3fc
                0x20001610                        . = ALIGN (0x4)
                0x20001610                        __bss_start__ = .
                0x20001610                        __tls_base = .
 *(.tbss .tbss.* .gnu.linkonce.tb.*)
 *(.tcommon)
                0x20001610                        __tls_end = .

.bss            0x20001610     0x1280 load address 0x1000a3fc
                0x20001610                        . = ALIGN (0x4)
                0x20001610                        __tbss_end = .
 *(SORT_BY_ALIGNMENT(SORT_BY_NAME(.bss*)))
 .bss.default_alarm_pool_entries
                0x20001610      0x180 blade/CMakeFiles/blade_fw.dir/C_/Users/callo/pico-sdk/src/common/pico_time/time.c.obj
 .bss.last_avail_time.1
                0x20001790        0x8 blade/CMakeFiles/blade_fw.dir/C_/Users/callo/pico-sdk/src/rp2_common/pico_stdio_usb/stdio_usb.c.obj
 .bss.sd_table  0x20001798      0x100 blade/CMakeFiles/blade_fw.dir/C_/Users/callo/pico-sdk/src/rp2_common/pico_double/double_init_rom_rp2040.c.obj
                0x20001798                sd_table
 .bss.sf_table  0x20001898      0x100 blade/CMakeFiles/blade_fw.dir/C_/Users/callo/pico-sdk/src/rp2_common/pico_float/float_init_rom_rp2040.c.obj
                0x20001898                sf_table
 .bss.__lock___malloc_recursive_mutex
                0x20001998        0x1 C:/PROGRA~2/ARMGNU~1/14EFD8~1.2RE/bin/../lib/gcc/arm-none-eabi/14.2.1/thumb/v6-m/nofp\libg.a(libc_a-lock.o)
                0x20001998                __lock___malloc_recursive_mutex
 *fill*         0x20001999        0x3 
 .bss.__lock___sfp_recursive_mutex
                0x2000199c        0x1 C:/PROGRA~2/ARMGNU~1/14EFD8~1.2RE/bin/../lib/gcc/arm-none-eabi/14.2.1/thumb/v6-m/nofp\libg.a(libc_a-lock.o)
                0x2000199c                __lock___sfp_recursive_mutex
 *fill*         0x2000199d        0x3 
 .bss.__malloc_current_mallinfo
                0x200019a0       0x28 C:/PROGRA~2/ARMGNU~1/14EFD8~1.2RE/bin/../lib/gcc/arm-none-eabi/14.2.1/thumb/v6-m/nofp\libg.a(libc_a-mallocr.o)
                0x200019a0                __malloc_current_mallinfo
 .bss.__malloc_max_sbrked_mem
                0x200019c8        0x4 C:/PROGRA~2/ARMGNU~1/14EFD8~1.2RE/bin/../lib/gcc/arm-none-eabi/14.2.1/thumb/v6-m/nofp\libg.a(libc_a-mallocr.o)
                0x200019c8                __malloc_max_sbrked_mem
 .bss.__malloc_max_total_mem
                0x200019cc        0x4 C:/PROGRA~2/ARMGNU~1/14EFD8~1.2RE/bin/../lib/gcc/arm-none-eabi/14.2.1/thumb/v6-m/nofp\libg.a(libc_a-mallocr.o)
                0x200019cc                __malloc_max_total_mem
 .bss.__malloc_top_pad
                0x200019d0        0x4 C:/PROGRA~2/ARMGNU~1/14EFD8~1.2RE/bin/../lib/gcc/arm-none-eabi/14.2.1/thumb/v6-m/nofp\libg.a(libc_a-mallocr.o)
                0x200019d0                __malloc_top_pad
 .bss.__sf      0x200019d4      0x138 C:/PROGRA~2/ARMGNU~1/14EFD8~1.2RE/bin/../lib/gcc/arm-none-eabi/14.2.1/thumb/v6-m/nofp\libg.a(libc_a-findfp.o)
                0x200019d4                __sf
 .bss.__stdio_exit_handler
                0x20001b0c        0x4 C:/PROGRA~2/ARMGNU~1/14EFD8~1.2RE/bin/../lib/gcc/arm-none-eabi/14.2.1/thumb/v6-m/nofp\libg.a(libc_a-findfp.o)
                0x20001b0c                __stdio_exit_handler
 .bss._app_driver
                0x20001b10        0x4 blade/CMakeFiles/blade_fw.dir/C_/Users/callo/pico-sdk/lib/tinyusb/src/device/usbd.c.obj
 .bss._cdcd_epbuf
                0x20001b14       0x80 blade/CMakeFiles/blade_fw.dir/C_/Users/callo/pico-sdk/lib/tinyusb/src/class/cdc/cdc_device.c.obj
 .bss._cdcd_fifo_cfg
                0x20001b94        0x1 blade/CMakeFiles/blade_fw.dir/C_/Users/callo/pico-sdk/lib/tinyusb/src/class/cdc/cdc_device.c.obj
 *fill*         0x20001b95        0x3 
 .bss._cdcd_itf
                0x20001b98       0xc8 blade/CMakeFiles/blade_fw.dir/C_/Users/callo/pico-sdk/lib/tinyusb/src/class/cdc/cdc_device.c.obj
 .bss._ctrl_epbuf
                0x20001c60       0x40 blade/CMakeFiles/blade_fw.dir/C_/Users/callo/pico-sdk/lib/tinyusb/src/device/usbd_control.c.obj
 .bss._ctrl_xfer
                0x20001ca0       0x14 blade/CMakeFiles/blade_fw.dir/C_/Users/callo/pico-sdk/lib/tinyusb/src/device/usbd_control.c.obj
 .bss._tusb_rhport_role
                0x20001cb4        0x2 blade/CMakeFiles/blade_fw.dir/C_/Users/callo/pico-sdk/lib/tinyusb/src/tusb.c.obj
                0x20001cb4                _tusb_rhport_role
 *fill*         0x20001cb6        0x2 
 .bss._ubsd_mutexdef
                0x20001cb8        0x8 blade/CMakeFiles/blade_fw.dir/C_/Users/callo/pico-sdk/lib/tinyusb/src/device/usbd.c.obj
 .bss._usbd_dev
                0x20001cc0       0x54 blade/CMakeFiles/blade_fw.dir/C_/Users/callo/pico-sdk/lib/tinyusb/src/device/usbd.c.obj
 .bss._usbd_mutex
                0x20001d14        0x4 blade/CMakeFiles/blade_fw.dir/C_/Users/callo/pico-sdk/lib/tinyusb/src/device/usbd.c.obj
 .bss._usbd_q   0x20001d18        0x4 blade/CMakeFiles/blade_fw.dir/C_/Users/callo/pico-sdk/lib/tinyusb/src/device/usbd.c.obj
 .bss._usbd_qdef_buf
                0x20001d1c       0xc0 blade/CMakeFiles/blade_fw.dir/C_/Users/callo/pico-sdk/lib/tinyusb/src/device/usbd.c.obj
                0x20001d1c                _usbd_qdef_buf
 .bss._vendord_epbuf
                0x20001ddc       0x80 blade/CMakeFiles/blade_fw.dir/C_/Users/callo/pico-sdk/lib/tinyusb/src/class/vendor/vendor_device.c.obj
 .bss._vendord_itf
                0x20001e5c      0x24c blade/CMakeFiles/blade_fw.dir/C_/Users/callo/pico-sdk/lib/tinyusb/src/class/vendor/vendor_device.c.obj
 .bss.boot2_copyout
                0x200020a8      0x100 blade/CMakeFiles/blade_fw.dir/C_/Users/callo/pico-sdk/src/rp2_common/hardware_flash/flash.c.obj
 .bss.chars_available_callback
                0x200021a8        0x4 blade/CMakeFiles/blade_fw.dir/C_/Users/callo/pico-sdk/src/rp2_common/pico_stdio_usb/stdio_usb.c.obj
 .bss.chars_available_param