Archive member included to satisfy reference by file (symbol)

../common/libsynchron_common.a(proto.c.o)
                              CMakeFiles/blade_fw.dir/src/main.c.o (proto_task)
../common/libsynchron_common.a(flash_if.c.o)
                              CMakeFiles/blade_fw.dir/src/main.c.o (flash_init)
../common/libsynchron_common.a(crc16_ccitt.c.o)
                              ../common/libsynchron_common.a(proto.c.o) (crc16_ccitt)
/usr/local/arm-gnu-toolchain-13.2.rel1-darwin-arm64-arm-none-eabi/bin/../lib/gcc/arm-none-eabi/13.2.1/thumb/v6-m/nofp/libgcc.a(_dvmd_tls.o)
                              CMakeFiles/blade_fw.dir/Users/cadeciripompa/pico-sdk/src/rp2_common/pico_divider/divider_hardware.S.o (__aeabi_idiv0)
/usr/local/arm-gnu-toolchain-13.2.rel1-darwin-arm64-arm-none-eabi/bin/../lib/gcc/arm-none-eabi/13.2.1/../../../../arm-none-eabi/lib/thumb/v6-m/nofp/libg.a(libc_a-atoi.o)
                              CMakeFiles/blade_fw.dir/src/player.c.o (atoi)
/usr/local/arm-gnu-toolchain-13.2.rel1-darwin-arm64-arm-none-eabi/bin/../lib/gcc/arm-none-eabi/13.2.1/../../../../arm-none-eabi/lib/thumb/v6-m/nofp/libg.a(libc_a-calloc.o)
                              CMakeFiles/blade_fw.dir/Users/cadeciripompa/pico-sdk/src/rp2_common/pico_malloc/malloc.c.o (calloc)
/usr/local/arm-gnu-toolchain-13.2.rel1-darwin-arm64-arm-none-eabi/bin/../lib/gcc/arm-none-eabi/13.2.1/../../../../arm-none-eabi/lib/thumb/v6-m/nofp/libg.a(libc_a-callocr.o)
                              /usr/local/arm-gnu-toolchain-13.2.rel1-darwin-arm64-arm-none-eabi/bin/../lib/gcc/arm-none-eabi/13.2.1/../../../../arm-none-eabi/lib/thumb/v6-m/nofp/libg.a(libc_a-calloc.o) (_calloc_r)
/usr/local/arm-gnu-toolchain-13.2.rel1-darwin-arm64-arm-none-eabi/bin/../lib/gcc/arm-none-eabi/13.2.1/../../../../arm-none-eabi/lib/thumb/v6-m/nofp/libg.a(libc_a-malloc.o)
                              CMakeFiles/blade_fw.dir/Users/cadeciripompa/pico-sdk/src/rp2_common/pico_malloc/malloc.c.o (malloc)
/usr/local/arm-gnu-toolchain-13.2.rel1-darwin-arm64-arm-none-eabi/bin/../lib/gcc/arm-none-eabi/13.2.1/../../../../arm-none-eabi/lib/thumb/v6-m/nofp/libg.a(libc_a-mallocr.o)
                              /usr/local/arm-gnu-toolchain-13.2.rel1-darwin-arm64-arm-none-eabi/bin/../lib/gcc/arm-none-eabi/13.2.1/../../../../arm-none-eabi/lib/thumb/v6-m/nofp/libg.a(libc_a-callocr.o) (_malloc_r)
/usr/local/arm-gnu-toolchain-13.2.rel1-darwin-arm64-arm-none-eabi/bin/../lib/gcc/arm-none-eabi/13.2.1/../../../../arm-none-eabi/lib/thumb/v6-m/nofp/libg.a(libc_a-mlock.o)
                              /usr/local/arm-gnu-toolchain-13.2.rel1-darwin-arm64-arm-none-eabi/bin/../lib/gcc/arm-none-eabi/13.2.1/../../../../arm-none-eabi/lib/thumb/v6-m/nofp/libg.a(libc_a-mallocr.o) (__malloc_lock)
/usr/local/arm-gnu-toolchain-13.2.rel1-darwin-arm64-arm-none-eabi/bin/../lib/gcc/arm-none-eabi/13.2.1/../../../../arm-none-eabi/lib/thumb/v6-m/nofp/libg.a(libc_a-realloc.o)
                              CMakeFiles/blade_fw.dir/Users/cadeciripompa/pico-sdk/src/rp2_common/pico_malloc/malloc.c.o (realloc)
/usr/local/arm-gnu-toolchain-13.2.rel1-darwin-arm64-arm-none-eabi/bin/../lib/gcc/arm-none-eabi/13.2.1/../../../../arm-none-eabi/lib/thumb/v6-m/nofp/libg.a(libc_a-reallocr.o)
                              /usr/local/arm-gnu-toolchain-13.2.rel1-darwin-arm64-arm-none-eabi/bin/../lib/gcc/arm-none-eabi/13.2.1/../../../../arm-none-eabi/lib/thumb/v6-m/nofp/libg.a(libc_a-realloc.o) (_realloc_r)
/usr/local/arm-gnu-toolchain-13.2.rel1-darwin-arm64-arm-none-eabi/bin/../lib/gcc/arm-none-eabi/13.2.1/../../../../arm-none-eabi/lib/thumb/v6-m/nofp/libg.a(libc_a-strtol.o)
                              /usr/local/arm-gnu-toolchain-13.2.rel1-darwin-arm64-arm-none-eabi/bin/../lib/gcc/arm-none-eabi/13.2.1/../../../../arm-none-eabi/lib/thumb/v6-m/nofp/libg.a(libc_a-atoi.o) (_strtol_r)
/usr/local/arm-gnu-toolchain-13.2.rel1-darwin-arm64-arm-none-eabi/bin/../lib/gcc/arm-none-eabi/13.2.1/../../../../arm-none-eabi/lib/thumb/v6-m/nofp/libg.a(libc_a-fflush.o)
                              ../common/libsynchron_common.a(proto.c.o) (fflush)
/usr/local/arm-gnu-toolchain-13.2.rel1-darwin-arm64-arm-none-eabi/bin/../lib/gcc/arm-none-eabi/13.2.1/../../../../arm-none-eabi/lib/thumb/v6-m/nofp/libg.a(libc_a-findfp.o)
                              /usr/local/arm-gnu-toolchain-13.2.rel1-darwin-arm64-arm-none-eabi/bin/../lib/gcc/arm-none-eabi/13.2.1/../../../../arm-none-eabi/lib/thumb/v6-m/nofp/libg.a(libc_a-fflush.o) (__sglue)
/usr/local/arm-gnu-toolchain-13.2.rel1-darwin-arm64-arm-none-eabi/bin/../lib/gcc/arm-none-eabi/13.2.1/../../../../arm-none-eabi/lib/thumb/v6-m/nofp/libg.a(libc_a-fwalk.o)
                              /usr/local/arm-gnu-toolchain-13.2.rel1-darwin-arm64-arm-none-eabi/bin/../lib/gcc/arm-none-eabi/13.2.1/../../../../arm-none-eabi/lib/thumb/v6-m/nofp/libg.a(libc_a-fflush.o) (_fwalk_sglue)
[...]
Memory Configuration

Name             Origin             Length             Attributes
FLASH            0x10000000         0x00200000         xr
RAM              0x20000000         0x00040000         xrw
SCRATCH_X        0x20040000         0x00001000         xrw
SCRATCH_Y        0x20041000         0x00001000         xrw
*default*        0x00000000         0xffffffff

Linker script and memory map

LOAD /usr/local/arm-gnu-toolchain-13.2.rel1-darwin-arm64-arm-none-eabi/bin/../lib/gcc/arm-none-eabi/13.2.1/thumb/v6-m/nofp/crti.o
LOAD /usr/local/arm-gnu-toolchain-13.2.rel1-darwin-arm64-arm-none-eabi/bin/../lib/gcc/arm-none-eabi/13.2.1/thumb/v6-m/nofp/crtbegin.o
LOAD /usr/local/arm-gnu-toolchain-13.2.rel1-darwin-arm64-arm-none-eabi/bin/../lib/gcc/arm-none-eabi/13.2.1/../../../../arm-none-eabi/lib/thumb/v6-m/nofp/crt0.o

.flash_begin    0x10000000        0x0
                0x10000000                        __flash_binary_start = .

.boot2          0x10000000      0x100
                0x10000000                        __boot2_start__ = .
 *(.boot2)
 .boot2         0x10000000      0x100 ../pico-sdk/src/rp2040/boot_stage2/CMakeFiles/bs2_default_library.dir/bs2_default_padded_checksummed.S.o
                0x10000100                        __boot2_end__ = .
                0x00000001                        ASSERT (((__boot2_end__ - __boot2_start__) == 0x100), ERROR: Pico second stage bootloader must be 256 bytes in size)

.text           0x10000100     0xa294
                0x10000100                        __logical_binary_start = .
 *(.vectors)
 .vectors       0x10000100       0xd4 CMakeFiles/blade_fw.dir/Users/cadeciripompa/pico-sdk/src/rp2_common/pico_crt0/crt0.S.o
                0x10000100                __VECTOR_TABLE
                0x10000100                __vectors
                0x100001c0                isr_irq13
                0x100001c0                isr_irq27
                0x100001c0                isr_irq31
                0x100001c0                isr_irq5
                0x100001c0                isr_irq11
                0x100001c0                isr_irq23
                0x100001c0                isr_irq18
                0x100001c0                isr_irq9
                0x100001c0                __unhandled_user_irq
                0x100001c0                isr_irq25
                0x100001c0                isr_irq4
                0x100001c0                isr_irq16
                0x100001c0                isr_irq29
                0x100001c0                isr_irq26
                0x100001c0                isr_irq3
                0x100001c0                isr_irq12
                0x100001c0                isr_irq30
                0x100001c0                isr_irq28
                0x100001c0                isr_irq19
                0x100001c0                isr_irq0
                0x100001c0                isr_irq6
                0x100001c0                isr_irq22
                0x100001c0                isr_irq17
                0x100001c0                isr_irq14
                0x100001c0                __vectors_end
                0x100001c0                __default_isrs_start
                0x100001c0                isr_irq2
                0x100001c0                isr_irq10
                0x100001c0                isr_irq8
                0x100001c0                isr_irq24
                0x100001c0                isr_irq1
                0x100001c0                isr_irq7
                0x100001c0                isr_irq21
                0x100001c0                isr_irq20
                0x100001c0                isr_irq15
                0x100001c6                unhandled_user_irq_num_in_r0
                0x100001c8                isr_invalid
                0x100001ca                isr_nmi
                0x100001cc                isr_hardfault
                0x100001ce                isr_svcall
                0x100001d0                isr_pendsv
                0x100001d2                isr_systick
                0x100001d4                __default_isrs_end
 *(.binary_info_header)
 .binary_info_header
                0x100001d4       0x14 CMakeFiles/blade_fw.dir/Users/cadeciripompa/pico-sdk/src/rp2_common/pico_crt0/crt0.S.o
                0x100001e8                        __binary_info_header_end = .
 *(.embedded_block)
                0x100001e8                        __embedded_block_end = .
 *(.reset)
 .reset         0x100001e8       0x9c CMakeFiles/blade_fw.dir/Users/cadeciripompa/pico-sdk/src/rp2_common/pico_crt0/crt0.S.o
                0x100001e8                _entry_point
 *(.init)
 .init          0x10000284        0x4 /usr/local/arm-gnu-toolchain-13.2.rel1-darwin-arm64-arm-none-eabi/bin/../lib/gcc/arm-none-eabi/13.2.1/thumb/v6-m/nofp/crti.o
                0x10000284                _init
 *(EXCLUDE_FILE(*libm.a: *libc.a:*lib_a-mem*.o *libgcc.a:) .text*)
 .text.register_tm_clones
                0x10000288       0x28 /usr/local/arm-gnu-toolchain-13.2.rel1-darwin-arm64-arm-none-eabi/bin/../lib/gcc/arm-none-eabi/13.2.1/thumb/v6-m/nofp/crtbegin.o
 .text.frame_dummy
                0x100002b0       0x24 /usr/local/arm-gnu-toolchain-13.2.rel1-darwin-arm64-arm-none-eabi/bin/../lib/gcc/arm-none-eabi/13.2.1/thumb/v6-m/nofp/crtbegin.o
 .text.startup.main
                0x100002d4       0x50 CMakeFiles/blade_fw.dir/src/main.c.o
                0x100002d4                main
 .text.ir_index_isr
                0x10000324       0x28 CMakeFiles/blade_fw.dir/src/player.c.o
 .text.load_canned_pattern
                0x1000034c      0x454 CMakeFiles/blade_fw.dir/src/player.c.o
 .text.player_init
                0x100007a0       0x9c CMakeFiles/blade_fw.dir/src/player.c.o
                0x100007a0                player_init
 .text.player_load_show
                0x1000083c      0x130 CMakeFiles/blade_fw.dir/src/player.c.o
                0x1000083c                player_load_show
 .text.player_run
                0x1000096c      0x3a8 CMakeFiles/blade_fw.dir/src/player.c.o
                0x1000096c                player_run
 .text.sk9822_pio_init
                0x10000d14      0x1f8 CMakeFiles/blade_fw.dir/src/sk9822_pio.c.o
                0x10000d14                sk9822_pio_init
 .text.sk9822_pio_write_slice
                0x10000f0c       0xb4 CMakeFiles/blade_fw.dir/src/sk9822_pio.c.o
                0x10000f0c                sk9822_pio_write_slice
 .text.sk9822_pio_wait
                0x10000fc0       0x2c CMakeFiles/blade_fw.dir/src/sk9822_pio.c.o
                0x10000fc0                sk9822_pio_wait
 .text.gpio_default_irq_handler
                0x10000fec      0x274 CMakeFiles/blade_fw.dir/Users/cadeciripompa/pico-sdk/src/rp2_common/hardware_gpio/gpio.c.o
 .text.gpio_set_function
                0x10001260       0x34 CMakeFiles/blade_fw.dir/Users/cadeciripompa/pico-sdk/src/rp2_common/hardware_gpio/gpio.c.o
                0x10001260                gpio_set_function
 .text.gpio_set_pulls
                0x10001294       0x28 CMakeFiles/blade_fw.dir/Users/cadeciripompa/pico-sdk/src/rp2_common/hardware_gpio/gpio.c.o
                0x10001294                gpio_set_pulls
 .text.gpio_set_irq_enabled_with_callback
                0x100012bc       0xd0 CMakeFiles/blade_fw.dir/Users/cadeciripompa/pico-sdk/src/rp2_common/hardware_gpio/gpio.c.o
                0x100012bc                gpio_set_irq_enabled_with_callback
 .text.gpio_init
                0x1000138c       0x40 CMakeFiles/blade_fw.dir/Users/cadeciripompa/pico-sdk/src/rp2_common/hardware_gpio/gpio.c.o
                0x1000138c                gpio_init
 .text.rp2040_chip_version
                0x100013cc        0xc CMakeFiles/blade_fw.dir/Users/cadeciripompa/pico-sdk/src/rp2040/pico_platform/platform.c.o
                0x100013cc                rp2040_chip_version
 .text.panic    0x100013d8       0x30 CMakeFiles/blade_fw.dir/Users/cadeciripompa/pico-sdk/src/rp2_common/pico_platform_panic/panic.c.o
                0x100013d8                panic
 .text.hw_claim_lock
                0x10001408       0x18 CMakeFiles/blade_fw.dir/Users/cadeciripompa/pico-sdk/src/common/hardware_claim/claim.c.o
                0x10001408                hw_claim_lock
 .text.hw_claim_unlock
                0x10001420       0x14 CMakeFiles/blade_fw.dir/Users/cadeciripompa/pico-sdk/src/common/hardware_claim/claim.c.o
                0x10001420                hw_claim_unlock
 .text.hw_claim_or_assert
                0x10001434       0x44 CMakeFiles/blade_fw.dir/Users/cadeciripompa/pico-sdk/src/common/hardware_claim/claim.c.o
                0x10001434                hw_claim_or_assert
 .text.hw_claim_unused_from_range
                0x10001478       0x9c CMakeFiles/blade_fw.dir/Users/cadeciripompa/pico-sdk/src/common/hardware_claim/claim.c.o
                0x10001478                hw_claim_unused_from_range
 .text.next_striped_spin_lock_num
                0x10001514       0x18 CMakeFiles/blade_fw.dir/Users/cadeciripompa/pico-sdk/src/rp2_common/hardware_sync/sync.c.o
                0x10001514                next_striped_spin_lock_num
 .text.spin_lock_claim_unused
                0x1000152c       0x24 CMakeFiles/blade_fw.dir/Users/cadeciripompa/pico-sdk/src/rp2_common/hardware_sync/sync.c.o
                0x1000152c                spin_lock_claim_unused
 .text.spin_locks_reset
                0x10001550       0x1c CMakeFiles/blade_fw.dir/Users/cadeciripompa/pico-sdk/src/rp2_common/hardware_sync_spin_lock/sync_spin_lock.c.o
                0x10001550                spin_locks_reset
 .text.runtime_init_per_core_irq_priorities
                0x1000156c       0x24 CMakeFiles/blade_fw.dir/Users/cadeciripompa/pico-sdk/src/rp2_common/hardware_irq/irq.c.o
                0x1000156c                runtime_init_per_core_irq_priorities
 .text.irq_set_enabled
                0x10001590       0x24 CMakeFiles/blade_fw.dir/Users/cadeciripompa/pico-sdk/src/rp2_common/hardware_irq/irq.c.o
                0x10001590                irq_set_enabled
 .text.irq_is_enabled
                0x100015b4       0x18 CMakeFiles/blade_fw.dir/Users/cadeciripompa/pico-sdk/src/rp2_common/hardware_irq/irq.c.o
                0x100015b4                irq_is_enabled
 .text.irq_set_pending
                0x100015cc       0x10 CMakeFiles/blade_fw.dir/Users/cadeciripompa/pico-sdk/src/rp2_common/hardware_irq/irq.c.o
                0x100015cc                irq_set_pending
 .text.irq_has_shared_handler
                0x100015dc       0x24 CMakeFiles/blade_fw.dir/Users/cadeciripompa/pico-sdk/src/rp2_common/hardware_irq/irq.c.o
                0x100015dc                irq_has_shared_handler
 .text.irq_set_exclusive_handler
                0x10001600       0x54 CMakeFiles/blade_fw.dir/Users/cadeciripompa/pico-sdk/src/rp2_common/hardware_irq/irq.c.o
                0x10001600                irq_set_exclusive_handler
 .text.irq_add_shared_handler
                0x10001654      0x1f4 CMakeFiles/blade_fw.dir/Users/cadeciripompa/pico-sdk/src/rp2_common/hardware_irq/irq.c.o
                0x10001654                irq_add_shared_handler
 .text.irq_remove_handler
                0x10001848      0x1d4 CMakeFiles/blade_fw.dir/Users/cadeciripompa/pico-sdk/src/rp2_common/hardware_irq/irq.c.o
                0x10001848                irq_remove_handler
 .text.irq_add_tail_to_free_list
                0x10001a1c       0xb4 CMakeFiles/blade_fw.dir/Users/cadeciripompa/pico-sdk/src/rp2_common/hardware_irq/irq.c.o
                0x10001a1c                irq_add_tail_to_free_list
 .text.user_irq_claim_unused
                0x10001ad0       0x2c CMakeFiles/blade_fw.dir/Users/cadeciripompa/pico-sdk/src/rp2_common/hardware_irq/irq.c.o
                0x10001ad0                user_irq_claim_unused
 .text.lock_init
                0x10001afc       0x10 CMakeFiles/blade_fw.dir/Users/cadeciripompa/pico-sdk/src/common/pico_sync/lock_core.c.o
                0x10001afc                lock_init
 .text.runtime_init_mutex
                0x10001b0c       0x50 CMakeFiles/blade_fw.dir/Users/cadeciripompa/pico-sdk/src/common/pico_sync/mutex.c.o
                0x10001b0c                runtime_init_mutex
 .text.mutex_init
                0x10001b5c       0x1c CMakeFiles/blade_fw.dir/Users/cadeciripompa/pico-sdk/src/common/pico_sync/mutex.c.o
                0x10001b5c                mutex_init
 .text.critical_section_init
                0x10001b78       0x1c CMakeFiles/blade_fw.dir/Users/cadeciripompa/pico-sdk/src/common/pico_sync/critical_section.c.o
                0x10001b78                critical_section_init
 .text.critical_section_init_with_lock_num
                0x10001b94       0x14 CMakeFiles/blade_fw.dir/Users/cadeciripompa/pico-sdk/src/common/pico_sync/critical_section.c.o
                0x10001b94                critical_section_init_with_lock_num
 .text.sleep_until_callback
                0x10001ba8       0x30 CMakeFiles/blade_fw.dir/Users/cadeciripompa/pico-sdk/src/common/pico_time/time.c.o
 .text.alarm_pool_irq_handler
                0x10001bd8      0x2fc CMakeFiles/blade_fw.dir/Users/cadeciripompa/pico-sdk/src/common/pico_time/time.c.o
 .text.runtime_init_default_alarm_pool
                0x10001ed4       0xdc CMakeFiles/blade_fw.dir/Users/cadeciripompa/pico-sdk/src/common/pico_time/time.c.o
                0x10001ed4                runtime_init_default_alarm_pool
 .text.alarm_pool_get_default
                0x10001fb0        0x8 CMakeFiles/blade_fw.dir/Users/cadeciripompa/pico-sdk/src/common/pico_time/time.c.o
                0x10001fb0                alarm_pool_get_default
 .text.alarm_pool_add_alarm_at
                0x10001fb8       0xd4 CMakeFiles/blade_fw.dir/Users/cadeciripompa/pico-sdk/src/common/pico_time/time.c.o
                0x10001fb8                alarm_pool_add_alarm_at
 .text.alarm_pool_add_alarm_at_force_in_context
                0x1000208c       0xb0 CMakeFiles/blade_fw.dir/Users/cadeciripompa/pico-sdk/src/common/pico_time/time.c.o
                0x1000208c                alarm_pool_add_alarm_at_force_in_context
 .text.alarm_pool_cancel_alarm
                0x1000213c       0x74 CMakeFiles/blade_fw.dir/Users/cadeciripompa/pico-sdk/src/common/pico_time/time.c.o
                0x1000213c                alarm_pool_cancel_alarm
 .text.alarm_pool_core_num
                0x100021b0        0x4 CMakeFiles/blade_fw.dir/Users/cadeciripompa/pico-sdk/src/common/pico_time/time.c.o
                0x100021b0                alarm_pool_core_num
 .text.best_effort_wfe_or_timeout
                0x100021b4       0xf8 CMakeFiles/blade_fw.dir/Users/cadeciripompa/pico-sdk/src/common/pico_time/time.c.o
                0x100021b4                best_effort_wfe_or_timeout
 .text.timer_hardware_alarm_claim
                0x100022ac       0x14 CMakeFiles/blade_fw.dir/Users/cadeciripompa/pico-sdk/src/rp2_common/hardware_timer/timer.c.o
                0x100022ac                timer_hardware_alarm_claim
 .text.timer_time_us_64
                0x100022c0       0x10 CMakeFiles/blade_fw.dir/Users/cadeciripompa/pico-sdk/src/rp2_common/hardware_timer/timer.c.o
                0x100022c0                timer_time_us_64
 .text.time_us_64
                0x100022d0       0x14 CMakeFiles/blade_fw.dir/Users/cadeciripompa/pico-sdk/src/rp2_common/hardware_timer/timer.c.o
                0x100022d0                time_us_64
 .text.busy_wait_us
                0x100022e4       0x68 CMakeFiles/blade_fw.dir/Users/cadeciripompa/pico-sdk/src/rp2_common/hardware_timer/timer.c.o
                0x100022e4                busy_wait_us
 .text.clock_configure_int_divider
                0x1000234c       0xf4 CMakeFiles/blade_fw.dir/Users/cadeciripompa/pico-sdk/src/rp2_common/hardware_clocks/clocks.c.o
                0x1000234c                clock_configure_int_divider
 .text.clock_configure_undivided
                0x10002440       0xe8 CMakeFiles/blade_fw.dir/Users/cadeciripompa/pico-sdk/src/rp2_common/hardware_clocks/clocks.c.o
                0x10002440                clock_configure_undivided
 .text.clock_get_hz
                0x10002528        0xc CMakeFiles/blade_fw.dir/Users/cadeciripompa/pico-sdk/src/rp2_common/hardware_clocks/clocks.c.o
                0x10002528                clock_get_hz
 .text.pll_init
                0x10002534       0xa4 CMakeFiles/blade_fw.dir/Users/cadeciripompa/pico-sdk/src/rp2_common/hardware_pll/pll.c.o
                0x10002534                pll_init
 .text.watchdog_reboot
                0x100025d8       0x9c CMakeFiles/blade_fw.dir/Users/cadeciripompa/pico-sdk/src/rp2_common/hardware_watchdog/watchdog.c.o
                0x100025d8                watchdog_reboot
 .text.tick_start
                0x10002674       0x10 CMakeFiles/blade_fw.dir/Users/cadeciripompa/pico-sdk/src/rp2_common/hardware_ticks/ticks.c.o
                0x10002674                tick_start
 .text.rom_func_lookup
                0x10002684       0x10 CMakeFiles/blade_fw.dir/Users/cadeciripompa/pico-sdk/src/rp2_common/pico_bootrom/bootrom.c.o
                0x10002684                rom_func_lookup
 .text.rom_data_lookup
                0x10002694       0x10 CMakeFiles/blade_fw.dir/Users/cadeciripompa/pico-sdk/src/rp2_common/pico_bootrom/bootrom.c.o
                0x10002694                rom_data_lookup
 .text.rom_funcs_lookup
                0x100026a4       0x44 CMakeFiles/blade_fw.dir/Users/cadeciripompa/pico-sdk/src/rp2_common/pico_bootrom/bootrom.c.o
                0x100026a4                rom_funcs_lookup
 .text.rom_reset_usb_boot_extra
                0x100026e8       0x28 CMakeFiles/blade_fw.dir/Users/cadeciripompa/pico-sdk/src/rp2_common/pico_bootrom/bootrom.c.o
                0x100026e8                rom_reset_usb_boot_extra
 .text.xosc_init
                0x10002710       0x28 CMakeFiles/blade_fw.dir/Users/cadeciripompa/pico-sdk/src/rp2_common/hardware_xosc/xosc.c.o
                0x10002710                xosc_init
 .text.first_per_core_initializer
                0x10002738        0x4 CMakeFiles/blade_fw.dir/Users/cadeciripompa/pico-sdk/src/rp2_common/pico_runtime/runtime.c.o
 .text.hard_assertion_failure
                0x1000273c        0xc CMakeFiles/blade_fw.dir/Users/cadeciripompa/pico-sdk/src/rp2_common/pico_runtime/runtime.c.o
                0x1000273c                hard_assertion_failure
 .text.runtime_run_initializers
                0x10002748       0x28 CMakeFiles/blade_fw.dir/Users/cadeciripompa/pico-sdk/src/rp2_common/pico_runtime/runtime.c.o
                0x10002748                runtime_run_initializers
 .text.runtime_init_early_resets
                0x10002770       0x2c CMakeFiles/blade_fw.dir/Users/cadeciripompa/pico-sdk/src/rp2_common/pico_runtime_init/runtime_init.c.o
                0x10002770                runtime_init_early_resets
 .text.runtime_init_usb_power_down
                0x1000279c       0x1c CMakeFiles/blade_fw.dir/Users/cadeciripompa/pico-sdk/src/rp2_common/pico_runtime_init/runtime_init.c.o
                0x1000279c                runtime_init_usb_power_down
 .text.runtime_init_post_clock_resets
                0x100027b8       0x20 CMakeFiles/blade_fw.dir/Users/cadeciripompa/pico-sdk/src/rp2_common/pico_runtime_init/runtime_init.c.o
                0x100027b8                runtime_init_post_clock_resets
 .text.runtime_init_rp2040_gpio_ie_disable
                0x100027d8       0x14 CMakeFiles/blade_fw.dir/Users/cadeciripompa/pico-sdk/src/rp2_common/pico_runtime_init/runtime_init.c.o
                0x100027d8                runtime_init_rp2040_gpio_ie_disable
 .text.runtime_init_spin_locks_reset
                0x100027ec        0x8 CMakeFiles/blade_fw.dir/Users/cadeciripompa/pico-sdk/src/rp2_common/pico_runtime_init/runtime_init.c.o
                0x100027ec                runtime_init_spin_locks_reset
 .text.runtime_init_install_ram_vector_table
                0x100027f4       0xb4 CMakeFiles/blade_fw.dir/Users/cadeciripompa/pico-sdk/src/rp2_common/pico_runtime_init/runtime_init.c.o
                0x100027f4                runtime_init_install_ram_vector_table
 .text.runtime_init_clocks
                0x100028a8       0xd8 CMakeFiles/blade_fw.dir/Users/cadeciripompa/pico-sdk/src/rp2_common/pico_runtime_init/runtime_init_clocks.c.o
                0x100028a8                runtime_init_clocks
 .text          0x10002980       0x10 CMakeFiles/blade_fw.dir/Users/cadeciripompa/pico-sdk/src/rp2_common/pico_bit_ops/bit_ops_aeabi.S.o
 .text.__wrap___aeabi_idiv
                0x10002990       0x50 CMakeFiles/blade_fw.dir/Users/cadeciripompa/pico-sdk/src/rp2_common/pico_divider/divider_hardware.S.o
                0x10002990                __wrap___aeabi_idivmod
                0x10002990                divmod_s32s32
                0x10002990                div_s32s32
                0x10002990                __wrap___aeabi_idiv
                0x10002998                divmod_s32s32_unsafe
                0x100029c4                divmod_s32s32_savestate
 .text.__wrap___aeabi_uidiv
                0x100029e0       0x4c CMakeFiles/blade_fw.dir/Users/cadeciripompa/pico-sdk/src/rp2_common/pico_divider/divider_hardware.S.o
                0x100029e0                __wrap___aeabi_uidiv
                0x100029e0                __wrap___aeabi_uidivmod
                0x100029e0                div_u32u32
                0x100029e0                divmod_u32u32
                0x100029e8                divmod_u32u32_unsafe
                0x10002a10                divmod_u32u32_savestate
 .text.__wrap___aeabi_ldiv
                0x10002a2c      0x424 CMakeFiles/blade_fw.dir/Users/cadeciripompa/pico-sdk/src/rp2_common/pico_divider/divider_hardware.S.o
                0x10002a2c                __wrap___aeabi_ldivmod
                0x10002a2c                div_s64s64
                0x10002a2c                divmod_s64s64
                0x10002a5c                divmod_u64u64
                0x10002a5c                div_u64u64
                0x10002a5c                __wrap___aeabi_uldivmod
                0x10002a6c                divmod_u64u64_savestate
                0x10002a8c                divmod_s64s64_unsafe
                0x10002b14                divmod_u64u64_unsafe
 .text.__wrap___aeabi_darithmetic
                0x10002e50       0x80 CMakeFiles/blade_fw.dir/Users/cadeciripompa/pico-sdk/src/rp2_common/pico_double/double_aeabi_rp2040.S.o
                0x10002e50                __wrap___aeabi_drsub
                0x10002e56                __wrap___aeabi_dsub
                0x10002e68                __wrap___aeabi_dadd
                0x10002e7a                __wrap___aeabi_ddiv
                0x10002eb6                __wrap___aeabi_dmul
 .text.__wrap___aeabi_cdcmple
                0x10002ed0       0x6c CMakeFiles/blade_fw.dir/Users/cadeciripompa/pico-sdk/src/rp2_common/pico_double/double_aeabi_rp2040.S.o
                0x10002ed0                __wrap___aeabi_cdrcmple
                0x10002ee0                __wrap___aeabi_cdcmple
                0x10002ee0                __wrap___aeabi_cdcmpeq
 .text.__wrap___aeabi_dcmplt
                0x10002f3c        0xc CMakeFiles/blade_fw.dir/Users/cadeciripompa/pico-sdk/src/rp2_common/pico_double/double_aeabi_rp2040.S.o
                0x10002f3c                __wrap___aeabi_dcmplt
 .text.__wrap___aeabi_dcmpge
                0x10002f48       0x10 CMakeFiles/blade_fw.dir/Users/cadeciripompa/pico-sdk/src/rp2_common/pico_double/double_aeabi_rp2040.S.o
                0x10002f48                __wrap___aeabi_dcmpge
 .text.__wrap___aeabi_dcmpgt
                0x10002f58        0xa CMakeFiles/blade_fw.dir/Users/cadeciripompa/pico-sdk/src/rp2_common/pico_double/double_aeabi_rp2040.S.o
                0x10002f58                __wrap___aeabi_dcmpgt
 .text.__wrap___aeabi_dcmpun
                0x10002f62       0x18 CMakeFiles/blade_fw.dir/Users/cadeciripompa/pico-sdk/src/rp2_common/pico_double/double_aeabi_rp2040.S.o
                0x10002f62                __wrap___aeabi_dcmpun
 *fill*         0x10002f7a        0x2 
 .text.__wrap___aeabi_i2d
                0x10002f7c       0x38 CMakeFiles/blade_fw.dir/Users/cadeciripompa/pico-sdk/src/rp2_common/pico_double/double_aeabi_rp2040.S.o
                0x10002f7c                __wrap___aeabi_ui2d
                0x10002f7c                uint2double
                0x10002f84                __wrap___aeabi_i2d
                0x10002f84                int2double
 .text.__wrap___aeabi_d2iz
                0x10002fb4       0x48 CMakeFiles/blade_fw.dir/Users/cadeciripompa/pico-sdk/src/rp2_common/pico_double/double_aeabi_rp2040.S.o
                0x10002fb4                __wrap___aeabi_d2iz
                0x10002fb4                double2int_z
 .text.__wrap___aeabi_d2uiz
                0x10002ffc       0x18 CMakeFiles/blade_fw.dir/Users/cadeciripompa/pico-sdk/src/rp2_common/pico_double/double_aeabi_rp2040.S.o
                0x10002ffc                double2uint_z
                0x10002ffc                double2uint
                0x10002ffc                __wrap___aeabi_d2uiz
 .text.__aeabi_double_init
                0x10003014       0xa4 CMakeFiles/blade_fw.dir/Users/cadeciripompa/pico-sdk/src/rp2_common/pico_double/double_init_rom_rp2040.c.o
                0x10003014                __aeabi_double_init
 .text.double_table_shim_on_use_helper
                0x100030b8       0x2c CMakeFiles/blade_fw.dir/Users/cadeciripompa/pico-sdk/src/rp2_common/pico_double/double_v1_rom_shim_rp2040.S.o
                0x100030b8                double_table_shim_on_use_helper
 .text.__wrap___aeabi_dsub
                0x100030e4       0x10 CMakeFiles/blade_fw.dir/Users/cadeciripompa/pico-sdk/src/rp2_common/pico_double/double_v1_rom_shim_rp2040.S.o
                0x100030e4                drsub_shim
                0x100030ea                dsub_shim
 .text.dadd_shim
                0x100030f4      0x15c CMakeFiles/blade_fw.dir/Users/cadeciripompa/pico-sdk/src/rp2_common/pico_double/double_v1_rom_shim_rp2040.S.o
                0x100030f4                dadd_shim
 .text.dmul_shim
                0x10003250      0x15c CMakeFiles/blade_fw.dir/Users/cadeciripompa/pico-sdk/src/rp2_common/pico_double/double_v1_rom_shim_rp2040.S.o
                0x10003250                dmul_shim
 .text.ddiv_shim
                0x100033ac      0x1b0 CMakeFiles/blade_fw.dir/Users/cadeciripompa/pico-sdk/src/rp2_common/pico_double/double_v1_rom_shim_rp2040.S.o
                0x100033ac                ddiv_shim
 .text.double2uint_shim
                0x1000355c        0xe CMakeFiles/blade_fw.dir/Users/cadeciripompa/pico-sdk/src/rp2_common/pico_double/double_v1_rom_shim_rp2040.S.o
                0x1000355c                double2uint_shim
                0x1000355e                double2ufix_shim
 *fill*         0x1000356a        0x2 
 .text.double2uint64_shim
                0x1000356c       0x70 CMakeFiles/blade_fw.dir/Users/cadeciripompa/pico-sdk/src/rp2_common/pico_double/double_v1_rom_shim_rp2040.S.o
                0x1000356c                double2uint64_shim
                0x1000356e                double2ufix64_shim
                0x1000358e                d2fix_a
 .text.dunpacks
                0x100035dc       0x3c CMakeFiles/blade_fw.dir/Users/cadeciripompa/pico-sdk/src/rp2_common/pico_double/double_v1_rom_shim_rp2040.S.o
                0x100035dc                dunpacks
 .text.__aeabi_lmul
                0x10003618       0x32 CMakeFiles/blade_fw.dir/Users/cadeciripompa/pico-sdk/src/rp2_common/pico_int64_ops/pico_int64_ops_aeabi.S.o
                0x10003618                __wrap___aeabi_lmul
 *fill*         0x1000364a        0x2 
 .text.__wrap___aeabi_farithmetic
                0x1000364c       0x48 CMakeFiles/blade_fw.dir/Users/cadeciripompa/pico-sdk/src/rp2_common/pico_float/float_aeabi_rp2040.S.o
                0x1000364c                __wrap___aeabi_frsub
                0x10003652                __wrap___aeabi_fsub
                0x10003658                __wrap___aeabi_fadd
                0x1000365e                __wrap___aeabi_fdiv
                0x10003686                __wrap___aeabi_fmul
 .text.__wrap___aeabi_ui2f
                0x10003694        0xa CMakeFiles/blade_fw.dir/Users/cadeciripompa/pico-sdk/src/rp2_common/pico_float/float_aeabi_rp2040.S.o
                0x10003694                uint2float
                0x10003694                __wrap___aeabi_ui2f
 *fill*         0x1000369e        0x2 
 .text.__wrap___aeabi_i2f
                0x100036a0       0x44 CMakeFiles/blade_fw.dir/Users/cadeciripompa/pico-sdk/src/rp2_common/pico_float/float_aeabi_rp2040.S.o
                0x100036a0                int2float
                0x100036a0                __wrap___aeabi_i2f
 .text.__wrap___aeabi_f2uiz
                0x100036e4        0xc CMakeFiles/blade_fw.dir/Users/cadeciripompa/pico-sdk/src/rp2_common/pico_float/float_aeabi_rp2040.S.o
                0x100036e4                float2uint
                0x100036e4                float2uint_z
                0x100036e4                __wrap___aeabi_f2uiz
 .text.__aeabi_float_init
                0x100036f0       0x64 CMakeFiles/blade_fw.dir/Users/cadeciripompa/pico-sdk/src/rp2_common/pico_float/float_init_rom_rp2040.c.o
                0x100036f0                __aeabi_float_init
 .text.float_table_shim_on_use_helper
                0x10003754       0x2c CMakeFiles/blade_fw.dir/Users/cadeciripompa/pico-sdk/src/rp2_common/pico_float/float_v1_rom_shim_rp2040.S.o
                0x10003754                float_table_shim_on_use_helper
 .text          0x10003780       0x10 CMakeFiles/blade_fw.dir/Users/cadeciripompa/pico-sdk/src/rp2_common/pico_mem_ops/mem_ops_aeabi.S.o
                0x10003780                __aeabi_mem_init
 .text.memset   0x10003790        0xc CMakeFiles/blade_fw.dir/Users/cadeciripompa/pico-sdk/src/rp2_common/pico_mem_ops/mem_ops_aeabi.S.o
                0x10003790                __wrap_memset
 .text.memcpy   0x1000379c        0xc CMakeFiles/blade_fw.dir/Users/cadeciripompa/pico-sdk/src/rp2_common/pico_mem_ops/mem_ops_aeabi.S.o
                0x1000379c                __wrap___aeabi_memcpy
                0x1000379c                __wrap_memcpy
 .text._out_null
                0x100037a8        0x4 CMakeFiles/blade_fw.dir/Users/cadeciripompa/pico-sdk/src/rp2_common/pico_printf/printf.c.o
 .text._out_rev
                0x100037ac       0xac CMakeFiles/blade_fw.dir/Users/cadeciripompa/pico-sdk/src/rp2_common/pico_printf/printf.c.o
 .text._ntoa_format
                0x10003858      0x250 CMakeFiles/blade_fw.dir/Users/cadeciripompa/pico-sdk/src/rp2_common/pico_printf/printf.c.o
 .text._out_char
                0x10003aa8       0x10 CMakeFiles/blade_fw.dir/Users/cadeciripompa/pico-sdk/src/rp2_common/pico_printf/printf.c.o
 .text._out_fct
                0x10003ab8       0x10 CMakeFiles/blade_fw.dir/Users/cadeciripompa/pico-sdk/src/rp2_common/pico_printf/printf.c.o
 .text._etoa    0x10003ac8      0x464 CMakeFiles/blade_fw.dir/Users/cadeciripompa/pico-sdk/src/rp2_common/pico_printf/printf.c.o
 .text._ftoa    0x10003f2c      0x3c0 CMakeFiles/blade_fw.dir/Users/cadeciripompa/pico-sdk/src/rp2_common/pico_printf/printf.c.o
 .text._vsnprintf
                0x100042ec      0xbc8 CMakeFiles/blade_fw.dir/Users/cadeciripompa/pico-sdk/src/rp2_common/pico_printf/printf.c.o
 .text.vfctprintf
                0x10004eb4       0x20 CMakeFiles/blade_fw.dir/Users/cadeciripompa/pico-sdk/src/rp2_common/pico_printf/printf.c.o
                0x10004eb4                vfctprintf
 .text.weak_raw_vprintf
                0x10004ed4       0x30 CMakeFiles/blade_fw.dir/Users/cadeciripompa/pico-sdk/src/rp2_common/pico_printf/printf.c.o
                0x10004ed4                weak_raw_vprintf
 .text._exit    0x10004f04        0x4 CMakeFiles/blade_fw.dir/Users/cadeciripompa/pico-sdk/src/rp2_common/pico_clib_interface/newlib_interface.c.o
                0x10004f04                _exit
 .text._sbrk    0x10004f08       0x34 CMakeFiles/blade_fw.dir/Users/cadeciripompa/pico-sdk/src/rp2_common/pico_clib_interface/newlib_interface.c.o
                0x10004f08                _sbrk
 .text._read    0x10004f3c       0x24 CMakeFiles/blade_fw.dir/Users/cadeciripompa/pico-sdk/src/rp2_common/pico_clib_interface/newlib_interface.c.o
                0x10004f3c                _read
 .text._write   0x10004f60       0x24 CMakeFiles/blade_fw.dir/Users/cadeciripompa/pico-sdk/src/rp2_common/pico_clib_interface/newlib_interface.c.o
                0x10004f60                _write
 .text._close   0x10004f84        0x8 CMakeFiles/blade_fw.dir/Users/cadeciripompa/pico-sdk/src/rp2_common/pico_clib_interface/newlib_interface.c.o
                0x10004f84                _close
 .text._lseek   0x10004f8c        0x8 CMakeFiles/blade_fw.dir/Users/cadeciripompa/pico-sdk/src/rp2_common/pico_clib_interface/newlib_interface.c.o
                0x10004f8c                _lseek
 .text._fstat   0x10004f94        0x8 CMakeFiles/blade_fw.dir/Users/cadeciripompa/pico-sdk/src/rp2_common/pico_clib_interface/newlib_interface.c.o
                0x10004f94                _fstat
 .text._isatty  0x10004f9c        0xc CMakeFiles/blade_fw.dir/Users/cadeciripompa/pico-sdk/src/rp2_common/pico_clib_interface/newlib_interface.c.o
                0x10004f9c                _isatty
 .text.exit     0x10004fa8        0x8 CMakeFiles/blade_fw.dir/Users/cadeciripompa/pico-sdk/src/rp2_common/pico_clib_interface/newlib_interface.c.o
                0x10004fa8                exit
 .text.runtime_init
                0x10004fb0       0x2c CMakeFiles/blade_fw.dir/Users/cadeciripompa/pico-sdk/src/rp2_common/pico_clib_interface/newlib_interface.c.o
                0x10004fb0                runtime_init
 .text.stdio_out_chars_no_crlf
                0x10004fdc       0x10 CMakeFiles/blade_fw.dir/Users/cadeciripompa/pico-sdk/src/rp2_common/pico_stdio/stdio.c.o
 .text.stdio_out_chars_crlf
                0x10004fec       0x94 CMakeFiles/blade_fw.dir/Users/cadeciripompa/pico-sdk/src/rp2_common/pico_stdio/stdio.c.o
 .text.stdio_buffered_printer
                0x10005080       0x64 CMakeFiles/blade_fw.dir/Users/cadeciripompa/pico-sdk/src/rp2_common/pico_stdio/stdio.c.o
 .text.stdio_put_string
                0x100050e4      0x100 CMakeFiles/blade_fw.dir/Users/cadeciripompa/pico-sdk/src/rp2_common/pico_stdio/stdio.c.o
                0x100050e4                stdio_put_string
 .text.stdio_get_until
                0x100051e4       0x84 CMakeFiles/blade_fw.dir/Users/cadeciripompa/pico-sdk/src/rp2_common/pico_stdio/stdio.c.o
                0x100051e4                stdio_get_until
 .text.stdio_set_driver_enabled
                0x10005268       0x30 CMakeFiles/blade_fw.dir/Users/cadeciripompa/pico-sdk/src/rp2_common/pico_stdio/stdio.c.o
                0x10005268                stdio_set_driver_enabled
 .text.stdio_init_all
                0x10005298        0x8 CMakeFiles/blade_fw.dir/Users/cadeciripompa/pico-sdk/src/rp2_common/pico_stdio/stdio.c.o
                0x10005298                stdio_init_all
 .text.stdio_getchar_timeout_us
                0x100052a0       0x98 CMakeFiles/blade_fw.dir/Users/cadeciripompa/pico-sdk/src/rp2_common/pico_stdio/stdio.c.o
                0x100052a0                stdio_getchar_timeout_us
 .text.__wrap_putchar
                0x10005338       0x98 CMakeFiles/blade_fw.dir/Users/cadeciripompa/pico-sdk/src/rp2_common/pico_stdio/stdio.c.o
                0x10005338                stdio_putchar
                0x10005338                __wrap_putchar
 .text.__wrap_puts
                0x100053d0       0x3c CMakeFiles/blade_fw.dir/Users/cadeciripompa/pico-sdk/src/rp2_common/pico_stdio/stdio.c.o
                0x100053d0                __wrap_puts
                0x100053d0                stdio_puts
 .text.__wrap_vprintf
                0x1000540c       0xd4 CMakeFiles/blade_fw.dir/Users/cadeciripompa/pico-sdk/src/rp2_common/pico_stdio/stdio.c.o
                0x1000540c                __wrap_vprintf
                0x1000540c                stdio_vprintf
 .text.__wrap_printf
                0x100054e0       0x18 CMakeFiles/blade_fw.dir/Users/cadeciripompa/pico-sdk/src/rp2_common/pico_stdio/stdio.c.o
                0x100054e0                stdio_printf
                0x100054e0                __wrap_printf
 .text.resetd_init
                0x100054f8        0x4 CMakeFiles/blade_fw.dir/Users/cadeciripompa/pico-sdk/src/rp2_common/pico_stdio_usb/reset_interface.c.o
 .text.resetd_reset
                0x100054fc        0xc CMakeFiles/blade_fw.dir/Users/cadeciripompa/pico-sdk/src/rp2_common/pico_stdio_usb/reset_interface.c.o
 .text.resetd_open
                0x10005508       0x28 CMakeFiles/blade_fw.dir/Users/cadeciripompa/pico-sdk/src/rp2_common/pico_stdio_usb/reset_interface.c.o
 .text.resetd_xfer_cb
                0x10005530        0x4 CMakeFiles/blade_fw.dir/Users/cadeciripompa/pico-sdk/src/rp2_common/pico_stdio_usb/reset_interface.c.o
 .text.resetd_control_xfer_cb
                0x10005534       0x5c CMakeFiles/blade_fw.dir/Users/cadeciripompa/pico-sdk/src/rp2_common/pico_stdio_usb/reset_interface.c.o
 .text.tud_descriptor_bos_cb
                0x10005590        0x8 CMakeFiles/blade_fw.dir/Users/cadeciripompa/pico-sdk/src/rp2_common/pico_stdio_usb/reset_interface.c.o
                0x10005590                tud_descriptor_bos_cb
 .text.tud_vendor_control_xfer_cb
                0x10005598       0x34 CMakeFiles/blade_fw.dir/Users/cadeciripompa/pico-sdk/src/rp2_common/pico_stdio_usb/reset_interface.c.o
                0x10005598                tud_vendor_control_xfer_cb
 .text.usbd_app_driver_get_cb
                0x100055cc        0xc CMakeFiles/blade_fw.dir/Users/cadeciripompa/pico-sdk/src/rp2_common/pico_stdio_usb/reset_interface.c.o
                0x100055cc                usbd_app_driver_get_cb
 .text.tud_cdc_line_coding_cb
                0x100055d8       0x2c CMakeFiles/blade_fw.dir/Users/cadeciripompa/pico-sdk/src/rp2_common/pico_stdio_usb/reset_interface.c.o
                0x100055d8                tud_cdc_line_coding_cb
 .text.stdio_usb_set_chars_available_callback
                0x10005604       0x14 CMakeFiles/blade_fw.dir/Users/cadeciripompa/pico-sdk/src/rp2_common/pico_stdio_usb/stdio_usb.c.o
                0x10005604                stdio_usb_set_chars_available_callback
 .text.usb_irq  0x10005618       0x10 CMakeFiles/blade_fw.dir/Users/cadeciripompa/pico-sdk/src/rp2_common/pico_stdio_usb/stdio_usb.c.o
 .text.timer_task
                0x10005628       0x64 CMakeFiles/blade_fw.dir/Users/cadeciripompa/pico-sdk/src/rp2_common/pico_stdio_usb/stdio_usb.c.o
 .text.stdio_usb_in_chars
                0x1000568c       0x90 CMakeFiles/blade_fw.dir/Users/cadeciripompa/pico-sdk/src/rp2_common/pico_stdio_usb/stdio_usb.c.o
                0x1000568c                stdio_usb_in_chars
 .text.stdio_usb_out_flush
                0x1000571c       0x50 CMakeFiles/blade_fw.dir/Users/cadeciripompa/pico-sdk/src/rp2_common/pico_stdio_usb/stdio_usb.c.o
 .text.stdio_usb_out_chars
                0x1000576c      0x104 CMakeFiles/blade_fw.dir/Users/cadeciripompa/pico-sdk/src/rp2_common/pico_stdio_usb/stdio_usb.c.o
 .text.low_priority_worker_irq
                0x10005870       0xcc CMakeFiles/blade_fw.dir/Users/cadeciripompa/pico-sdk/src/rp2_common/pico_stdio_usb/stdio_usb.c.o
 .text.stdio_usb_init
                0x1000593c       0xec CMakeFiles/blade_fw.dir/Users/cadeciripompa/pico-sdk/src/rp2_common/pico_stdio_usb/stdio_usb.c.o
                0x1000593c                stdio_usb_init
 .text.tud_descriptor_device_cb
                0x10005a28        0x8 CMakeFiles/blade_fw.dir/Users/cadeciripompa/pico-sdk/src/rp2_common/pico_stdio_usb/stdio_usb_descriptors.c.o
                0x10005a28                tud_descriptor_device_cb
 .text.tud_descriptor_configuration_cb
                0x10005a30        0x8 CMakeFiles/blade_fw.dir/Users/cadeciripompa/pico-sdk/src/rp2_common/pico_stdio_usb/stdio_usb_descriptors.c.o
                0x10005a30                tud_descriptor_configuration_cb
 .text.tud_descriptor_string_cb
                0x10005a38       0x78 CMakeFiles/blade_fw.dir/Users/cadeciripompa/pico-sdk/src/rp2_common/pico_stdio_usb/stdio_usb_descriptors.c.o
                0x10005a38                tud_descriptor_string_cb
 .text.startup._retrieve_unique_id_on_boot
                0x10005ab0       0x10 CMakeFiles/blade_fw.dir/Users/cadeciripompa/pico-sdk/src/rp2_common/pico_unique_id/unique_id.c.o
 .text.pico_get_unique_board_id_string
                0x10005ac0      0x1a8 CMakeFiles/blade_fw.dir/Users/cadeciripompa/pico-sdk/src/rp2_common/pico_unique_id/unique_id.c.o
                0x10005ac0                pico_get_unique_board_id_string
 .text.flash_get_unique_id
                0x10005c68       0x3c CMakeFiles/blade_fw.dir/Users/cadeciripompa/pico-sdk/src/rp2_common/hardware_flash/flash.c.o
                0x10005c68                flash_get_unique_id
 .text.dcd_init
                0x10005ca4       0x90 CMakeFiles/blade_fw.dir/Users/cadeciripompa/pico-sdk/lib/tinyusb/src/portable/raspberrypi/rp2040/dcd_rp2040.c.o
                0x10005ca4                dcd_init
 .text.dcd_int_enable
                0x10005d34        0xc CMakeFiles/blade_fw.dir/Users/cadeciripompa/pico-sdk/lib/tinyusb/src/portable/raspberrypi/rp2040/dcd_rp2040.c.o
                0x10005d34                dcd_int_enable
 .text.dcd_set_address
                0x10005d40       0x14 CMakeFiles/blade_fw.dir/Users/cadeciripompa/pico-sdk/lib/tinyusb/src/portable/raspberrypi/rp2040/dcd_rp2040.c.o
                0x10005d40                dcd_set_address
 .text.dcd_sof_enable
                0x10005d54       0x1c CMakeFiles/blade_fw.dir/Users/cadeciripompa/pico-sdk/lib/tinyusb/src/portable/raspberrypi/rp2040/dcd_rp2040.c.o
                0x10005d54                dcd_sof_enable
 .text.dcd_edpt0_status_complete
                0x10005d70       0x1c CMakeFiles/blade_fw.dir/Users/cadeciripompa/pico-sdk/lib/tinyusb/src/portable/raspberrypi/rp2040/dcd_rp2040.c.o
                0x10005d70                dcd_edpt0_status_complete
 .text.dcd_edpt_open
                0x10005d8c      0x114 CMakeFiles/blade_fw.dir/Users/cadeciripompa/pico-sdk/lib/tinyusb/src/portable/raspberrypi/rp2040/dcd_rp2040.c.o
                0x10005d8c                dcd_edpt_open
 .text.dcd_edpt_close_all
                0x10005ea0        0x8 CMakeFiles/blade_fw.dir/Users/cadeciripompa/pico-sdk/lib/tinyusb/src/portable/raspberrypi/rp2040/dcd_rp2040.c.o
                0x10005ea0                dcd_edpt_close_all
 .text.dcd_edpt_xfer
                0x10005ea8       0x24 CMakeFiles/blade_fw.dir/Users/cadeciripompa/pico-sdk/lib/tinyusb/src/portable/raspberrypi/rp2040/dcd_rp2040.c.o
                0x10005ea8                dcd_edpt_xfer
 .text.dcd_edpt_stall
                0x10005ecc       0x34 CMakeFiles/blade_fw.dir/Users/cadeciripompa/pico-sdk/lib/tinyusb/src/portable/raspberrypi/rp2040/dcd_rp2040.c.o
                0x10005ecc                dcd_edpt_stall
 .text.dcd_edpt_clear_stall
                0x10005f00       0x30 CMakeFiles/blade_fw.dir/Users/cadeciripompa/pico-sdk/lib/tinyusb/src/portable/raspberrypi/rp2040/dcd_rp2040.c.o
                0x10005f00                dcd_edpt_clear_stall
 .text.rp2040_usb_init
                0x10005f30       0x40 CMakeFiles/blade_fw.dir/Users/cadeciripompa/pico-sdk/lib/tinyusb/src/portable/raspberrypi/rp2040/rp2040_usb.c.o
                0x10005f30                rp2040_usb_init
 .text.hw_endpoint_xfer_start
                0x10005f70       0x40 CMakeFiles/blade_fw.dir/Users/cadeciripompa/pico-sdk/lib/tinyusb/src/portable/raspberrypi/rp2040/rp2040_usb.c.o
                0x10005f70                hw_endpoint_xfer_start
 .text.tud_event_hook_cb
                0x10005fb0        0x4 CMakeFiles/blade_fw.dir/Users/cadeciripompa/pico-sdk/lib/tinyusb/src/device/usbd.c.o
                0x10005fb0                tud_event_hook_cb
 .text.tud_sof_cb
                0x10005fb4        0x4 CMakeFiles/blade_fw.dir/Users/cadeciripompa/pico-sdk/lib/tinyusb/src/device/usbd.c.o
                0x10005fb4                tud_sof_cb
 .text.tud_descriptor_device_qualifier_cb
                0x10005fb8        0x4 CMakeFiles/blade_fw.dir/Users/cadeciripompa/pico-sdk/lib/tinyusb/src/device/usbd.c.o
                0x10005fb8                tud_descriptor_device_qualifier_cb
 .text.tud_descriptor_other_speed_configuration_cb
                0x10005fbc        0x4 CMakeFiles/blade_fw.dir/Users/cadeciripompa/pico-sdk/lib/tinyusb/src/device/usbd.c.o
                0x10005fbc                tud_descriptor_other_speed_configuration_cb
 .text.tud_mount_cb
                0x10005fc0        0x4 CMakeFiles/blade_fw.dir/Users/cadeciripompa/pico-sdk/lib/tinyusb/src/device/usbd.c.o
                0x10005fc0                tud_mount_cb
 .text.tud_umount_cb
                0x10005fc4        0x4 CMakeFiles/blade_fw.dir/Users/cadeciripompa/pico-sdk/lib/tinyusb/src/device/usbd.c.o
                0x10005fc4                tud_umount_cb
 .text.tud_suspend_cb
                0x10005fc8        0x4 CMakeFiles/blade_fw.dir/Users/cadeciripompa/pico-sdk/lib/tinyusb/src/device/usbd.c.o
                0x10005fc8                tud_suspend_cb
 .text.tud_resume_cb
                0x10005fcc        0x4 CMakeFiles/blade_fw.dir/Users/cadeciripompa/pico-sdk/lib/tinyusb/src/device/usbd.c.o
                0x10005fcc                tud_resume_cb
 .text.tud_mounted
                0x10005fd0       0x10 CMakeFiles/blade_fw.dir/Users/cadeciripompa/pico-sdk/lib/tinyusb/src/device/usbd.c.o
                0x10005fd0                tud_mounted
 .text.tud_suspended
                0x10005fe0       0x10 CMakeFiles/blade_fw.dir/Users/cadeciripompa/pico-sdk/lib/tinyusb/src/device/usbd.c.o
                0x10005fe0                tud_suspended
 .text.tud_rhport_init
                0x10005ff0       0xfc CMakeFiles/blade_fw.dir/Users/cadeciripompa/pico-sdk/lib/tinyusb/src/device/usbd.c.o
                0x10005ff0                tud_rhport_init
 .text.tud_task_ext
                0x100060ec      0x800 CMakeFiles/blade_fw.dir/Users/cadeciripompa/pico-sdk/lib/tinyusb/src/device/usbd.c.o
                0x100060ec                tud_task_ext
 .text.usbd_open_edpt_pair
                0x100068ec       0x9c CMakeFiles/blade_fw.dir/Users/cadeciripompa/pico-sdk/lib/tinyusb/src/device/usbd.c.o
                0x100068ec                usbd_open_edpt_pair
 .text.usbd_edpt_open
                0x10006988       0x34 CMakeFiles/blade_fw.dir/Users/cadeciripompa/pico-sdk/lib/tinyusb/src/device/usbd.c.o
                0x10006988                usbd_edpt_open
 .text.usbd_edpt_claim
                0x100069bc       0x28 CMakeFiles/blade_fw.dir/Users/cadeciripompa/pico-sdk/lib/tinyusb/src/device/usbd.c.o
                0x100069bc                usbd_edpt_claim
 .text.usbd_edpt_release
                0x100069e4       0x28 CMakeFiles/blade_fw.dir/Users/cadeciripompa/pico-sdk/lib/tinyusb/src/device/usbd.c.o
                0x100069e4                usbd_edpt_release
 .text.usbd_edpt_xfer
                0x10006a0c       0x4c CMakeFiles/blade_fw.dir/Users/cadeciripompa/pico-sdk/lib/tinyusb/src/device/usbd.c.o
                0x10006a0c                usbd_edpt_xfer
 .text.tud_control_status
                0x10006a58       0x2c CMakeFiles/blade_fw.dir/Users/cadeciripompa/pico-sdk/lib/tinyusb/src/device/usbd_control.c.o
                0x10006a58                tud_control_status
 .text.tud_control_xfer
                0x10006a84       0xac CMakeFiles/blade_fw.dir/Users/cadeciripompa/pico-sdk/lib/tinyusb/src/device/usbd_control.c.o
                0x10006a84                tud_control_xfer
 .text.usbd_control_reset
                0x10006b30       0x14 CMakeFiles/blade_fw.dir/Users/cadeciripompa/pico-sdk/lib/tinyusb/src/device/usbd_control.c.o
                0x10006b30                usbd_control_reset
 .text.usbd_control_set_complete_callback
                0x10006b44        0xc CMakeFiles/blade_fw.dir/Users/cadeciripompa/pico-sdk/lib/tinyusb/src/device/usbd_control.c.o
                0x10006b44                usbd_control_set_complete_callback
 .text.usbd_control_set_request
                0x10006b50       0x1c CMakeFiles/blade_fw.dir/Users/cadeciripompa/pico-sdk/lib/tinyusb/src/device/usbd_control.c.o
                0x10006b50                usbd_control_set_request
 .text.usbd_control_xfer_cb
                0x10006b6c       0xec CMakeFiles/blade_fw.dir/Users/cadeciripompa/pico-sdk/lib/tinyusb/src/device/usbd_control.c.o
                0x10006b6c                usbd_control_xfer_cb
 .text._prep_out_transaction.isra.0
                0x10006c58       0x6c CMakeFiles/blade_fw.dir/Users/cadeciripompa/pico-sdk/lib/tinyusb/src/class/cdc/cdc_device.c.o
 .text.tud_cdc_n_connected
                0x10006cc4       0x2c CMakeFiles/blade_fw.dir/Users/cadeciripompa/pico-sdk/lib/tinyusb/src/class/cdc/cdc_device.c.o
                0x10006cc4                tud_cdc_n_connected
 .text.tud_cdc_n_available
                0x10006cf0       0x14 CMakeFiles/blade_fw.dir/Users/cadeciripompa/pico-sdk/lib/tinyusb/src/class/cdc/cdc_device.c.o
                0x10006cf0                tud_cdc_n_available
 .text.tud_cdc_n_read
                0x10006d04       0x94 CMakeFiles/blade_fw.dir/Users/cadeciripompa/pico-sdk/lib/tinyusb/src/class/cdc/cdc_device.c.o
                0x10006d04                tud_cdc_n_read
 .text.tud_cdc_n_write_flush
                0x10006d98       0x74 CMakeFiles/blade_fw.dir/Users/cadeciripompa/pico-sdk/lib/tinyusb/src/class/cdc/cdc_device.c.o
                0x10006d98                tud_cdc_n_write_flush
 .text.tud_cdc_n_write
                0x10006e0c       0x40 CMakeFiles/blade_fw.dir/Users/cadeciripompa/pico-sdk/lib/tinyusb/src/class/cdc/cdc_device.c.o
                0x10006e0c                tud_cdc_n_write
 .text.tud_cdc_n_write_available
                0x10006e4c       0x14 CMakeFiles/blade_fw.dir/Users/cadeciripompa/pico-sdk/lib/tinyusb/src/class/cdc/cdc_device.c.o
                0x10006e4c                tud_cdc_n_write_available
 .text.cdcd_init
                0x10006e60       0x70 CMakeFiles/blade_fw.dir/Users/cadeciripompa/pico-sdk/lib/tinyusb/src/class/cdc/cdc_device.c.o
                0x10006e60                cdcd_init
 .text.cdcd_deinit
                0x10006ed0       0x34 CMakeFiles/blade_fw.dir/Users/cadeciripompa/pico-sdk/lib/tinyusb/src/class/cdc/cdc_device.c.o
                0x10006ed0                cdcd_deinit
 .text.cdcd_reset
                0x10006f04       0x4c CMakeFiles/blade_fw.dir/Users/cadeciripompa/pico-sdk/lib/tinyusb/src/class/cdc/cdc_device.c.o
                0x10006f04                cdcd_reset
 .text.cdcd_open
                0x10006f50       0xa8 CMakeFiles/blade_fw.dir/Users/cadeciripompa/pico-sdk/lib/tinyusb/src/class/cdc/cdc_device.c.o
                0x10006f50                cdcd_open
 .text.cdcd_control_xfer_cb
                0x10006ff8       0xe8 CMakeFiles/blade_fw.dir/Users/cadeciripompa/pico-sdk/lib/tinyusb/src/class/cdc/cdc_device.c.o
                0x10006ff8                cdcd_control_xfer_cb
 .text.cdcd_xfer_cb
                0x100070e0      0x100 CMakeFiles/blade_fw.dir/Users/cadeciripompa/pico-sdk/lib/tinyusb/src/class/cdc/cdc_device.c.o
                0x100070e0                cdcd_xfer_cb
 .text.vendord_init
                0x100071e0       0x5c CMakeFiles/blade_fw.dir/Users/cadeciripompa/pico-sdk/lib/tinyusb/src/class/vendor/vendor_device.c.o
                0x100071e0                vendord_init
 .text.vendord_deinit
                0x1000723c       0x1c CMakeFiles/blade_fw.dir/Users/cadeciripompa/pico-sdk/lib/tinyusb/src/class/vendor/vendor_device.c.o
                0x1000723c                vendord_deinit
 .text.vendord_reset
                0x10007258       0x28 CMakeFiles/blade_fw.dir/Users/cadeciripompa/pico-sdk/lib/tinyusb/src/class/vendor/vendor_device.c.o
                0x10007258                vendord_reset
 .text.vendord_open
                0x10007280      0x128 CMakeFiles/blade_fw.dir/Users/cadeciripompa/pico-sdk/lib/tinyusb/src/class/vendor/vendor_device.c.o
                0x10007280                vendord_open
 .text.vendord_xfer_cb
                0x100073a8       0x9c CMakeFiles/blade_fw.dir/Users/cadeciripompa/pico-sdk/lib/tinyusb/src/class/vendor/vendor_device.c.o
                0x100073a8                vendord_xfer_cb
 .text.tusb_rhport_init
                0x10007444       0x48 CMakeFiles/blade_fw.dir/Users/cadeciripompa/pico-sdk/lib/tinyusb/src/tusb.c.o
                0x10007444                tusb_rhport_init
 .text.tu_edpt_claim
                0x1000748c       0x50 CMakeFiles/blade_fw.dir/Users/cadeciripompa/pico-sdk/lib/tinyusb/src/tusb.c.o
                0x1000748c                tu_edpt_claim
 .text.tu_edpt_release
                0x100074dc       0x38 CMakeFiles/blade_fw.dir/Users/cadeciripompa/pico-sdk/lib/tinyusb/src/tusb.c.o
                0x100074dc                tu_edpt_release
 .text.tu_edpt_validate
                0x10007514       0x7c CMakeFiles/blade_fw.dir/Users/cadeciripompa/pico-sdk/lib/tinyusb/src/tusb.c.o
                0x10007514                tu_edpt_validate
 .text.tu_edpt_bind_driver
                0x10007590       0x34 CMakeFiles/blade_fw.dir/Users/cadeciripompa/pico-sdk/lib/tinyusb/src/tusb.c.o
                0x10007590                tu_edpt_bind_driver
 .text.tu_edpt_stream_init
                0x100075c4       0x6c CMakeFiles/blade_fw.dir/Users/cadeciripompa/pico-sdk/lib/tinyusb/src/tusb.c.o
                0x100075c4                tu_edpt_stream_init
 .text.tu_edpt_stream_deinit
                0x10007630        0x4 CMakeFiles/blade_fw.dir/Users/cadeciripompa/pico-sdk/lib/tinyusb/src/tusb.c.o
                0x10007630                tu_edpt_stream_deinit
 .text.tu_edpt_stream_write_zlp_if_needed
                0x10007634       0x68 CMakeFiles/blade_fw.dir/Users/cadeciripompa/pico-sdk/lib/tinyusb/src/tusb.c.o
                0x10007634                tu_edpt_stream_write_zlp_if_needed
 .text.tu_edpt_stream_write_xfer
                0x1000769c       0x64 CMakeFiles/blade_fw.dir/Users/cadeciripompa/pico-sdk/lib/tinyusb/src/tusb.c.o
                0x1000769c                tu_edpt_stream_write_xfer
 .text.tu_edpt_stream_read_xfer
                0x10007700       0xdc CMakeFiles/blade_fw.dir/Users/cadeciripompa/pico-sdk/lib/tinyusb/src/tusb.c.o
                0x10007700                tu_edpt_stream_read_xfer
 .text.tu_fifo_config
                0x100077dc       0x6c CMakeFiles/blade_fw.dir/Users/cadeciripompa/pico-sdk/lib/tinyusb/src/common/tusb_fifo.c.o
                0x100077dc                tu_fifo_config
 .text.tu_fifo_count
                0x10007848       0x2c CMakeFiles/blade_fw.dir/Users/cadeciripompa/pico-sdk/lib/tinyusb/src/common/tusb_fifo.c.o
                0x10007848                tu_fifo_count
 .text.tu_fifo_empty
                0x10007874       0x10 CMakeFiles/blade_fw.dir/Users/cadeciripompa/pico-sdk/lib/tinyusb/src/common/tusb_fifo.c.o
                0x10007874                tu_fifo_empty
 .text.tu_fifo_remaining
                0x10007884       0x2c CMakeFiles/blade_fw.dir/Users/cadeciripompa/pico-sdk/lib/tinyusb/src/common/tusb_fifo.c.o
                0x10007884                tu_fifo_remaining
 .text.tu_fifo_read
                0x100078b0       0x9c CMakeFiles/blade_fw.dir/Users/cadeciripompa/pico-sdk/lib/tinyusb/src/common/tusb_fifo.c.o
                0x100078b0                tu_fifo_read
 .text.tu_fifo_read_n
                0x1000794c       0xe8 CMakeFiles/blade_fw.dir/Users/cadeciripompa/pico-sdk/lib/tinyusb/src/common/tusb_fifo.c.o
                0x1000794c                tu_fifo_read_n
 .text.tu_fifo_write
                0x10007a34       0xa8 CMakeFiles/blade_fw.dir/Users/cadeciripompa/pico-sdk/lib/tinyusb/src/common/tusb_fifo.c.o
                0x10007a34                tu_fifo_write
 .text.tu_fifo_write_n
                0x10007adc      0x178 CMakeFiles/blade_fw.dir/Users/cadeciripompa/pico-sdk/lib/tinyusb/src/common/tusb_fifo.c.o
                0x10007adc                tu_fifo_write_n
 .text.tu_fifo_clear
                0x10007c54       0x40 CMakeFiles/blade_fw.dir/Users/cadeciripompa/pico-sdk/lib/tinyusb/src/common/tusb_fifo.c.o
                0x10007c54                tu_fifo_clear
 .text.tu_fifo_set_overwritable
                0x10007c94       0x48 CMakeFiles/blade_fw.dir/Users/cadeciripompa/pico-sdk/lib/tinyusb/src/common/tusb_fifo.c.o
                0x10007c94                tu_fifo_set_overwritable
 .text.pio_claim_unused_sm
                0x10007cdc       0x38 CMakeFiles/blade_fw.dir/Users/cadeciripompa/pico-sdk/src/rp2_common/hardware_pio/pio.c.o
                0x10007cdc                pio_claim_unused_sm
 .text.pio_add_program
                0x10007d14      0x104 CMakeFiles/blade_fw.dir/Users/cadeciripompa/pico-sdk/src/rp2_common/hardware_pio/pio.c.o
                0x10007d14                pio_add_program
 .text.pio_sm_set_consecutive_pindirs
                0x10007e18       0xb4 CMakeFiles/blade_fw.dir/Users/cadeciripompa/pico-sdk/src/rp2_common/hardware_pio/pio.c.o
                0x10007e18                pio_sm_set_consecutive_pindirs
 .text.pio_sm_init
                0x10007ecc       0x9c CMakeFiles/blade_fw.dir/Users/cadeciripompa/pico-sdk/src/rp2_common/hardware_pio/pio.c.o
                0x10007ecc                pio_sm_init
 .text.dma_claim_unused_channel
                0x10007f68       0x24 CMakeFiles/blade_fw.dir/Users/cadeciripompa/pico-sdk/src/rp2_common/hardware_dma/dma.c.o
                0x10007f68                dma_claim_unused_channel
 .text.send_frame
                0x10007f8c       0x6c ../common/libsynchron_common.a(proto.c.o)
 .text.proto_task
                0x10007ff8       0xcc ../common/libsynchron_common.a(proto.c.o)
                0x10007ff8                proto_task
 .text.flash_init
                0x100080c4        0x4 ../common/libsynchron_common.a(flash_if.c.o)
                0x100080c4                flash_init
 .text.flash_read_jedec_id
                0x100080c8        0xc ../common/libsynchron_common.a(flash_if.c.o)
                0x100080c8                flash_read_jedec_id
 .text.flash_read
                0x100080d4        0x4 ../common/libsynchron_common.a(flash_if.c.o)
                0x100080d4                flash_read
 .text.crc16_ccitt
                0x100080d8       0xdc ../common/libsynchron_common.a(crc16_ccitt.c.o)
                0x100080d8                crc16_ccitt
 .text.atoi     0x100081b4        0xc /usr/local/arm-gnu-toolchain-13.2.rel1-darwin-arm64-arm-none-eabi/bin/../lib/gcc/arm-none-eabi/13.2.1/../../../../arm-none-eabi/lib/thumb/v6-m/nofp/libg.a(libc_a-atoi.o)
                0x100081b4                atoi
 .text._malloc_r
                0x100081c0      0x5c4 /usr/local/arm-gnu-toolchain-13.2.rel1-darwin-arm64-arm-none-eabi/bin/../lib/gcc/arm-none-eabi/13.2.1/../../../../arm-none-eabi/lib/thumb/v6-m/nofp/libg.a(libc_a-mallocr.o)
                0x100081c0                _malloc_r
 .text.__malloc_lock
                0x10008784       0x10 /usr/local/arm-gnu-toolchain-13.2.rel1-darwin-arm64-arm-none-eabi/bin/../lib/gcc/arm-none-eabi/13.2.1/../../../../arm-none-eabi/lib/thumb/v6-m/nofp/libg.a(libc_a-mlock.o)
                0x10008784                __malloc_lock
 .text.__malloc_unlock
                0x10008794       0x10 /usr/local/arm-gnu-toolchain-13.2.rel1-darwin-arm64-arm-none-eabi/bin/../lib/gcc/arm-none-eabi/13.2.1/../../../../arm-none-eabi/lib/thumb/v6-m/nofp/libg.a(libc_a-mlock.o)
                0x10008794                __malloc_unlock
 .text._realloc_r
                0x100087a4      0x350 /usr/local/arm-gnu-toolchain-13.2.rel1-darwin-arm64-arm-none-eabi/bin/../lib/gcc/arm-none-eabi/13.2.1/../../../../arm-none-eabi/lib/thumb/v6-m/nofp/libg.a(libc_a-reallocr.o)
                0x100087a4                _realloc_r
 .text._strtol_l.isra.0
                0x10008af4      0x158 /usr/local/arm-gnu-toolchain-13.2.rel1-darwin-arm64-arm-none-eabi/bin/../lib/gcc/arm-none-eabi/13.2.1/../../../../arm-none-eabi/lib/thumb/v6-m/nofp/libg.a(libc_a-strtol.o)
 .text.strtol   0x10008c4c       0x18 /usr/local/arm-gnu-toolchain-13.2.rel1-darwin-arm64-arm-none-eabi/bin/../lib/gcc/arm-none-eabi/13.2.1/../../../../arm-none-eabi/lib/thumb/v6-m/nofp/libg.a(libc_a-strtol.o)
                0x10008c4c                strtol
 .text.__sflush_r
                0x10008c64      0x148 /usr/local/arm-gnu-toolchain-13.2.rel1-darwin-arm64-arm-none-eabi/bin/../lib/gcc/arm-none-eabi/13.2.1/../../../../arm-none-eabi/lib/thumb/v6-m/nofp/libg.a(libc_a-fflush.o)
                0x10008c64                __sflush_r
 .text._fflush_r
                0x10008dac       0x68 /usr/local/arm-gnu-toolchain-13.2.rel1-darwin-arm64-arm-none-eabi/bin/../lib/gcc/arm-none-eabi/13.2.1/../../../../arm-none-eabi/lib/thumb/v6-m/nofp/libg.a(libc_a-fflush.o)
                0x10008dac                _fflush_r
 .text.fflush   0x10008e14       0x7c /usr/local/arm-gnu-toolchain-13.2.rel1-darwin-arm64-arm-none-eabi/bin/../lib/gcc/arm-none-eabi/13.2.1/../../../../arm-none-eabi/lib/thumb/v6-m/nofp/libg.a(libc_a-fflush.o)
                0x10008e14                fflush
 .text.stdio_exit_handler
                0x10008e90       0x1c /usr/local/arm-gnu-toolchain-13.2.rel1-darwin-arm64-arm-none-eabi/bin/../lib/gcc/arm-none-eabi/13.2.1/../../../../arm-none-eabi/lib/thumb/v6-m/nofp/libg.a(libc_a-findfp.o)
 .text.cleanup_stdio
                0x10008eac       0x3c /usr/local/arm-gnu-toolchain-13.2.rel1-darwin-arm64-arm-none-eabi/bin/../lib/gcc/arm-none-eabi/13.2.1/../../../../arm-none-eabi/lib/thumb/v6-m/nofp/libg.a(libc_a-findfp.o)
 .text.global_stdio_init.part.0
                0x10008ee8      0x118 /usr/local/arm-gnu-toolchain-13.2.rel1-darwin-arm64-arm-none-eabi/bin/../lib/gcc/arm-none-eabi/13.2.1/../../../../arm-none-eabi/lib/thumb/v6-m/nofp/libg.a(libc_a-findfp.o)
 .text.__sinit  0x10009000       0x38 /usr/local/arm-gnu-toolchain-13.2.rel1-darwin-arm64-arm-none-eabi/bin/../lib/gcc/arm-none-eabi/13.2.1/../../../../arm-none-eabi/lib/thumb/v6-m/nofp/libg.a(libc_a-findfp.o)
                0x10009000                __sinit
 .text.__sfp_lock_acquire
                0x10009038       0x10 /usr/local/arm-gnu-toolchain-13.2.rel1-darwin-arm64-arm-none-eabi/bin/../lib/gcc/arm-none-eabi/13.2.1/../../../../arm-none-eabi/lib/thumb/v6-m/nofp/libg.a(libc_a-findfp.o)
                0x10009038                __sfp_lock_acquire
 .text.__sfp_lock_release
                0x10009048       0x10 /usr/local/arm-gnu-toolchain-13.2.rel1-darwin-arm64-arm-none-eabi/bin/../lib/gcc/arm-none-eabi/13.2.1/../../../../arm-none-eabi/lib/thumb/v6-m/nofp/libg.a(libc_a-findfp.o)
                0x10009048                __sfp_lock_release
 .text._fwalk_sglue
                0x10009058       0x44 /usr/local/arm-gnu-toolchain-13.2.rel1-darwin-arm64-arm-none-eabi/bin/../lib/gcc/arm-none-eabi/13.2.1/../../../../arm-none-eabi/lib/thumb/v6-m/nofp/libg.a(libc_a-fwalk.o)
                0x10009058                _fwalk_sglue
 .text._fwrite_r
                0x1000909c       0xb0 /usr/local/arm-gnu-toolchain-13.2.rel1-darwin-arm64-arm-none-eabi/bin/../lib/gcc/arm-none-eabi/13.2.1/../../../../arm-none-eabi/lib/thumb/v6-m/nofp/libg.a(libc_a-fwrite.o)
                0x1000909c                _fwrite_r
 .text.fwrite   0x1000914c       0x20 /usr/local/arm-gnu-toolchain-13.2.rel1-darwin-arm64-arm-none-eabi/bin/../lib/gcc/arm-none-eabi/13.2.1/../../../../arm-none-eabi/lib/thumb/v6-m/nofp/libg.a(libc_a-fwrite.o)
                0x1000914c                fwrite
 .text.memcmp   0x1000916c       0x48 /usr/local/arm-gnu-toolchain-13.2.rel1-darwin-arm64-arm-none-eabi/bin/../lib/gcc/arm-none-eabi/13.2.1/../../../../arm-none-eabi/lib/thumb/v6-m/nofp/libg.a(libc_a-memcmp.o)
                0x1000916c                memcmp
 .text.memmove  0x100091b4       0xb0 /usr/local/arm-gnu-toolchain-13.2.rel1-darwin-arm64-arm-none-eabi/bin/../lib/gcc/arm-none-eabi/13.2.1/../../../../arm-none-eabi/lib/thumb/v6-m/nofp/libg.a(libc_a-memmove.o)
                0x100091b4                memmove
 .text.critical_factorization
                0x10009264       0xcc /usr/local/arm-gnu-toolchain-13.2.rel1-darwin-arm64-arm-none-eabi/bin/../lib/gcc/arm-none-eabi/13.2.1/../../../../arm-none-eabi/lib/thumb/v6-m/nofp/libg.a(libc_a-strstr.o)
 .text.two_way_long_needle
                0x10009330      0x228 /usr/local/arm-gnu-toolchain-13.2.rel1-darwin-arm64-arm-none-eabi/bin/../lib/gcc/arm-none-eabi/13.2.1/../../../../arm-none-eabi/lib/thumb/v6-m/nofp/libg.a(libc_a-strstr.o)
 .text.strstr   0x10009558      0x17c /usr/local/arm-gnu-toolchain-13.2.rel1-darwin-arm64-arm-none-eabi/bin/../lib/gcc/arm-none-eabi/13.2.1/../../../../arm-none-eabi/lib/thumb/v6-m/nofp/libg.a(libc_a-strstr.o)
                0x10009558                strstr
 .text._sbrk_r  0x100096d4       0x24 /usr/local/arm-gnu-toolchain-13.2.rel1-darwin-arm64-arm-none-eabi/bin/../lib/gcc/arm-none-eabi/13.2.1/../../../../arm-none-eabi/lib/thumb/v6-m/nofp/libg.a(libc_a-sbrkr.o)
                0x100096d4                _sbrk_r
 .text.__errno  0x100096f8        0xc /usr/local/arm-gnu-toolchain-13.2.rel1-darwin-arm64-arm-none-eabi/bin/../lib/gcc/arm-none-eabi/13.2.1/../../../../arm-none-eabi/lib/thumb/v6-m/nofp/libg.a(libc_a-errno.o)
                0x100096f8                __errno
 .text.sysconf  0x10009704       0x1c /usr/local/arm-gnu-toolchain-13.2.rel1-darwin-arm64-arm-none-eabi/bin/../lib/gcc/arm-none-eabi/13.2.1/../../../../arm-none-eabi/lib/thumb/v6-m/nofp/libg.a(libc_a-sysconf.o)
                0x10009704                sysconf
 .text.__retarget_lock_init_recursive
                0x10009720        0x4 /usr/local/arm-gnu-toolchain-13.2.rel1-darwin-arm64-arm-none-eabi/bin/../lib/gcc/arm-none-eabi/13.2.1/../../../../arm-none-eabi/lib/thumb/v6-m/nofp/libg.a(libc_a-lock.o)
                0x10009720                __retarget_lock_init_recursive
 .text.__retarget_lock_close_recursive
                0x10009724        0x4 /usr/local/arm-gnu-toolchain-13.2.rel1-darwin-arm64-arm-none-eabi/bin/../lib/gcc/arm-none-eabi/13.2.1/../../../../arm-none-eabi/lib/thumb/v6-m/nofp/libg.a(libc_a-lock.o)
                0x10009724                __retarget_lock_close_recursive
 .text.__retarget_lock_acquire_recursive
                0x10009728        0x4 /usr/local/arm-gnu-toolchain-13.2.rel1-darwin-arm64-arm-none-eabi/bin/../lib/gcc/arm-none-eabi/13.2.1/../../../../arm-none-eabi/lib/thumb/v6-m/nofp/libg.a(libc_a-lock.o)
                0x10009728                __retarget_lock_acquire_recursive
 .text.__retarget_lock_release_recursive
                0x1000972c        0x4 /usr/local/arm-gnu-toolchain-13.2.rel1-darwin-arm64-arm-none-eabi/bin/../lib/gcc/arm-none-eabi/13.2.1/../../../../arm-none-eabi/lib/thumb/v6-m/nofp/libg.a(libc_a-lock.o)
                0x1000972c                __retarget_lock_release_recursive
 .text.strlen   0x10009730       0x5c /usr/local/arm-gnu-toolchain-13.2.rel1-darwin-arm64-arm-none-eabi/bin/../lib/gcc/arm-none-eabi/13.2.1/../../../../arm-none-eabi/lib/thumb/v6-m/nofp/libg.a(libc_a-strlen-stub.o)
                0x10009730                strlen
 .text._malloc_trim_r
                0x1000978c       0xb4 /usr/local/arm-gnu-toolchain-13.2.rel1-darwin-arm64-arm-none-eabi/bin/../lib/gcc/arm-none-eabi/13.2.1/../../../../arm-none-eabi/lib/thumb/v6-m/nofp/libg.a(libc_a-freer.o)
                0x1000978c                _malloc_trim_r
 .text._free_r  0x10009840      0x1d4 /usr/local/arm-gnu-toolchain-13.2.rel1-darwin-arm64-arm-none-eabi/bin/../lib/gcc/arm-none-eabi/13.2.1/../../../../arm-none-eabi/lib/thumb/v6-m/nofp/libg.a(libc_a-freer.o)
                0x10009840                _free_r
 .text._fclose_r
                0x10009a14       0xd0 /usr/local/arm-gnu-toolchain-13.2.rel1-darwin-arm64-arm-none-eabi/bin/../lib/gcc/arm-none-eabi/13.2.1/../../../../arm-none-eabi/lib/thumb/v6-m/nofp/libg.a(libc_a-fclose.o)
                0x10009a14                _fclose_r
 .text.__sread  0x10009ae4       0x28 /usr/local/arm-gnu-toolchain-13.2.rel1-darwin-arm64-arm-none-eabi/bin/../lib/gcc/arm-none-eabi/13.2.1/../../../../arm-none-eabi/lib/thumb/v6-m/nofp/libg.a(libc_a-stdio.o)
                0x10009ae4                __sread
 .text.__swrite
                0x10009b0c       0x40 /usr/local/arm-gnu-toolchain-13.2.rel1-darwin-arm64-arm-none-eabi/bin/../lib/gcc/arm-none-eabi/13.2.1/../../../../arm-none-eabi/lib/thumb/v6-m/nofp/libg.a(libc_a-stdio.o)
                0x10009b0c                __swrite
 .text.__sseek  0x10009b4c       0x30 /usr/local/arm-gnu-toolchain-13.2.rel1-darwin-arm64-arm-none-eabi/bin/../lib/gcc/arm-none-eabi/13.2.1/../../../../arm-none-eabi/lib/thumb/v6-m/nofp/libg.a(libc_a-stdio.o)
                0x10009b4c                __sseek
 .text.__sclose
                0x10009b7c        0xc /usr/local/arm-gnu-toolchain-13.2.rel1-darwin-arm64-arm-none-eabi/bin/../lib/gcc/arm-none-eabi/13.2.1/../../../../arm-none-eabi/lib/thumb/v6-m/nofp/libg.a(libc_a-stdio.o)
                0x10009b7c                __sclose
 .text.__sfvwrite_r
                0x10009b88      0x310 /usr/local/arm-gnu-toolchain-13.2.rel1-darwin-arm64-arm-none-eabi/bin/../lib/gcc/arm-none-eabi/13.2.1/../../../../arm-none-eabi/lib/thumb/v6-m/nofp/libg.a(libc_a-fvwrite.o)
                0x10009b88                __sfvwrite_r
 .text.__swsetup_r
                0x10009e98       0xcc /usr/local/arm-gnu-toolchain-13.2.rel1-darwin-arm64-arm-none-eabi/bin/../lib/gcc/arm-none-eabi/13.2.1/../../../../arm-none-eabi/lib/thumb/v6-m/nofp/libg.a(libc_a-wsetup.o)
                0x10009e98                __swsetup_r
 .text.strchr   0x10009f64       0xc4 /usr/local/arm-gnu-toolchain-13.2.rel1-darwin-arm64-arm-none-eabi/bin/../lib/gcc/arm-none-eabi/13.2.1/../../../../arm-none-eabi/lib/thumb/v6-m/nofp/libg.a(libc_a-strchr.o)
                0x10009f64                strchr
 .text.strnlen  0x1000a028       0x24 /usr/local/arm-gnu-toolchain-13.2.rel1-darwin-arm64-arm-none-eabi/bin/../lib/gcc/arm-none-eabi/13.2.1/../../../../arm-none-eabi/lib/thumb/v6-m/nofp/libg.a(libc_a-strnlen.o)
                0x1000a028                strnlen
 .text._close_r
                0x1000a04c       0x24 /usr/local/arm-gnu-toolchain-13.2.rel1-darwin-arm64-arm-none-eabi/bin/../lib/gcc/arm-none-eabi/13.2.1/../../../../arm-none-eabi/lib/thumb/v6-m/nofp/libg.a(libc_a-closer.o)
                0x1000a04c                _close_r
 .text._lseek_r
                0x1000a070       0x28 /usr/local/arm-gnu-toolchain-13.2.rel1-darwin-arm64-arm-none-eabi/bin/../lib/gcc/arm-none-eabi/13.2.1/../../../../arm-none-eabi/lib/thumb/v6-m/nofp/libg.a(libc_a-lseekr.o)
                0x1000a070                _lseek_r
 .text._read_r  0x1000a098       0x28 /usr/local/arm-gnu-toolchain-13.2.rel1-darwin-arm64-arm-none-eabi/bin/../lib/gcc/arm-none-eabi/13.2.1/../../../../arm-none-eabi/lib/thumb/v6-m/nofp/libg.a(libc_a-readr.o)
                0x1000a098                _read_r
 .text._write_r
                0x1000a0c0       0x28 /usr/local/arm-gnu-toolchain-13.2.rel1-darwin-arm64-arm-none-eabi/bin/../lib/gcc/arm-none-eabi/13.2.1/../../../../arm-none-eabi/lib/thumb/v6-m/nofp/libg.a(libc_a-writer.o)
                0x1000a0c0                _write_r
 .text.memchr   0x1000a0e8       0x74 /usr/local/arm-gnu-toolchain-13.2.rel1-darwin-arm64-arm-none-eabi/bin/../lib/gcc/arm-none-eabi/13.2.1/../../../../arm-none-eabi/lib/thumb/v6-m/nofp/libg.a(libc_a-memchr-stub.o)
                0x1000a0e8                memchr
 .text.__smakebuf_r
                0x1000a15c       0xe0 /usr/local/arm-gnu-toolchain-13.2.rel1-darwin-arm64-arm-none-eabi/bin/../lib/gcc/arm-none-eabi/13.2.1/../../../../arm-none-eabi/lib/thumb/v6-m/nofp/libg.a(libc_a-makebuf.o)
                0x1000a15c                __smakebuf_r
 .text._fstat_r
                0x1000a23c       0x28 /usr/local/arm-gnu-toolchain-13.2.rel1-darwin-arm64-arm-none-eabi/bin/../lib/gcc/arm-none-eabi/13.2.1/../../../../arm-none-eabi/lib/thumb/v6-m/nofp/libg.a(libc_a-fstatr.o)
                0x1000a23c                _fstat_r
 .text._isatty_r
                0x1000a264       0x24 /usr/local/arm-gnu-toolchain-13.2.rel1-darwin-arm64-arm-none-eabi/bin/../lib/gcc/arm-none-eabi/13.2.1/../../../../arm-none-eabi/lib/thumb/v6-m/nofp/libg.a(libc_a-isattyr.o)
                0x1000a264                _isatty_r
 *(.fini)
 .fini          0x1000a288        0x4 /usr/local/arm-gnu-toolchain-13.2.rel1-darwin-arm64-arm-none-eabi/bin/../lib/gcc/arm-none-eabi/13.2.1/thumb/v6-m/nofp/crti.o
                0x1000a288                _fini
 *fill*         0x1000a28c        0x4 
 .fini.__stub   0x1000a290       0xc0 linker stubs
 *crtbegin.o(.ctors)
 *crtbegin?.o(.ctors)
 *(EXCLUDE_FILE(*crtend.o *crtend?.o) .ctors)
 *(SORT_BY_NAME(.ctors.*))
 *(.ctors)
 *crtbegin.o(.dtors)
 *crtbegin?.o(.dtors)
 *(EXCLUDE_FILE(*crtend.o *crtend?.o) .dtors)
 *(SORT_BY_NAME(.dtors.*))
 *(.dtors)
                0x1000a350                        . = ALIGN (0x4)
                0x1000a350                        PROVIDE (__preinit_array_start = .)
 *(SORT_BY_NAME(.preinit_array.*))
 .preinit_array.00100
                0x1000a350        0x4 CMakeFiles/blade_fw.dir/Users/cadeciripompa/pico-sdk/src/rp2_common/pico_runtime_init/runtime_init.c.o
                0x1000a350                __pre_init_runtime_init_early_resets
 .preinit_array.00101
                0x1000a354        0x4 CMakeFiles/blade_fw.dir/Users/cadeciripompa/pico-sdk/src/rp2_common/pico_runtime_init/runtime_init.c.o
                0x1000a354                __pre_init_runtime_init_usb_power_down
 .preinit_array.00275
                0x1000a358        0x4 CMakeFiles/blade_fw.dir/Users/cadeciripompa/pico-sdk/src/rp2_common/pico_bit_ops/bit_ops_aeabi.S.o
 .preinit_array.00300
                0x1000a35c        0x4 CMakeFiles/blade_fw.dir/Users/cadeciripompa/pico-sdk/src/rp2_common/pico_mem_ops/mem_ops_aeabi.S.o
 .preinit_array.00350
                0x1000a360        0x4 CMakeFiles/blade_fw.dir/Users/cadeciripompa/pico-sdk/src/rp2_common/pico_double/double_aeabi_rp2040.S.o
 .preinit_array.00350
                0x1000a364        0x4 CMakeFiles/blade_fw.dir/Users/cadeciripompa/pico-sdk/src/rp2_common/pico_float/float_aeabi_rp2040.S.o
 .preinit_array.00500
                0x1000a368        0x4 CMakeFiles/blade_fw.dir/Users/cadeciripompa/pico-sdk/src/rp2_common/pico_runtime_init/runtime_init.c.o
                0x1000a368                __pre_init_runtime_init_clocks
 .preinit_array.00600
                0x1000a36c        0x4 CMakeFiles/blade_fw.dir/Users/cadeciripompa/pico-sdk/src/rp2_common/pico_runtime_init/runtime_init.c.o
                0x1000a36c                __pre_init_runtime_init_post_clock_resets
 .preinit_array.00700
                0x1000a370        0x4 CMakeFiles/blade_fw.dir/Users/cadeciripompa/pico-sdk/src/rp2_common/pico_runtime_init/runtime_init.c.o
                0x1000a370                __pre_init_runtime_init_rp2040_gpio_ie_disable
 .preinit_array.01000
                0x1000a374        0x4 CMakeFiles/blade_fw.dir/Users/cadeciripompa/pico-sdk/src/rp2_common/pico_runtime_init/runtime_init.c.o
                0x1000a374                __pre_init_runtime_init_spin_locks_reset
 .preinit_array.01100
                0x1000a378        0x4 CMakeFiles/blade_fw.dir/Users/cadeciripompa/pico-sdk/src/common/pico_sync/mutex.c.o
                0x1000a378                __pre_init_runtime_init_mutex
 .preinit_array.10080
                0x1000a37c        0x4 CMakeFiles/blade_fw.dir/Users/cadeciripompa/pico-sdk/src/rp2_common/pico_runtime_init/runtime_init.c.o
                0x1000a37c                __pre_init_runtime_init_install_ram_vector_table
 .preinit_array.11000
                0x1000a380        0x4 CMakeFiles/blade_fw.dir/Users/cadeciripompa/pico-sdk/src/common/pico_time/time.c.o
                0x1000a380                __pre_init_runtime_init_default_alarm_pool
 .preinit_array.YYYYY
                0x1000a384        0x4 CMakeFiles/blade_fw.dir/Users/cadeciripompa/pico-sdk/src/rp2_common/pico_runtime/runtime.c.o
                0x1000a384                __pre_init_first_per_core_initializer
 .preinit_array.ZZZZZ.01200
                0x1000a388        0x4 CMakeFiles/blade_fw.dir/Users/cadeciripompa/pico-sdk/src/rp2_common/hardware_irq/irq.c.o
                0x1000a388                __pre_init_runtime_init_per_core_irq_priorities
 *(.preinit_array)
                0x1000a38c                        PROVIDE (__preinit_array_end = .)
                0x1000a38c                        . = ALIGN (0x4)
                0x1000a38c                        PROVIDE (__init_array_start = .)
 *(SORT_BY_NAME(.init_array.*))
 .init_array.01000
                0x1000a38c        0x4 CMakeFiles/blade_fw.dir/Users/cadeciripompa/pico-sdk/src/rp2_common/pico_unique_id/unique_id.c.o
 *(.init_array)
 .init_array    0x1000a390        0x4 /usr/local/arm-gnu-toolchain-13.2.rel1-darwin-arm64-arm-none-eabi/bin/../lib/gcc/arm-none-eabi/13.2.1/thumb/v6-m/nofp/crtbegin.o
                0x1000a394                        PROVIDE (__init_array_end = .)
                0x1000a394                        . = ALIGN (0x4)
                [!provide]                        PROVIDE (__fini_array_start = .)
 *(SORT_BY_NAME(.fini_array.*))
 *(.fini_array)
                [!provide]                        PROVIDE (__fini_array_end = .)
 *(.eh_frame*)
 .eh_frame      0x1000a394        0x0 /usr/local/arm-gnu-toolchain-13.2.rel1-darwin-arm64-arm-none-eabi/bin/../lib/gcc/arm-none-eabi/13.2.1/thumb/v6-m/nofp/crtbegin.o
                0x1000a394                        . = ALIGN (0x4)

.glue_7         0x1000a394        0x0
 .glue_7        0x1000a394        0x0 linker stubs

.glue_7t        0x1000a394        0x0
 .glue_7t       0x1000a394        0x0 linker stubs

.vfp11_veneer   0x1000a394        0x0
 .vfp11_veneer  0x1000a394        0x0 linker stubs

.v4_bx          0x1000a394        0x0
 .v4_bx         0x1000a394        0x0 linker stubs

.iplt           0x1000a394        0x0
 .iplt          0x1000a394        0x0 /usr/local/arm-gnu-toolchain-13.2.rel1-darwin-arm64-arm-none-eabi/bin/../lib/gcc/arm-none-eabi/13.2.1/thumb/v6-m/nofp/crtbegin.o

.rodata         0x1000a398      0xa08
 *(EXCLUDE_FILE(*libm.a: *libc.a:*lib_a-mem*.o *libgcc.a:) .rodata*)
 .rodata.main.str1.4
                0x1000a398      0x42a CMakeFiles/blade_fw.dir/src/main.c.o
                                 0x77 (size before relaxing)
 .rodata.load_canned_pattern.str1.4
                0x1000a7c2       0x43 CMakeFiles/blade_fw.dir/src/player.c.o
 *fill*         0x1000a7c2        0x2 
 .rodata.load_canned_pattern
                0x1000a7c4       0x1c CMakeFiles/blade_fw.dir/src/player.c.o
 .rodata.player_init.str1.4
                0x1000a7e0       0x33 CMakeFiles/blade_fw.dir/src/player.c.o
 .rodata.player_load_show.str1.4
                0x1000a7e0       0xec CMakeFiles/blade_fw.dir/src/player.c.o
 .rodata.sk9822_pio_init.str1.4
                0x1000a7e0       0x70 CMakeFiles/blade_fw.dir/src/sk9822_pio.c.o
 .rodata.sk9822_lane_program
                0x1000a7e0        0x8 CMakeFiles/blade_fw.dir/src/sk9822_pio.c.o
 .rodata.sk9822_lane_program_instructions
                0x1000a7e8        0x8 CMakeFiles/blade_fw.dir/src/sk9822_pio.c.o
 .rodata.panic.str1.4
                0x1000a7f0       0x12 CMakeFiles/blade_fw.dir/Users/cadeciripompa/pico-sdk/src/rp2_common/pico_platform_panic/panic.c.o
 .rodata.spin_lock_claim_unused.str1.4
                0x1000a7f0       0x1b CMakeFiles/blade_fw.dir/Users/cadeciripompa/pico-sdk/src/rp2_common/hardware_sync/sync.c.o
 .rodata.user_irq_claim_unused.str1.4
                0x1000a7f0       0x1b CMakeFiles/blade_fw.dir/Users/cadeciripompa/pico-sdk/src/rp2_common/hardware_irq/irq.c.o
 .rodata.at_the_end_of_time
                0x1000a7f0        0x8 CMakeFiles/blade_fw.dir/Users/cadeciripompa/pico-sdk/src/common/pico_time/time.c.o
                0x1000a7f0                at_the_end_of_time
 .rodata.timer_hardware_alarm_claim.str1.4
                0x1000a7f8       0x22 CMakeFiles/blade_fw.dir/Users/cadeciripompa/pico-sdk/src/rp2_common/hardware_timer/timer.c.o
 .rodata.hard_assertion_failure.str1.4
                0x1000a7f8        0xc CMakeFiles/blade_fw.dir/Users/cadeciripompa/pico-sdk/src/rp2_common/pico_runtime/runtime.c.o
 .rodata.str1.4
                0x1000a7f8       0x40 CMakeFiles/blade_fw.dir/Users/cadeciripompa/pico-sdk/src/rp2_common/pico_standard_binary_info/standard_binary_info.c.o
 .rodata.__bi_84
                0x1000a7f8        0xc CMakeFiles/blade_fw.dir/Users/cadeciripompa/pico-sdk/src/rp2_common/pico_standard_binary_info/standard_binary_info.c.o
 .rodata.__bi_78
                0x1000a804        0xc CMakeFiles/blade_fw.dir/Users/cadeciripompa/pico-sdk/src/rp2_common/pico_standard_binary_info/standard_binary_info.c.o
 .rodata.__bi_54
                0x1000a810        0xc CMakeFiles/blade_fw.dir/Users/cadeciripompa/pico-sdk/src/rp2_common/pico_standard_binary_info/standard_binary_info.c.o
 .rodata.__bi_48
                0x1000a81c        0xc CMakeFiles/blade_fw.dir/Users/cadeciripompa/pico-sdk/src/rp2_common/pico_standard_binary_info/standard_binary_info.c.o
 .rodata.__bi_42
                0x1000a828        0xc CMakeFiles/blade_fw.dir/Users/cadeciripompa/pico-sdk/src/rp2_common/pico_standard_binary_info/standard_binary_info.c.o
 .rodata.__bi_34
                0x1000a834        0xc CMakeFiles/blade_fw.dir/Users/cadeciripompa/pico-sdk/src/rp2_common/pico_standard_binary_info/standard_binary_info.c.o
 .rodata.__bi_26
                0x1000a840        0xc CMakeFiles/blade_fw.dir/Users/cadeciripompa/pico-sdk/src/rp2_common/pico_standard_binary_info/standard_binary_info.c.o
 .rodata._ftoa.str1.4
                0x1000a84c       0x15 CMakeFiles/blade_fw.dir/Users/cadeciripompa/pico-sdk/src/rp2_common/pico_printf/printf.c.o
 .rodata._vsnprintf
                0x1000a84c      0x19c CMakeFiles/blade_fw.dir/Users/cadeciripompa/pico-sdk/src/rp2_common/pico_printf/printf.c.o
 .rodata.pow10.0
                0x1000a9e8       0x50 CMakeFiles/blade_fw.dir/Users/cadeciripompa/pico-sdk/src/rp2_common/pico_printf/printf.c.o
 .rodata.crlf_str.0
                0x1000aa38        0x2 CMakeFiles/blade_fw.dir/Users/cadeciripompa/pico-sdk/src/rp2_common/pico_stdio/stdio.c.o
 *fill*         0x1000aa3a        0x2 
 .rodata._resetd_driver
                0x1000aa3c       0x20 CMakeFiles/blade_fw.dir/Users/cadeciripompa/pico-sdk/src/rp2_common/pico_stdio_usb/reset_interface.c.o
 .rodata.desc_ms_os_20
                0x1000aa5c       0xa6 CMakeFiles/blade_fw.dir/Users/cadeciripompa/pico-sdk/src/rp2_common/pico_stdio_usb/reset_interface.c.o
 *fill*         0x1000ab02        0x2 
 .rodata.desc_bos
                0x1000ab04       0x21 CMakeFiles/blade_fw.dir/Users/cadeciripompa/pico-sdk/src/rp2_common/pico_stdio_usb/reset_interface.c.o
                0x1000ab04                desc_bos
 .rodata.str1.4
                0x1000ab25       0x13 CMakeFiles/blade_fw.dir/Users/cadeciripompa/pico-sdk/src/rp2_common/pico_stdio_usb/stdio_usb.c.o
 *fill*         0x1000ab25        0x3 
 .rodata.__bi_202.0
                0x1000ab28        0xc CMakeFiles/blade_fw.dir/Users/cadeciripompa/pico-sdk/src/rp2_common/pico_stdio_usb/stdio_usb.c.o
 .rodata.str1.4
                0x1000ab34       0x2a CMakeFiles/blade_fw.dir/Users/cadeciripompa/pico-sdk/src/rp2_common/pico_stdio_usb/stdio_usb_descriptors.c.o
 .rodata.usbd_desc_str
                0x1000ab34       0x18 CMakeFiles/blade_fw.dir/Users/cadeciripompa/pico-sdk/src/rp2_common/pico_stdio_usb/stdio_usb_descriptors.c.o
 .rodata.usbd_desc_cfg
                0x1000ab4c       0x54 CMakeFiles/blade_fw.dir/Users/cadeciripompa/pico-sdk/src/rp2_common/pico_stdio_usb/stdio_usb_descriptors.c.o
 .rodata.usbd_desc_device
                0x1000aba0       0x12 CMakeFiles/blade_fw.dir/Users/cadeciripompa/pico-sdk/src/rp2_common/pico_stdio_usb/stdio_usb_descriptors.c.o
 .rodata.str1.4
                0x1000abb2       0x14 CMakeFiles/blade_fw.dir/Users/cadeciripompa/pico-sdk/lib/tinyusb/src/portable/raspberrypi/rp2040/dcd_rp2040.c.o
 .rodata.str1.4
                0x1000abb2       0x48 CMakeFiles/blade_fw.dir/Users/cadeciripompa/pico-sdk/lib/tinyusb/src/portable/raspberrypi/rp2040/rp2040_usb.c.o
 *fill*         0x1000abb2        0x2 
 .rodata.tud_task_ext
                0x1000abb4       0x8c CMakeFiles/blade_fw.dir/Users/cadeciripompa/pico-sdk/lib/tinyusb/src/device/usbd.c.o
 .rodata        0x1000ac40       0x1c CMakeFiles/blade_fw.dir/Users/cadeciripompa/pico-sdk/lib/tinyusb/src/device/usbd.c.o
 .rodata._usbd_driver
                0x1000ac5c       0x40 CMakeFiles/blade_fw.dir/Users/cadeciripompa/pico-sdk/lib/tinyusb/src/device/usbd.c.o
 .rodata.pio_claim_unused_sm.str1.4
                0x1000ac9c       0x24 CMakeFiles/blade_fw.dir/Users/cadeciripompa/pico-sdk/src/rp2_common/hardware_pio/pio.c.o
 .rodata.dma_claim_unused_channel.str1.4
                0x1000ac9c       0x1e CMakeFiles/blade_fw.dir/Users/cadeciripompa/pico-sdk/src/rp2_common/hardware_dma/dma.c.o
 .rodata.proto_task.str1.4
                0x1000ac9c       0x2a ../common/libsynchron_common.a(proto.c.o)
 .rodata._ctype_
                0x1000ac9c      0x101 /usr/local/arm-gnu-toolchain-13.2.rel1-darwin-arm64-arm-none-eabi/bin/../lib/gcc/arm-none-eabi/13.2.1/../../../../arm-none-eabi/lib/thumb/v6-m/nofp/libg.a(libc_a-ctype_.o)
                0x1000ac9c                _ctype_
                0x1000ada0                        . = ALIGN (0x4)
 *fill*         0x1000ad9d        0x3 
 *(SORT_BY_ALIGNMENT(SORT_BY_NAME(.flashdata*)))
                0x1000ada0                        . = ALIGN (0x4)

.ARM.extab
 *(.ARM.extab* .gnu.linkonce.armextab.*)
                0x1000ada0                        __exidx_start = .

.ARM.exidx
 *(.ARM.exidx* .gnu.linkonce.armexidx.*)
                0x1000ada0                        __exidx_end = .
                0x1000ada0                        . = ALIGN (0x4)
                0x1000ada0                        __binary_info_start = .

.binary_info    0x1000ada0       0x20
 *(.binary_info.keep.*)
 .binary_info.keep.__bi_ptr84
                0x1000ada0        0x4 CMakeFiles/blade_fw.dir/Users/cadeciripompa/pico-sdk/src/rp2_common/pico_standard_binary_info/standard_binary_info.c.o
 .binary_info.keep.__bi_ptr78
                0x1000ada4        0x4 CMakeFiles/blade_fw.dir/Users/cadeciripompa/pico-sdk/src/rp2_common/pico_standard_binary_info/standard_binary_info.c.o
 .binary_info.keep.__bi_ptr54
                0x1000ada8        0x4 CMakeFiles/blade_fw.dir/Users/cadeciripompa/pico-sdk/src/rp2_common/pico_standard_binary_info/standard_binary_info.c.o
 .binary_info.keep.__bi_ptr48
                0x1000adac        0x4 CMakeFiles/blade_fw.dir/Users/cadeciripompa/pico-sdk/src/rp2_common/pico_standard_binary_info/standard_binary_info.c.o
 .binary_info.keep.__bi_ptr42
                0x1000adb0        0x4 CMakeFiles/blade_fw.dir/Users/cadeciripompa/pico-sdk/src/rp2_common/pico_standard_binary_info/standard_binary_info.c.o
 .binary_info.keep.__bi_ptr34
                0x1000adb4        0x4 CMakeFiles/blade_fw.dir/Users/cadeciripompa/pico-sdk/src/rp2_common/pico_standard_binary_info/standard_binary_info.c.o
 .binary_info.keep.__bi_ptr26
                0x1000adb8        0x4 CMakeFiles/blade_fw.dir/Users/cadeciripompa/pico-sdk/src/rp2_common/pico_standard_binary_info/standard_binary_info.c.o
 *(.binary_info.*)
 .binary_info.__bi_ptr202
                0x1000adbc        0x4 CMakeFiles/blade_fw.dir/Users/cadeciripompa/pico-sdk/src/rp2_common/pico_stdio_usb/stdio_usb.c.o
                0x1000adc0                        __binary_info_end = .
                0x1000adc0                        . = ALIGN (0x4)

.ram_vector_table
                0x20000000       0xc0
 *(.ram_vector_table)
 .ram_vector_table
                0x20000000       0xc0 CMakeFiles/blade_fw.dir/Users/cadeciripompa/pico-sdk/src/rp2_common/pico_runtime_init/runtime_init.c.o
                0x20000000                ram_vector_table

.uninitialized_data
                0x200000c0        0x0
                0x200000c0                        . = ALIGN (0x4)
 *(.uninitialized_data*)

.data           0x200000c0     0x1550 load address 0x1000adc0
                0x200000c0                        __data_start__ = .
 *(vtable)
 *(.time_critical*)
 .time_critical.mutex_try_enter
                0x200000c0       0x40 CMakeFiles/blade_fw.dir/Users/cadeciripompa/pico-sdk/src/common/pico_sync/mutex.c.o
                0x200000c0                mutex_try_enter
 .time_critical.mutex_try_enter_block_until
                0x20000100       0x9c CMakeFiles/blade_fw.dir/Users/cadeciripompa/pico-sdk/src/common/pico_sync/mutex.c.o
                0x20000100                mutex_try_enter_block_until
 .time_critical.mutex_enter_timeout_ms
                0x2000019c       0x90 CMakeFiles/blade_fw.dir/Users/cadeciripompa/pico-sdk/src/common/pico_sync/mutex.c.o
                0x2000019c                mutex_enter_timeout_ms
 .time_critical.mutex_exit
                0x2000022c       0x28 CMakeFiles/blade_fw.dir/Users/cadeciripompa/pico-sdk/src/common/pico_sync/mutex.c.o
                0x2000022c                mutex_exit
 .time_critical.flash_init_boot2_copyout
                0x20000254       0x30 CMakeFiles/blade_fw.dir/Users/cadeciripompa/pico-sdk/src/rp2_common/hardware_flash/flash.c.o
 .time_critical.flash_enable_xip_via_boot2
                0x20000284        0xc CMakeFiles/blade_fw.dir/Users/cadeciripompa/pico-sdk/src/rp2_common/hardware_flash/flash.c.o
 .time_critical.flash_save_hardware_state
                0x20000290       0x20 CMakeFiles/blade_fw.dir/Users/cadeciripompa/pico-sdk/src/rp2_common/hardware_flash/flash.c.o
 .time_critical.flash_restore_hardware_state
                0x200002b0       0x20 CMakeFiles/blade_fw.dir/Users/cadeciripompa/pico-sdk/src/rp2_common/hardware_flash/flash.c.o
 .time_critical.flash_cs_force
                0x200002d0       0x38 CMakeFiles/blade_fw.dir/Users/cadeciripompa/pico-sdk/src/rp2_common/hardware_flash/flash.c.o
 .time_critical.flash_do_cmd
                0x20000308       0xd0 CMakeFiles/blade_fw.dir/Users/cadeciripompa/pico-sdk/src/rp2_common/hardware_flash/flash.c.o
                0x20000308                flash_do_cmd
 .time_critical.reset_non_control_endpoints
                0x200003d8       0x68 CMakeFiles/blade_fw.dir/Users/cadeciripompa/pico-sdk/lib/tinyusb/src/portable/raspberrypi/rp2040/dcd_rp2040.c.o
 .time_critical.hw_handle_buff_status
                0x20000440       0xa0 CMakeFiles/blade_fw.dir/Users/cadeciripompa/pico-sdk/lib/tinyusb/src/portable/raspberrypi/rp2040/dcd_rp2040.c.o
 .time_critical.dcd_rp2040_irq
                0x200004e0      0x544 CMakeFiles/blade_fw.dir/Users/cadeciripompa/pico-sdk/lib/tinyusb/src/portable/raspberrypi/rp2040/dcd_rp2040.c.o
 .time_critical.prepare_ep_buffer
                0x20000a24       0xe0 CMakeFiles/blade_fw.dir/Users/cadeciripompa/pico-sdk/lib/tinyusb/src/portable/raspberrypi/rp2040/rp2040_usb.c.o
 .time_critical.sync_ep_buffer
                0x20000b04       0xa8 CMakeFiles/blade_fw.dir/Users/cadeciripompa/pico-sdk/lib/tinyusb/src/portable/raspberrypi/rp2040/rp2040_usb.c.o
 .time_critical._hw_endpoint_xfer_sync
                0x20000bac       0x28 CMakeFiles/blade_fw.dir/Users/cadeciripompa/pico-sdk/lib/tinyusb/src/portable/raspberrypi/rp2040/rp2040_usb.c.o
 .time_critical.e15_is_bulkin_ep
                0x20000bd4       0x28 CMakeFiles/blade_fw.dir/Users/cadeciripompa/pico-sdk/lib/tinyusb/src/portable/raspberrypi/rp2040/rp2040_usb.c.o
 .time_critical.e15_is_critical_frame_period
                0x20000bfc       0x34 CMakeFiles/blade_fw.dir/Users/cadeciripompa/pico-sdk/lib/tinyusb/src/portable/raspberrypi/rp2040/rp2040_usb.c.o
 .time_critical.hw_endpoint_reset_transfer
                0x20000c30        0xc CMakeFiles/blade_fw.dir/Users/cadeciripompa/pico-sdk/lib/tinyusb/src/portable/raspberrypi/rp2040/rp2040_usb.c.o
                0x20000c30                hw_endpoint_reset_transfer
 .time_critical._hw_endpoint_buffer_control_update32
                0x20000c3c       0x50 CMakeFiles/blade_fw.dir/Users/cadeciripompa/pico-sdk/lib/tinyusb/src/portable/raspberrypi/rp2040/rp2040_usb.c.o
                0x20000c3c                _hw_endpoint_buffer_control_update32
 .time_critical.hw_endpoint_start_next_buffer
                0x20000c8c       0x6c CMakeFiles/blade_fw.dir/Users/cadeciripompa/pico-sdk/lib/tinyusb/src/portable/raspberrypi/rp2040/rp2040_usb.c.o
                0x20000c8c                hw_endpoint_start_next_buffer
 .time_critical.hw_endpoint_xfer_continue
                0x20000cf8       0x40 CMakeFiles/blade_fw.dir/Users/cadeciripompa/pico-sdk/lib/tinyusb/src/portable/raspberrypi/rp2040/rp2040_usb.c.o
                0x20000cf8                hw_endpoint_xfer_continue
 .time_critical.tinyusb
                0x20000d38      0x1e4 CMakeFiles/blade_fw.dir/Users/cadeciripompa/pico-sdk/lib/tinyusb/src/device/usbd.c.o
                0x20000d38                dcd_event_handler
 *(.text*)
 .text          0x20000f1c        0x4 /usr/local/arm-gnu-toolchain-13.2.rel1-darwin-arm64-arm-none-eabi/bin/../lib/gcc/arm-none-eabi/13.2.1/thumb/v6-m/nofp/libgcc.a(_dvmd_tls.o)
                0x20000f1c                __aeabi_ldiv0
                0x20000f1c                __aeabi_idiv0
 .text.__stub   0x20000f20       0x80 linker stubs
                0x20000fa0                        . = ALIGN (0x4)
 *(.rodata*)
                0x20000fa0                        . = ALIGN (0x4)
 *(.data*)
 .data.prefetch_event_idx
                0x20000fa0        0x4 CMakeFiles/blade_fw.dir/src/player.c.o
 .data.rev_period_us
                0x20000fa4        0x4 CMakeFiles/blade_fw.dir/src/player.c.o
 .data.prefetch_buf
                0x20000fa8        0x4 CMakeFiles/blade_fw.dir/src/player.c.o
 .data.active_buf
                0x20000fac        0x4 CMakeFiles/blade_fw.dir/src/player.c.o
 .data.lanes    0x20000fb0       0x50 CMakeFiles/blade_fw.dir/src/sk9822_pio.c.o
 .data.striped_spin_lock_num
                0x20001000        0x1 CMakeFiles/blade_fw.dir/Users/cadeciripompa/pico-sdk/src/rp2_common/hardware_sync/sync.c.o
 *fill*         0x20001001        0x3 
 .data          0x20001004       0x48 CMakeFiles/blade_fw.dir/Users/cadeciripompa/pico-sdk/src/rp2_common/hardware_irq/irq_handler_chain.S.o
                0x20001004                irq_handler_chain_slots
                0x20001034                irq_handler_chain_first_slot
                0x2000103e                irq_handler_chain_remove_tail
 .data.default_alarm_pool
                0x2000104c       0x18 CMakeFiles/blade_fw.dir/Users/cadeciripompa/pico-sdk/src/common/pico_time/time.c.o
 *fill*         0x20001064        0xc 
 .data.aeabi_bits_funcs