Archive member included to satisfy reference by file (symbol)

C:/PROGRA~2/ARMGNU~1/14EFD8~1.2RE/bin/../lib/gcc/arm-none-eabi/14.2.1/thumb/v6-m/nofp\libgcc.a(_dvmd_tls.o)
                              xbus_test/CMakeFiles/xbus_test_fw.dir/C_/Users/callo/pico-sdk/src/rp2_common/pico_divider/divider_hardware.S.obj (__aeabi_idiv0)
C:/PROGRA~2/ARMGNU~1/14EFD8~1.2RE/bin/../lib/gcc/arm-none-eabi/14.2.1/thumb/v6-m/nofp\libg.a(libc_a-calloc.o)
                              xbus_test/CMakeFiles/xbus_test_fw.dir/C_/Users/callo/pico-sdk/src/rp2_common/pico_malloc/malloc.c.obj (calloc)
C:/PROGRA~2/ARMGNU~1/14EFD8~1.2RE/bin/../lib/gcc/arm-none-eabi/14.2.1/thumb/v6-m/nofp\libg.a(libc_a-callocr.o)
                              C:/PROGRA~2/ARMGNU~1/14EFD8~1.2RE/bin/../lib/gcc/arm-none-eabi/14.2.1/thumb/v6-m/nofp\libg.a(libc_a-calloc.o) (_calloc_r)
C:/PROGRA~2/ARMGNU~1/14EFD8~1.2RE/bin/../lib/gcc/arm-none-eabi/14.2.1/thumb/v6-m/nofp\libg.a(libc_a-malloc.o)
                              xbus_test/CMakeFiles/xbus_test_fw.dir/C_/Users/callo/pico-sdk/src/rp2_common/pico_malloc/malloc.c.obj (malloc)
C:/PROGRA~2/ARMGNU~1/14EFD8~1.2RE/bin/../lib/gcc/arm-none-eabi/14.2.1/thumb/v6-m/nofp\libg.a(libc_a-mallocr.o)
                              C:/PROGRA~2/ARMGNU~1/14EFD8~1.2RE/bin/../lib/gcc/arm-none-eabi/14.2.1/thumb/v6-m/nofp\libg.a(libc_a-callocr.o) (_malloc_r)
C:/PROGRA~2/ARMGNU~1/14EFD8~1.2RE/bin/../lib/gcc/arm-none-eabi/14.2.1/thumb/v6-m/nofp\libg.a(libc_a-mlock.o)
                              C:/PROGRA~2/ARMGNU~1/14EFD8~1.2RE/bin/../lib/gcc/arm-none-eabi/14.2.1/thumb/v6-m/nofp\libg.a(libc_a-mallocr.o) (__malloc_lock)
C:/PROGRA~2/ARMGNU~1/14EFD8~1.2RE/bin/../lib/gcc/arm-none-eabi/14.2.1/thumb/v6-m/nofp\libg.a(libc_a-realloc.o)
                              xbus_test/CMakeFiles/xbus_test_fw.dir/C_/Users/callo/pico-sdk/src/rp2_common/pico_malloc/malloc.c.obj (realloc)
C:/PROGRA~2/ARMGNU~1/14EFD8~1.2RE/bin/../lib/gcc/arm-none-eabi/14.2.1/thumb/v6-m/nofp\libg.a(libc_a-reallocr.o)
                              C:/PROGRA~2/ARMGNU~1/14EFD8~1.2RE/bin/../lib/gcc/arm-none-eabi/14.2.1/thumb/v6-m/nofp\libg.a(libc_a-realloc.o) (_realloc_r)
C:/PROGRA~2/ARMGNU~1/14EFD8~1.2RE/bin/../lib/gcc/arm-none-eabi/14.2.1/thumb/v6-m/nofp\libg.a(libc_a-memcmp.o)
                              xbus_test/CMakeFiles/xbus_test_fw.dir/C_/Users/callo/pico-sdk/src/rp2_common/pico_atomic/atomic.c.obj (memcmp)
C:/PROGRA~2/ARMGNU~1/14EFD8~1.2RE/bin/../lib/gcc/arm-none-eabi/14.2.1/thumb/v6-m/nofp\libg.a(libc_a-memmove.o)
                              C:/PROGRA~2/ARMGNU~1/14EFD8~1.2RE/bin/../lib/gcc/arm-none-eabi/14.2.1/thumb/v6-m/nofp\libg.a(libc_a-reallocr.o) (memmove)
C:/PROGRA~2/ARMGNU~1/14EFD8~1.2RE/bin/../lib/gcc/arm-none-eabi/14.2.1/thumb/v6-m/nofp\libg.a(libc_a-lcltime_r.o)
                              xbus_test/CMakeFiles/xbus_test_fw.dir/C_/Users/callo/pico-sdk/src/common/pico_util/datetime.c.obj (localtime_r)
C:/PROGRA~2/ARMGNU~1/14EFD8~1.2RE/bin/../lib/gcc/arm-none-eabi/14.2.1/thumb/v6-m/nofp\libg.a(libc_a-mktime.o)
                              xbus_test/CMakeFiles/xbus_test_fw.dir/C_/Users/callo/pico-sdk/src/common/pico_util/datetime.c.obj (mktime)
C:/PROGRA~2/ARMGNU~1/14EFD8~1.2RE/bin/../lib/gcc/arm-none-eabi/14.2.1/thumb/v6-m/nofp\libg.a(libc_a-month_lengths.o)
                              C:/PROGRA~2/ARMGNU~1/14EFD8~1.2RE/bin/../lib/gcc/arm-none-eabi/14.2.1/thumb/v6-m/nofp\libg.a(libc_a-lcltime_r.o) (__month_lengths)
C:/PROGRA~2/ARMGNU~1/14EFD8~1.2RE/bin/../lib/gcc/arm-none-eabi/14.2.1/thumb/v6-m/nofp\libg.a(libc_a-tzcalc_limits.o)
                              C:/PROGRA~2/ARMGNU~1/14EFD8~1.2RE/bin/../lib/gcc/arm-none-eabi/14.2.1/thumb/v6-m/nofp\libg.a(libc_a-lcltime_r.o) (__tzcalc_limits)
C:/PROGRA~2/ARMGNU~1/14EFD8~1.2RE/bin/../lib/gcc/arm-none-eabi/14.2.1/thumb/v6-m/nofp\libg.a(libc_a-tzlock.o)
                              C:/PROGRA~2/ARMGNU~1/14EFD8~1.2RE/bin/../lib/gcc/arm-none-eabi/14.2.1/thumb/v6-m/nofp\libg.a(libc_a-lcltime_r.o) (__tz_lock)
C:/PROGRA~2/ARMGNU~1/14EFD8~1.2RE/bin/../lib/gcc/arm-none-eabi/14.2.1/thumb/v6-m/nofp\libg.a(libc_a-tzset.o)
                              C:/PROGRA~2/ARMGNU~1/14EFD8~1.2RE/bin/../lib/gcc/arm-none-eabi/14.2.1/thumb/v6-m/nofp\libg.a(libc_a-lcltime_r.o) (_tzset_unlocked)
C:/PROGRA~2/ARMGNU~1/14EFD8~1.2RE/bin/../lib/gcc/arm-none-eabi/14.2.1/thumb/v6-m/nofp\libg.a(libc_a-tzset_r.o)
                              C:/PROGRA~2/ARMGNU~1/14EFD8~1.2RE/bin/../lib/gcc/arm-none-eabi/14.2.1/thumb/v6-m/nofp\libg.a(libc_a-tzset.o) (_tzset_unlocked_r)
C:/PROGRA~2/ARMGNU~1/14EFD8~1.2RE/bin/../lib/gcc/arm-none-eabi/14.2.1/thumb/v6-m/nofp\libg.a(libc_a-tzvars.o)
                              C:/PROGRA~2/ARMGNU~1/14EFD8~1.2RE/bin/../lib/gcc/arm-none-eabi/14.2.1/thumb/v6-m/nofp\libg.a(libc_a-tzset_r.o) (_timezone)
C:/PROGRA~2/ARMGNU~1/14EFD8~1.2RE/bin/../lib/gcc/arm-none-eabi/14.2.1/thumb/v6-m/nofp\libg.a(libc_a-impure.o)
[...]
Memory Configuration

Name             Origin             Length             Attributes
FLASH            0x10000000         0x00200000         xr
RAM              0x20000000         0x00040000         xrw
SCRATCH_X        0x20040000         0x00001000         xrw
SCRATCH_Y        0x20041000         0x00001000         xrw
*default*        0x00000000         0xffffffff

Linker script and memory map

LOAD C:/PROGRA~2/ARMGNU~1/14EFD8~1.2RE/bin/../lib/gcc/arm-none-eabi/14.2.1/thumb/v6-m/nofp/crti.o
LOAD C:/PROGRA~2/ARMGNU~1/14EFD8~1.2RE/bin/../lib/gcc/arm-none-eabi/14.2.1/thumb/v6-m/nofp/crtbegin.o
LOAD C:/PROGRA~2/ARMGNU~1/14EFD8~1.2RE/bin/../lib/gcc/arm-none-eabi/14.2.1/thumb/v6-m/nofp/crt0.o

.flash_begin    0x10000000        0x0
                0x10000000                        __flash_binary_start = .

.boot2          0x10000000      0x100
                0x10000000                        __boot2_start__ = .
 *(.boot2)
 .boot2         0x10000000      0x100 pico-sdk/src/rp2040/boot_stage2/CMakeFiles/bs2_default_library.dir/./bs2_default_padded_checksummed.S.obj
                0x10000100                        __boot2_end__ = .
                0x00000001                        ASSERT (((__boot2_end__ - __boot2_start__) == 0x100), ERROR: Pico second stage bootloader must be 256 bytes in size)

.text           0x10000100     0x6f04
                0x10000100                        __logical_binary_start = .
 *(.vectors)
 .vectors       0x10000100       0xd4 xbus_test/CMakeFiles/xbus_test_fw.dir/C_/Users/callo/pico-sdk/src/rp2_common/pico_crt0/crt0.S.obj
                0x10000100                __VECTOR_TABLE
                0x10000100                __vectors
                0x100001c0                isr_irq13
                0x100001c0                isr_irq27
                0x100001c0                isr_irq31
                0x100001c0                isr_irq12
                0x100001c0                isr_irq5
                0x100001c0                isr_irq11
                0x100001c0                isr_irq3
                0x100001c0                isr_irq23
                0x100001c0                __unhandled_user_irq
                0x100001c0                isr_irq26
                0x100001c0                isr_irq28
                0x100001c0                isr_irq19
                0x100001c0                isr_irq0
                0x100001c0                isr_irq6
                0x100001c0                isr_irq29
                0x100001c0                isr_irq16
                0x100001c0                isr_irq22
                0x100001c0                isr_irq18
                0x100001c0                isr_irq17
                0x100001c0                isr_irq14
                0x100001c0                __vectors_end
                0x100001c0                __default_isrs_start
                0x100001c0                isr_irq2
                0x100001c0                isr_irq10
                0x100001c0                isr_irq8
                0x100001c0                isr_irq24
                0x100001c0                isr_irq1
                0x100001c0                isr_irq7
                0x100001c0                isr_irq21
                0x100001c0                isr_irq20
                0x100001c0                isr_irq15
                0x100001c0                isr_irq25
                0x100001c0                isr_irq4
                0x100001c0                isr_irq30
                0x100001c0                isr_irq9
                0x100001c6                unhandled_user_irq_num_in_r0
                0x100001c8                isr_invalid
                0x100001ca                isr_nmi
                0x100001cc                isr_hardfault
                0x100001ce                isr_svcall
                0x100001d0                isr_pendsv
                0x100001d2                isr_systick
                0x100001d4                __default_isrs_end
 *(.binary_info_header)
 .binary_info_header
                0x100001d4       0x14 xbus_test/CMakeFiles/xbus_test_fw.dir/C_/Users/callo/pico-sdk/src/rp2_common/pico_crt0/crt0.S.obj
                0x100001e8                        __binary_info_header_end = .
 *(.embedded_block)
                0x100001e8                        __embedded_block_end = .
 *(.reset)
 .reset         0x100001e8       0x9c xbus_test/CMakeFiles/xbus_test_fw.dir/C_/Users/callo/pico-sdk/src/rp2_common/pico_crt0/crt0.S.obj
                0x100001e8                _entry_point
 *(.init)
 .init          0x10000284        0x4 C:/PROGRA~2/ARMGNU~1/14EFD8~1.2RE/bin/../lib/gcc/arm-none-eabi/14.2.1/thumb/v6-m/nofp/crti.o
                0x10000284                _init
 *(EXCLUDE_FILE(*libm.a: *libc.a:*lib_a-mem*.o *libgcc.a:) .text*)
 .text.register_tm_clones
                0x10000288       0x28 C:/PROGRA~2/ARMGNU~1/14EFD8~1.2RE/bin/../lib/gcc/arm-none-eabi/14.2.1/thumb/v6-m/nofp/crtbegin.o
 .text.frame_dummy
                0x100002b0       0x24 C:/PROGRA~2/ARMGNU~1/14EFD8~1.2RE/bin/../lib/gcc/arm-none-eabi/14.2.1/thumb/v6-m/nofp/crtbegin.o
 .text.startup.main
                0x100002d4      0x240 xbus_test/CMakeFiles/xbus_test_fw.dir/src/main.c.obj
                0x100002d4                main
 .text.gpio_set_function
                0x10000514       0x34 xbus_test/CMakeFiles/xbus_test_fw.dir/C_/Users/callo/pico-sdk/src/rp2_common/hardware_gpio/gpio.c.obj
                0x10000514                gpio_set_function
 .text.gpio_set_inover
                0x10000548       0x24 xbus_test/CMakeFiles/xbus_test_fw.dir/C_/Users/callo/pico-sdk/src/rp2_common/hardware_gpio/gpio.c.obj
                0x10000548                gpio_set_inover
 .text.rp2040_chip_version
                0x1000056c        0xc xbus_test/CMakeFiles/xbus_test_fw.dir/C_/Users/callo/pico-sdk/src/rp2040/pico_platform/platform.c.obj
                0x1000056c                rp2040_chip_version
 .text.panic    0x10000578       0x30 xbus_test/CMakeFiles/xbus_test_fw.dir/C_/Users/callo/pico-sdk/src/rp2_common/pico_platform_panic/panic.c.obj
                0x10000578                panic
 .text.hw_claim_or_assert
                0x100005a8       0x44 xbus_test/CMakeFiles/xbus_test_fw.dir/C_/Users/callo/pico-sdk/src/common/hardware_claim/claim.c.obj
                0x100005a8                hw_claim_or_assert
 .text.hw_claim_unused_from_range
                0x100005ec       0x88 xbus_test/CMakeFiles/xbus_test_fw.dir/C_/Users/callo/pico-sdk/src/common/hardware_claim/claim.c.obj
                0x100005ec                hw_claim_unused_from_range
 .text.next_striped_spin_lock_num
                0x10000674       0x18 xbus_test/CMakeFiles/xbus_test_fw.dir/C_/Users/callo/pico-sdk/src/rp2_common/hardware_sync/sync.c.obj
                0x10000674                next_striped_spin_lock_num
 .text.spin_lock_claim_unused
                0x1000068c       0x24 xbus_test/CMakeFiles/xbus_test_fw.dir/C_/Users/callo/pico-sdk/src/rp2_common/hardware_sync/sync.c.obj
                0x1000068c                spin_lock_claim_unused
 .text.spin_locks_reset
                0x100006b0       0x1c xbus_test/CMakeFiles/xbus_test_fw.dir/C_/Users/callo/pico-sdk/src/rp2_common/hardware_sync_spin_lock/sync_spin_lock.c.obj
                0x100006b0                spin_locks_reset
 .text.runtime_init_per_core_irq_priorities
                0x100006cc       0x24 xbus_test/CMakeFiles/xbus_test_fw.dir/C_/Users/callo/pico-sdk/src/rp2_common/hardware_irq/irq.c.obj
                0x100006cc                runtime_init_per_core_irq_priorities
 .text.irq_set_enabled
                0x100006f0       0x24 xbus_test/CMakeFiles/xbus_test_fw.dir/C_/Users/callo/pico-sdk/src/rp2_common/hardware_irq/irq.c.obj
                0x100006f0                irq_set_enabled
 .text.irq_is_enabled
                0x10000714       0x18 xbus_test/CMakeFiles/xbus_test_fw.dir/C_/Users/callo/pico-sdk/src/rp2_common/hardware_irq/irq.c.obj
                0x10000714                irq_is_enabled
 .text.irq_set_pending
                0x1000072c       0x10 xbus_test/CMakeFiles/xbus_test_fw.dir/C_/Users/callo/pico-sdk/src/rp2_common/hardware_irq/irq.c.obj
                0x1000072c                irq_set_pending
 .text.irq_has_shared_handler
                0x1000073c       0x24 xbus_test/CMakeFiles/xbus_test_fw.dir/C_/Users/callo/pico-sdk/src/rp2_common/hardware_irq/irq.c.obj
                0x1000073c                irq_has_shared_handler
 .text.irq_set_exclusive_handler
                0x10000760       0x54 xbus_test/CMakeFiles/xbus_test_fw.dir/C_/Users/callo/pico-sdk/src/rp2_common/hardware_irq/irq.c.obj
                0x10000760                irq_set_exclusive_handler
 .text.irq_add_shared_handler
                0x100007b4      0x1f4 xbus_test/CMakeFiles/xbus_test_fw.dir/C_/Users/callo/pico-sdk/src/rp2_common/hardware_irq/irq.c.obj
                0x100007b4                irq_add_shared_handler
 .text.irq_add_tail_to_free_list
                0x100009a8       0xb4 xbus_test/CMakeFiles/xbus_test_fw.dir/C_/Users/callo/pico-sdk/src/rp2_common/hardware_irq/irq.c.obj
                0x100009a8                irq_add_tail_to_free_list
 .text.user_irq_claim_unused
                0x10000a5c       0x2c xbus_test/CMakeFiles/xbus_test_fw.dir/C_/Users/callo/pico-sdk/src/rp2_common/hardware_irq/irq.c.obj
                0x10000a5c                user_irq_claim_unused
 .text.lock_init
                0x10000a88       0x10 xbus_test/CMakeFiles/xbus_test_fw.dir/C_/Users/callo/pico-sdk/src/common/pico_sync/lock_core.c.obj
                0x10000a88                lock_init
 .text.runtime_init_mutex
                0x10000a98       0x50 xbus_test/CMakeFiles/xbus_test_fw.dir/C_/Users/callo/pico-sdk/src/common/pico_sync/mutex.c.obj
                0x10000a98                runtime_init_mutex
 .text.mutex_init
                0x10000ae8       0x1c xbus_test/CMakeFiles/xbus_test_fw.dir/C_/Users/callo/pico-sdk/src/common/pico_sync/mutex.c.obj
                0x10000ae8                mutex_init
 .text.critical_section_init
                0x10000b04       0x1c xbus_test/CMakeFiles/xbus_test_fw.dir/C_/Users/callo/pico-sdk/src/common/pico_sync/critical_section.c.obj
                0x10000b04                critical_section_init
 .text.critical_section_init_with_lock_num
                0x10000b20       0x14 xbus_test/CMakeFiles/xbus_test_fw.dir/C_/Users/callo/pico-sdk/src/common/pico_sync/critical_section.c.obj
                0x10000b20                critical_section_init_with_lock_num
 .text.sleep_until_callback
                0x10000b34       0x30 xbus_test/CMakeFiles/xbus_test_fw.dir/C_/Users/callo/pico-sdk/src/common/pico_time/time.c.obj
 .text.alarm_pool_irq_handler
                0x10000b64      0x300 xbus_test/CMakeFiles/xbus_test_fw.dir/C_/Users/callo/pico-sdk/src/common/pico_time/time.c.obj
 .text.runtime_init_default_alarm_pool
                0x10000e64       0xdc xbus_test/CMakeFiles/xbus_test_fw.dir/C_/Users/callo/pico-sdk/src/common/pico_time/time.c.obj
                0x10000e64                runtime_init_default_alarm_pool
 .text.alarm_pool_get_default
                0x10000f40        0x8 xbus_test/CMakeFiles/xbus_test_fw.dir/C_/Users/callo/pico-sdk/src/common/pico_time/time.c.obj
                0x10000f40                alarm_pool_get_default
 .text.alarm_pool_add_alarm_at
                0x10000f48       0xd0 xbus_test/CMakeFiles/xbus_test_fw.dir/C_/Users/callo/pico-sdk/src/common/pico_time/time.c.obj
                0x10000f48                alarm_pool_add_alarm_at
 .text.alarm_pool_add_alarm_at_force_in_context
                0x10001018       0xb0 xbus_test/CMakeFiles/xbus_test_fw.dir/C_/Users/callo/pico-sdk/src/common/pico_time/time.c.obj
                0x10001018                alarm_pool_add_alarm_at_force_in_context
 .text.alarm_pool_cancel_alarm
                0x100010c8       0x74 xbus_test/CMakeFiles/xbus_test_fw.dir/C_/Users/callo/pico-sdk/src/common/pico_time/time.c.obj
                0x100010c8                alarm_pool_cancel_alarm
 .text.alarm_pool_core_num
                0x1000113c        0x4 xbus_test/CMakeFiles/xbus_test_fw.dir/C_/Users/callo/pico-sdk/src/common/pico_time/time.c.obj
                0x1000113c                alarm_pool_core_num
 .text.sleep_ms
                0x10001140       0xfc xbus_test/CMakeFiles/xbus_test_fw.dir/C_/Users/callo/pico-sdk/src/common/pico_time/time.c.obj
                0x10001140                sleep_ms
 .text.best_effort_wfe_or_timeout
                0x1000123c      0x10c xbus_test/CMakeFiles/xbus_test_fw.dir/C_/Users/callo/pico-sdk/src/common/pico_time/time.c.obj
                0x1000123c                best_effort_wfe_or_timeout
 .text.timer_hardware_alarm_claim
                0x10001348       0x14 xbus_test/CMakeFiles/xbus_test_fw.dir/C_/Users/callo/pico-sdk/src/rp2_common/hardware_timer/timer.c.obj
                0x10001348                timer_hardware_alarm_claim
 .text.timer_time_us_64
                0x1000135c       0x10 xbus_test/CMakeFiles/xbus_test_fw.dir/C_/Users/callo/pico-sdk/src/rp2_common/hardware_timer/timer.c.obj
                0x1000135c                timer_time_us_64
 .text.time_us_64
                0x1000136c       0x14 xbus_test/CMakeFiles/xbus_test_fw.dir/C_/Users/callo/pico-sdk/src/rp2_common/hardware_timer/timer.c.obj
                0x1000136c                time_us_64
 .text.busy_wait_us
                0x10001380       0x68 xbus_test/CMakeFiles/xbus_test_fw.dir/C_/Users/callo/pico-sdk/src/rp2_common/hardware_timer/timer.c.obj
                0x10001380                busy_wait_us
 .text.busy_wait_until
                0x100013e8       0x20 xbus_test/CMakeFiles/xbus_test_fw.dir/C_/Users/callo/pico-sdk/src/rp2_common/hardware_timer/timer.c.obj
                0x100013e8                busy_wait_until
 .text.uart_init
                0x10001408      0x120 xbus_test/CMakeFiles/xbus_test_fw.dir/C_/Users/callo/pico-sdk/src/rp2_common/hardware_uart/uart.c.obj
                0x10001408                uart_init
 .text.uart_set_format
                0x10001528       0x78 xbus_test/CMakeFiles/xbus_test_fw.dir/C_/Users/callo/pico-sdk/src/rp2_common/hardware_uart/uart.c.obj
                0x10001528                uart_set_format
 .text.uart_set_fifo_enabled
                0x100015a0       0x5c xbus_test/CMakeFiles/xbus_test_fw.dir/C_/Users/callo/pico-sdk/src/rp2_common/hardware_uart/uart.c.obj
                0x100015a0                uart_set_fifo_enabled
 .text.clock_configure_int_divider
                0x100015fc       0xf4 xbus_test/CMakeFiles/xbus_test_fw.dir/C_/Users/callo/pico-sdk/src/rp2_common/hardware_clocks/clocks.c.obj
                0x100015fc                clock_configure_int_divider
 .text.clock_configure_undivided
                0x100016f0       0xe8 xbus_test/CMakeFiles/xbus_test_fw.dir/C_/Users/callo/pico-sdk/src/rp2_common/hardware_clocks/clocks.c.obj
                0x100016f0                clock_configure_undivided
 .text.clock_get_hz
                0x100017d8        0xc xbus_test/CMakeFiles/xbus_test_fw.dir/C_/Users/callo/pico-sdk/src/rp2_common/hardware_clocks/clocks.c.obj
                0x100017d8                clock_get_hz
 .text.pll_init
                0x100017e4       0xa4 xbus_test/CMakeFiles/xbus_test_fw.dir/C_/Users/callo/pico-sdk/src/rp2_common/hardware_pll/pll.c.obj
                0x100017e4                pll_init
 .text.watchdog_reboot
                0x10001888       0x9c xbus_test/CMakeFiles/xbus_test_fw.dir/C_/Users/callo/pico-sdk/src/rp2_common/hardware_watchdog/watchdog.c.obj
                0x10001888                watchdog_reboot
 .text.tick_start
                0x10001924       0x10 xbus_test/CMakeFiles/xbus_test_fw.dir/C_/Users/callo/pico-sdk/src/rp2_common/hardware_ticks/ticks.c.obj
                0x10001924                tick_start
 .text.rom_func_lookup
                0x10001934       0x10 xbus_test/CMakeFiles/xbus_test_fw.dir/C_/Users/callo/pico-sdk/src/rp2_common/pico_bootrom/bootrom.c.obj
                0x10001934                rom_func_lookup
 .text.rom_data_lookup
                0x10001944       0x10 xbus_test/CMakeFiles/xbus_test_fw.dir/C_/Users/callo/pico-sdk/src/rp2_common/pico_bootrom/bootrom.c.obj
                0x10001944                rom_data_lookup
 .text.rom_funcs_lookup
                0x10001954       0x44 xbus_test/CMakeFiles/xbus_test_fw.dir/C_/Users/callo/pico-sdk/src/rp2_common/pico_bootrom/bootrom.c.obj
                0x10001954                rom_funcs_lookup
 .text.rom_reset_usb_boot_extra
                0x10001998       0x24 xbus_test/CMakeFiles/xbus_test_fw.dir/C_/Users/callo/pico-sdk/src/rp2_common/pico_bootrom/bootrom.c.obj
                0x10001998                rom_reset_usb_boot_extra
 .text.xosc_init
                0x100019bc       0x28 xbus_test/CMakeFiles/xbus_test_fw.dir/C_/Users/callo/pico-sdk/src/rp2_common/hardware_xosc/xosc.c.obj
                0x100019bc                xosc_init
 .text.first_per_core_initializer
                0x100019e4        0x4 xbus_test/CMakeFiles/xbus_test_fw.dir/C_/Users/callo/pico-sdk/src/rp2_common/pico_runtime/runtime.c.obj
 .text.hard_assertion_failure
                0x100019e8        0xc xbus_test/CMakeFiles/xbus_test_fw.dir/C_/Users/callo/pico-sdk/src/rp2_common/pico_runtime/runtime.c.obj
                0x100019e8                hard_assertion_failure
 .text.runtime_run_initializers
                0x100019f4       0x28 xbus_test/CMakeFiles/xbus_test_fw.dir/C_/Users/callo/pico-sdk/src/rp2_common/pico_runtime/runtime.c.obj
                0x100019f4                runtime_run_initializers
 .text.runtime_init_early_resets
                0x10001a1c       0x2c xbus_test/CMakeFiles/xbus_test_fw.dir/C_/Users/callo/pico-sdk/src/rp2_common/pico_runtime_init/runtime_init.c.obj
                0x10001a1c                runtime_init_early_resets
 .text.runtime_init_usb_power_down
                0x10001a48       0x1c xbus_test/CMakeFiles/xbus_test_fw.dir/C_/Users/callo/pico-sdk/src/rp2_common/pico_runtime_init/runtime_init.c.obj
                0x10001a48                runtime_init_usb_power_down
 .text.runtime_init_post_clock_resets
                0x10001a64       0x20 xbus_test/CMakeFiles/xbus_test_fw.dir/C_/Users/callo/pico-sdk/src/rp2_common/pico_runtime_init/runtime_init.c.obj
                0x10001a64                runtime_init_post_clock_resets
 .text.runtime_init_rp2040_gpio_ie_disable
                0x10001a84       0x14 xbus_test/CMakeFiles/xbus_test_fw.dir/C_/Users/callo/pico-sdk/src/rp2_common/pico_runtime_init/runtime_init.c.obj
                0x10001a84                runtime_init_rp2040_gpio_ie_disable
 .text.runtime_init_spin_locks_reset
                0x10001a98        0x8 xbus_test/CMakeFiles/xbus_test_fw.dir/C_/Users/callo/pico-sdk/src/rp2_common/pico_runtime_init/runtime_init.c.obj
                0x10001a98                runtime_init_spin_locks_reset
 .text.runtime_init_install_ram_vector_table
                0x10001aa0       0xb4 xbus_test/CMakeFiles/xbus_test_fw.dir/C_/Users/callo/pico-sdk/src/rp2_common/pico_runtime_init/runtime_init.c.obj
                0x10001aa0                runtime_init_install_ram_vector_table
 .text.runtime_init_clocks
                0x10001b54       0xd8 xbus_test/CMakeFiles/xbus_test_fw.dir/C_/Users/callo/pico-sdk/src/rp2_common/pico_runtime_init/runtime_init_clocks.c.obj
                0x10001b54                runtime_init_clocks
 .text          0x10001c2c       0x10 xbus_test/CMakeFiles/xbus_test_fw.dir/C_/Users/callo/pico-sdk/src/rp2_common/pico_bit_ops/bit_ops_aeabi.S.obj
 .text.__wrap___aeabi_idiv
                0x10001c3c       0x50 xbus_test/CMakeFiles/xbus_test_fw.dir/C_/Users/callo/pico-sdk/src/rp2_common/pico_divider/divider_hardware.S.obj
                0x10001c3c                __wrap___aeabi_idivmod
                0x10001c3c                divmod_s32s32
                0x10001c3c                div_s32s32
                0x10001c3c                __wrap___aeabi_idiv
                0x10001c44                divmod_s32s32_unsafe
                0x10001c70                divmod_s32s32_savestate
 .text.__wrap___aeabi_uidiv
                0x10001c8c       0x4c xbus_test/CMakeFiles/xbus_test_fw.dir/C_/Users/callo/pico-sdk/src/rp2_common/pico_divider/divider_hardware.S.obj
                0x10001c8c                __wrap___aeabi_uidiv
                0x10001c8c                __wrap___aeabi_uidivmod
                0x10001c8c                div_u32u32
                0x10001c8c                divmod_u32u32
                0x10001c94                divmod_u32u32_unsafe
                0x10001cbc                divmod_u32u32_savestate
 .text.__wrap___aeabi_ldiv
                0x10001cd8      0x424 xbus_test/CMakeFiles/xbus_test_fw.dir/C_/Users/callo/pico-sdk/src/rp2_common/pico_divider/divider_hardware.S.obj
                0x10001cd8                div_s64s64
                0x10001cd8                divmod_s64s64
                0x10001cd8                __wrap___aeabi_ldivmod
                0x10001d08                divmod_u64u64
                0x10001d08                div_u64u64
                0x10001d08                __wrap___aeabi_uldivmod
                0x10001d18                divmod_u64u64_savestate
                0x10001d38                divmod_s64s64_unsafe
                0x10001dc0                divmod_u64u64_unsafe
 .text.__wrap___aeabi_darithmetic
                0x100020fc       0x80 xbus_test/CMakeFiles/xbus_test_fw.dir/C_/Users/callo/pico-sdk/src/rp2_common/pico_double/double_aeabi_rp2040.S.obj
                0x100020fc                __wrap___aeabi_drsub
                0x10002102                __wrap___aeabi_dsub
                0x10002114                __wrap___aeabi_dadd
                0x10002126                __wrap___aeabi_ddiv
                0x10002162                __wrap___aeabi_dmul
 .text.__wrap___aeabi_cdcmple
                0x1000217c       0x6c xbus_test/CMakeFiles/xbus_test_fw.dir/C_/Users/callo/pico-sdk/src/rp2_common/pico_double/double_aeabi_rp2040.S.obj
                0x1000217c                __wrap___aeabi_cdrcmple
                0x1000218c                __wrap___aeabi_cdcmpeq
                0x1000218c                __wrap___aeabi_cdcmple
 .text.__wrap___aeabi_dcmplt
                0x100021e8        0xc xbus_test/CMakeFiles/xbus_test_fw.dir/C_/Users/callo/pico-sdk/src/rp2_common/pico_double/double_aeabi_rp2040.S.obj
                0x100021e8                __wrap___aeabi_dcmplt
 .text.__wrap___aeabi_dcmple
                0x100021f4       0x10 xbus_test/CMakeFiles/xbus_test_fw.dir/C_/Users/callo/pico-sdk/src/rp2_common/pico_double/double_aeabi_rp2040.S.obj
                0x100021f4                __wrap___aeabi_dcmple
 .text.__wrap___aeabi_dcmpge
                0x10002204       0x10 xbus_test/CMakeFiles/xbus_test_fw.dir/C_/Users/callo/pico-sdk/src/rp2_common/pico_double/double_aeabi_rp2040.S.obj
                0x10002204                __wrap___aeabi_dcmpge
 .text.__wrap___aeabi_dcmpgt
                0x10002214        0xa xbus_test/CMakeFiles/xbus_test_fw.dir/C_/Users/callo/pico-sdk/src/rp2_common/pico_double/double_aeabi_rp2040.S.obj
                0x10002214                __wrap___aeabi_dcmpgt
 .text.__wrap___aeabi_dcmpun
                0x1000221e       0x18 xbus_test/CMakeFiles/xbus_test_fw.dir/C_/Users/callo/pico-sdk/src/rp2_common/pico_double/double_aeabi_rp2040.S.obj
                0x1000221e                __wrap___aeabi_dcmpun
 *fill*         0x10002236        0x2 
 .text.__wrap___aeabi_i2d
                0x10002238       0x38 xbus_test/CMakeFiles/xbus_test_fw.dir/C_/Users/callo/pico-sdk/src/rp2_common/pico_double/double_aeabi_rp2040.S.obj
                0x10002238                uint2double
                0x10002238                __wrap___aeabi_ui2d
                0x10002240                int2double
                0x10002240                __wrap___aeabi_i2d
 .text.__wrap___aeabi_d2iz
                0x10002270       0x48 xbus_test/CMakeFiles/xbus_test_fw.dir/C_/Users/callo/pico-sdk/src/rp2_common/pico_double/double_aeabi_rp2040.S.obj
                0x10002270                double2int_z
                0x10002270                __wrap___aeabi_d2iz
 .text.__wrap___aeabi_d2uiz
                0x100022b8       0x18 xbus_test/CMakeFiles/xbus_test_fw.dir/C_/Users/callo/pico-sdk/src/rp2_common/pico_double/double_aeabi_rp2040.S.obj
                0x100022b8                double2uint
                0x100022b8                __wrap___aeabi_d2uiz
                0x100022b8                double2uint_z
 .text.__aeabi_double_init
                0x100022d0       0xa4 xbus_test/CMakeFiles/xbus_test_fw.dir/C_/Users/callo/pico-sdk/src/rp2_common/pico_double/double_init_rom_rp2040.c.obj
                0x100022d0                __aeabi_double_init
 .text.double_table_shim_on_use_helper
                0x10002374       0x2c xbus_test/CMakeFiles/xbus_test_fw.dir/C_/Users/callo/pico-sdk/src/rp2_common/pico_double/double_v1_rom_shim_rp2040.S.obj
                0x10002374                double_table_shim_on_use_helper
 .text.__wrap___aeabi_dsub
                0x100023a0       0x10 xbus_test/CMakeFiles/xbus_test_fw.dir/C_/Users/callo/pico-sdk/src/rp2_common/pico_double/double_v1_rom_shim_rp2040.S.obj
                0x100023a0                drsub_shim
                0x100023a6                dsub_shim
 .text.dadd_shim
                0x100023b0      0x15c xbus_test/CMakeFiles/xbus_test_fw.dir/C_/Users/callo/pico-sdk/src/rp2_common/pico_double/double_v1_rom_shim_rp2040.S.obj
                0x100023b0                dadd_shim
 .text.dmul_shim
                0x1000250c      0x15c xbus_test/CMakeFiles/xbus_test_fw.dir/C_/Users/callo/pico-sdk/src/rp2_common/pico_double/double_v1_rom_shim_rp2040.S.obj
                0x1000250c                dmul_shim
 .text.ddiv_shim
                0x10002668      0x1b0 xbus_test/CMakeFiles/xbus_test_fw.dir/C_/Users/callo/pico-sdk/src/rp2_common/pico_double/double_v1_rom_shim_rp2040.S.obj
                0x10002668                ddiv_shim
 .text.double2uint_shim
                0x10002818        0xe xbus_test/CMakeFiles/xbus_test_fw.dir/C_/Users/callo/pico-sdk/src/rp2_common/pico_double/double_v1_rom_shim_rp2040.S.obj
                0x10002818                double2uint_shim
                0x1000281a                double2ufix_shim
 *fill*         0x10002826        0x2 
 .text.double2uint64_shim
                0x10002828       0x70 xbus_test/CMakeFiles/xbus_test_fw.dir/C_/Users/callo/pico-sdk/src/rp2_common/pico_double/double_v1_rom_shim_rp2040.S.obj
                0x10002828                double2uint64_shim
                0x1000282a                double2ufix64_shim
                0x1000284a                d2fix_a
 .text.dunpacks
                0x10002898       0x3c xbus_test/CMakeFiles/xbus_test_fw.dir/C_/Users/callo/pico-sdk/src/rp2_common/pico_double/double_v1_rom_shim_rp2040.S.obj
                0x10002898                dunpacks
 .text.__aeabi_lmul
                0x100028d4       0x32 xbus_test/CMakeFiles/xbus_test_fw.dir/C_/Users/callo/pico-sdk/src/rp2_common/pico_int64_ops/pico_int64_ops_aeabi.S.obj
                0x100028d4                __wrap___aeabi_lmul
 *fill*         0x10002906        0x2 
 .text.__aeabi_float_init
                0x10002908       0x64 xbus_test/CMakeFiles/xbus_test_fw.dir/C_/Users/callo/pico-sdk/src/rp2_common/pico_float/float_init_rom_rp2040.c.obj
                0x10002908                __aeabi_float_init
 .text.float_table_shim_on_use_helper
                0x1000296c       0x2c xbus_test/CMakeFiles/xbus_test_fw.dir/C_/Users/callo/pico-sdk/src/rp2_common/pico_float/float_v1_rom_shim_rp2040.S.obj
                0x1000296c                float_table_shim_on_use_helper
 .text          0x10002998       0x10 xbus_test/CMakeFiles/xbus_test_fw.dir/C_/Users/callo/pico-sdk/src/rp2_common/pico_mem_ops/mem_ops_aeabi.S.obj
                0x10002998                __aeabi_mem_init
 .text.memset   0x100029a8        0xc xbus_test/CMakeFiles/xbus_test_fw.dir/C_/Users/callo/pico-sdk/src/rp2_common/pico_mem_ops/mem_ops_aeabi.S.obj
                0x100029a8                __wrap_memset
 .text.memcpy   0x100029b4        0xc xbus_test/CMakeFiles/xbus_test_fw.dir/C_/Users/callo/pico-sdk/src/rp2_common/pico_mem_ops/mem_ops_aeabi.S.obj
                0x100029b4                __wrap_memcpy
                0x100029b4                __wrap___aeabi_memcpy
 .text._out_null
                0x100029c0        0x4 xbus_test/CMakeFiles/xbus_test_fw.dir/C_/Users/callo/pico-sdk/src/rp2_common/pico_printf/printf.c.obj
 .text._out_rev
                0x100029c4       0xac xbus_test/CMakeFiles/xbus_test_fw.dir/C_/Users/callo/pico-sdk/src/rp2_common/pico_printf/printf.c.obj
 .text._ntoa_format
                0x10002a70      0x1cc xbus_test/CMakeFiles/xbus_test_fw.dir/C_/Users/callo/pico-sdk/src/rp2_common/pico_printf/printf.c.obj
 .text._out_char
                0x10002c3c       0x10 xbus_test/CMakeFiles/xbus_test_fw.dir/C_/Users/callo/pico-sdk/src/rp2_common/pico_printf/printf.c.obj
 .text._out_fct
                0x10002c4c       0x10 xbus_test/CMakeFiles/xbus_test_fw.dir/C_/Users/callo/pico-sdk/src/rp2_common/pico_printf/printf.c.obj
 .text._ftoa    0x10002c5c      0x4a8 xbus_test/CMakeFiles/xbus_test_fw.dir/C_/Users/callo/pico-sdk/src/rp2_common/pico_printf/printf.c.obj
 .text._etoa    0x10003104      0x57c xbus_test/CMakeFiles/xbus_test_fw.dir/C_/Users/callo/pico-sdk/src/rp2_common/pico_printf/printf.c.obj
 .text._vsnprintf
                0x10003680      0xbe0 xbus_test/CMakeFiles/xbus_test_fw.dir/C_/Users/callo/pico-sdk/src/rp2_common/pico_printf/printf.c.obj
 .text.vfctprintf
                0x10004260       0x24 xbus_test/CMakeFiles/xbus_test_fw.dir/C_/Users/callo/pico-sdk/src/rp2_common/pico_printf/printf.c.obj
                0x10004260                vfctprintf
 .text.weak_raw_vprintf
                0x10004284       0x30 xbus_test/CMakeFiles/xbus_test_fw.dir/C_/Users/callo/pico-sdk/src/rp2_common/pico_printf/printf.c.obj
                0x10004284                weak_raw_vprintf
 .text._exit    0x100042b4        0x4 xbus_test/CMakeFiles/xbus_test_fw.dir/C_/Users/callo/pico-sdk/src/rp2_common/pico_clib_interface/newlib_interface.c.obj
                0x100042b4                _exit
 .text.exit     0x100042b8        0x8 xbus_test/CMakeFiles/xbus_test_fw.dir/C_/Users/callo/pico-sdk/src/rp2_common/pico_clib_interface/newlib_interface.c.obj
                0x100042b8                exit
 .text.runtime_init
                0x100042c0       0x2c xbus_test/CMakeFiles/xbus_test_fw.dir/C_/Users/callo/pico-sdk/src/rp2_common/pico_clib_interface/newlib_interface.c.obj
                0x100042c0                runtime_init
 .text.stdio_out_chars_no_crlf
                0x100042ec       0x10 xbus_test/CMakeFiles/xbus_test_fw.dir/C_/Users/callo/pico-sdk/src/rp2_common/pico_stdio/stdio.c.obj
 .text.stdio_out_chars_crlf
                0x100042fc       0xb0 xbus_test/CMakeFiles/xbus_test_fw.dir/C_/Users/callo/pico-sdk/src/rp2_common/pico_stdio/stdio.c.obj
 .text.stdio_buffered_printer
                0x100043ac       0x64 xbus_test/CMakeFiles/xbus_test_fw.dir/C_/Users/callo/pico-sdk/src/rp2_common/pico_stdio/stdio.c.obj
 .text.stdio_put_string
                0x10004410       0xfc xbus_test/CMakeFiles/xbus_test_fw.dir/C_/Users/callo/pico-sdk/src/rp2_common/pico_stdio/stdio.c.obj
                0x10004410                stdio_put_string
 .text.stdio_set_driver_enabled
                0x1000450c       0x30 xbus_test/CMakeFiles/xbus_test_fw.dir/C_/Users/callo/pico-sdk/src/rp2_common/pico_stdio/stdio.c.obj
                0x1000450c                stdio_set_driver_enabled
 .text.stdio_init_all
                0x1000453c        0x8 xbus_test/CMakeFiles/xbus_test_fw.dir/C_/Users/callo/pico-sdk/src/rp2_common/pico_stdio/stdio.c.obj
                0x1000453c                stdio_init_all
 .text.__wrap_putchar
                0x10004544       0x94 xbus_test/CMakeFiles/xbus_test_fw.dir/C_/Users/callo/pico-sdk/src/rp2_common/pico_stdio/stdio.c.obj
                0x10004544                __wrap_putchar
                0x10004544                stdio_putchar
 .text.__wrap_puts
                0x100045d8       0x3c xbus_test/CMakeFiles/xbus_test_fw.dir/C_/Users/callo/pico-sdk/src/rp2_common/pico_stdio/stdio.c.obj
                0x100045d8                stdio_puts
                0x100045d8                __wrap_puts
 .text.__wrap_vprintf
                0x10004614       0xcc xbus_test/CMakeFiles/xbus_test_fw.dir/C_/Users/callo/pico-sdk/src/rp2_common/pico_stdio/stdio.c.obj
                0x10004614                stdio_vprintf
                0x10004614                __wrap_vprintf
 .text.__wrap_printf
                0x100046e0       0x18 xbus_test/CMakeFiles/xbus_test_fw.dir/C_/Users/callo/pico-sdk/src/rp2_common/pico_stdio/stdio.c.obj
                0x100046e0                __wrap_printf
                0x100046e0                stdio_printf
 .text.resetd_init
                0x100046f8        0x4 xbus_test/CMakeFiles/xbus_test_fw.dir/C_/Users/callo/pico-sdk/src/rp2_common/pico_stdio_usb/reset_interface.c.obj
 .text.resetd_reset
                0x100046fc        0xc xbus_test/CMakeFiles/xbus_test_fw.dir/C_/Users/callo/pico-sdk/src/rp2_common/pico_stdio_usb/reset_interface.c.obj
 .text.resetd_open
                0x10004708       0x28 xbus_test/CMakeFiles/xbus_test_fw.dir/C_/Users/callo/pico-sdk/src/rp2_common/pico_stdio_usb/reset_interface.c.obj
 .text.resetd_xfer_cb
                0x10004730        0x4 xbus_test/CMakeFiles/xbus_test_fw.dir/C_/Users/callo/pico-sdk/src/rp2_common/pico_stdio_usb/reset_interface.c.obj
 .text.resetd_control_xfer_cb
                0x10004734       0x54 xbus_test/CMakeFiles/xbus_test_fw.dir/C_/Users/callo/pico-sdk/src/rp2_common/pico_stdio_usb/reset_interface.c.obj
 .text.tud_descriptor_bos_cb
                0x10004788        0x8 xbus_test/CMakeFiles/xbus_test_fw.dir/C_/Users/callo/pico-sdk/src/rp2_common/pico_stdio_usb/reset_interface.c.obj
                0x10004788                tud_descriptor_bos_cb
 .text.tud_vendor_control_xfer_cb
                0x10004790       0x34 xbus_test/CMakeFiles/xbus_test_fw.dir/C_/Users/callo/pico-sdk/src/rp2_common/pico_stdio_usb/reset_interface.c.obj
                0x10004790                tud_vendor_control_xfer_cb
 .text.usbd_app_driver_get_cb
                0x100047c4        0xc xbus_test/CMakeFiles/xbus_test_fw.dir/C_/Users/callo/pico-sdk/src/rp2_common/pico_stdio_usb/reset_interface.c.obj
                0x100047c4                usbd_app_driver_get_cb
 .text.tud_cdc_line_coding_cb
                0x100047d0       0x2c xbus_test/CMakeFiles/xbus_test_fw.dir/C_/Users/callo/pico-sdk/src/rp2_common/pico_stdio_usb/reset_interface.c.obj
                0x100047d0                tud_cdc_line_coding_cb
 .text.stdio_usb_set_chars_available_callback
                0x100047fc       0x14 xbus_test/CMakeFiles/xbus_test_fw.dir/C_/Users/callo/pico-sdk/src/rp2_common/pico_stdio_usb/stdio_usb.c.obj
                0x100047fc                stdio_usb_set_chars_available_callback
 .text.usb_irq  0x10004810       0x10 xbus_test/CMakeFiles/xbus_test_fw.dir/C_/Users/callo/pico-sdk/src/rp2_common/pico_stdio_usb/stdio_usb.c.obj
 .text.timer_task
                0x10004820       0x64 xbus_test/CMakeFiles/xbus_test_fw.dir/C_/Users/callo/pico-sdk/src/rp2_common/pico_stdio_usb/stdio_usb.c.obj
 .text.stdio_usb_in_chars
                0x10004884       0x8c xbus_test/CMakeFiles/xbus_test_fw.dir/C_/Users/callo/pico-sdk/src/rp2_common/pico_stdio_usb/stdio_usb.c.obj
                0x10004884                stdio_usb_in_chars
 .text.stdio_usb_out_flush
                0x10004910       0x4c xbus_test/CMakeFiles/xbus_test_fw.dir/C_/Users/callo/pico-sdk/src/rp2_common/pico_stdio_usb/stdio_usb.c.obj
 .text.stdio_usb_out_chars
                0x1000495c      0x100 xbus_test/CMakeFiles/xbus_test_fw.dir/C_/Users/callo/pico-sdk/src/rp2_common/pico_stdio_usb/stdio_usb.c.obj
 .text.low_priority_worker_irq
                0x10004a5c       0xc8 xbus_test/CMakeFiles/xbus_test_fw.dir/C_/Users/callo/pico-sdk/src/rp2_common/pico_stdio_usb/stdio_usb.c.obj
 .text.stdio_usb_init
                0x10004b24       0xe8 xbus_test/CMakeFiles/xbus_test_fw.dir/C_/Users/callo/pico-sdk/src/rp2_common/pico_stdio_usb/stdio_usb.c.obj
                0x10004b24                stdio_usb_init
 .text.tud_descriptor_device_cb
                0x10004c0c        0x8 xbus_test/CMakeFiles/xbus_test_fw.dir/C_/Users/callo/pico-sdk/src/rp2_common/pico_stdio_usb/stdio_usb_descriptors.c.obj
                0x10004c0c                tud_descriptor_device_cb
 .text.tud_descriptor_configuration_cb
                0x10004c14        0x8 xbus_test/CMakeFiles/xbus_test_fw.dir/C_/Users/callo/pico-sdk/src/rp2_common/pico_stdio_usb/stdio_usb_descriptors.c.obj
                0x10004c14                tud_descriptor_configuration_cb
 .text.tud_descriptor_string_cb
                0x10004c1c       0x78 xbus_test/CMakeFiles/xbus_test_fw.dir/C_/Users/callo/pico-sdk/src/rp2_common/pico_stdio_usb/stdio_usb_descriptors.c.obj
                0x10004c1c                tud_descriptor_string_cb
 .text.startup._retrieve_unique_id_on_boot
                0x10004c94       0x10 xbus_test/CMakeFiles/xbus_test_fw.dir/C_/Users/callo/pico-sdk/src/rp2_common/pico_unique_id/unique_id.c.obj
 .text.pico_get_unique_board_id_string
                0x10004ca4      0x1a8 xbus_test/CMakeFiles/xbus_test_fw.dir/C_/Users/callo/pico-sdk/src/rp2_common/pico_unique_id/unique_id.c.obj
                0x10004ca4                pico_get_unique_board_id_string
 .text.flash_get_unique_id
                0x10004e4c       0x3c xbus_test/CMakeFiles/xbus_test_fw.dir/C_/Users/callo/pico-sdk/src/rp2_common/hardware_flash/flash.c.obj
                0x10004e4c                flash_get_unique_id
 .text.dcd_init
                0x10004e88       0x90 xbus_test/CMakeFiles/xbus_test_fw.dir/C_/Users/callo/pico-sdk/lib/tinyusb/src/portable/raspberrypi/rp2040/dcd_rp2040.c.obj
                0x10004e88                dcd_init
 .text.dcd_int_enable
                0x10004f18        0xc xbus_test/CMakeFiles/xbus_test_fw.dir/C_/Users/callo/pico-sdk/lib/tinyusb/src/portable/raspberrypi/rp2040/dcd_rp2040.c.obj
                0x10004f18                dcd_int_enable
 .text.dcd_set_address
                0x10004f24       0x14 xbus_test/CMakeFiles/xbus_test_fw.dir/C_/Users/callo/pico-sdk/lib/tinyusb/src/portable/raspberrypi/rp2040/dcd_rp2040.c.obj
                0x10004f24                dcd_set_address
 .text.dcd_sof_enable
                0x10004f38       0x1c xbus_test/CMakeFiles/xbus_test_fw.dir/C_/Users/callo/pico-sdk/lib/tinyusb/src/portable/raspberrypi/rp2040/dcd_rp2040.c.obj
                0x10004f38                dcd_sof_enable
 .text.dcd_edpt0_status_complete
                0x10004f54       0x1c xbus_test/CMakeFiles/xbus_test_fw.dir/C_/Users/callo/pico-sdk/lib/tinyusb/src/portable/raspberrypi/rp2040/dcd_rp2040.c.obj
                0x10004f54                dcd_edpt0_status_complete
 .text.dcd_edpt_open
                0x10004f70      0x114 xbus_test/CMakeFiles/xbus_test_fw.dir/C_/Users/callo/pico-sdk/lib/tinyusb/src/portable/raspberrypi/rp2040/dcd_rp2040.c.obj
                0x10004f70                dcd_edpt_open
 .text.dcd_edpt_close_all
                0x10005084        0x8 xbus_test/CMakeFiles/xbus_test_fw.dir/C_/Users/callo/pico-sdk/lib/tinyusb/src/portable/raspberrypi/rp2040/dcd_rp2040.c.obj
                0x10005084                dcd_edpt_close_all
 .text.dcd_edpt_xfer
                0x1000508c       0x24 xbus_test/CMakeFiles/xbus_test_fw.dir/C_/Users/callo/pico-sdk/lib/tinyusb/src/portable/raspberrypi/rp2040/dcd_rp2040.c.obj
                0x1000508c                dcd_edpt_xfer
 .text.dcd_edpt_stall
                0x100050b0       0x3c xbus_test/CMakeFiles/xbus_test_fw.dir/C_/Users/callo/pico-sdk/lib/tinyusb/src/portable/raspberrypi/rp2040/dcd_rp2040.c.obj
                0x100050b0                dcd_edpt_stall
 .text.dcd_edpt_clear_stall
                0x100050ec       0x30 xbus_test/CMakeFiles/xbus_test_fw.dir/C_/Users/callo/pico-sdk/lib/tinyusb/src/portable/raspberrypi/rp2040/dcd_rp2040.c.obj
                0x100050ec                dcd_edpt_clear_stall
 .text.rp2040_usb_init
                0x1000511c       0x40 xbus_test/CMakeFiles/xbus_test_fw.dir/C_/Users/callo/pico-sdk/lib/tinyusb/src/portable/raspberrypi/rp2040/rp2040_usb.c.obj
                0x1000511c                rp2040_usb_init
 .text.hw_endpoint_xfer_start
                0x1000515c       0x40 xbus_test/CMakeFiles/xbus_test_fw.dir/C_/Users/callo/pico-sdk/lib/tinyusb/src/portable/raspberrypi/rp2040/rp2040_usb.c.obj
                0x1000515c                hw_endpoint_xfer_start
 .text.tud_event_hook_cb
                0x1000519c        0x4 xbus_test/CMakeFiles/xbus_test_fw.dir/C_/Users/callo/pico-sdk/lib/tinyusb/src/device/usbd.c.obj
                0x1000519c                tud_event_hook_cb
 .text.tud_sof_cb
                0x100051a0        0x4 xbus_test/CMakeFiles/xbus_test_fw.dir/C_/Users/callo/pico-sdk/lib/tinyusb/src/device/usbd.c.obj
                0x100051a0                tud_sof_cb
 .text.tud_descriptor_device_qualifier_cb
                0x100051a4        0x4 xbus_test/CMakeFiles/xbus_test_fw.dir/C_/Users/callo/pico-sdk/lib/tinyusb/src/device/usbd.c.obj
                0x100051a4                tud_descriptor_device_qualifier_cb
 .text.tud_descriptor_other_speed_configuration_cb
                0x100051a8        0x4 xbus_test/CMakeFiles/xbus_test_fw.dir/C_/Users/callo/pico-sdk/lib/tinyusb/src/device/usbd.c.obj
                0x100051a8                tud_descriptor_other_speed_configuration_cb
 .text.tud_mount_cb
                0x100051ac        0x4 xbus_test/CMakeFiles/xbus_test_fw.dir/C_/Users/callo/pico-sdk/lib/tinyusb/src/device/usbd.c.obj
                0x100051ac                tud_mount_cb
 .text.tud_umount_cb
                0x100051b0        0x4 xbus_test/CMakeFiles/xbus_test_fw.dir/C_/Users/callo/pico-sdk/lib/tinyusb/src/device/usbd.c.obj
                0x100051b0                tud_umount_cb
 .text.tud_suspend_cb
                0x100051b4        0x4 xbus_test/CMakeFiles/xbus_test_fw.dir/C_/Users/callo/pico-sdk/lib/tinyusb/src/device/usbd.c.obj
                0x100051b4                tud_suspend_cb
 .text.tud_resume_cb
                0x100051b8        0x4 xbus_test/CMakeFiles/xbus_test_fw.dir/C_/Users/callo/pico-sdk/lib/tinyusb/src/device/usbd.c.obj
                0x100051b8                tud_resume_cb
 .text.tud_mounted
                0x100051bc       0x10 xbus_test/CMakeFiles/xbus_test_fw.dir/C_/Users/callo/pico-sdk/lib/tinyusb/src/device/usbd.c.obj
                0x100051bc                tud_mounted
 .text.tud_suspended
                0x100051cc       0x10 xbus_test/CMakeFiles/xbus_test_fw.dir/C_/Users/callo/pico-sdk/lib/tinyusb/src/device/usbd.c.obj
                0x100051cc                tud_suspended
 .text.tud_rhport_init
                0x100051dc       0xf4 xbus_test/CMakeFiles/xbus_test_fw.dir/C_/Users/callo/pico-sdk/lib/tinyusb/src/device/usbd.c.obj
                0x100051dc                tud_rhport_init
 .text.tud_task_ext
                0x100052d0      0x800 xbus_test/CMakeFiles/xbus_test_fw.dir/C_/Users/callo/pico-sdk/lib/tinyusb/src/device/usbd.c.obj
                0x100052d0                tud_task_ext
 .text.usbd_open_edpt_pair
                0x10005ad0       0x9c xbus_test/CMakeFiles/xbus_test_fw.dir/C_/Users/callo/pico-sdk/lib/tinyusb/src/device/usbd.c.obj
                0x10005ad0                usbd_open_edpt_pair
 .text.usbd_edpt_open
                0x10005b6c       0x34 xbus_test/CMakeFiles/xbus_test_fw.dir/C_/Users/callo/pico-sdk/lib/tinyusb/src/device/usbd.c.obj
                0x10005b6c                usbd_edpt_open
 .text.usbd_edpt_claim
                0x10005ba0       0x28 xbus_test/CMakeFiles/xbus_test_fw.dir/C_/Users/callo/pico-sdk/lib/tinyusb/src/device/usbd.c.obj
                0x10005ba0                usbd_edpt_claim
 .text.usbd_edpt_release
                0x10005bc8       0x28 xbus_test/CMakeFiles/xbus_test_fw.dir/C_/Users/callo/pico-sdk/lib/tinyusb/src/device/usbd.c.obj
                0x10005bc8                usbd_edpt_release
 .text.usbd_edpt_xfer
                0x10005bf0       0x4c xbus_test/CMakeFiles/xbus_test_fw.dir/C_/Users/callo/pico-sdk/lib/tinyusb/src/device/usbd.c.obj
                0x10005bf0                usbd_edpt_xfer
 .text.tud_control_status
                0x10005c3c       0x2c xbus_test/CMakeFiles/xbus_test_fw.dir/C_/Users/callo/pico-sdk/lib/tinyusb/src/device/usbd_control.c.obj
                0x10005c3c                tud_control_status
 .text.tud_control_xfer
                0x10005c68       0xa8 xbus_test/CMakeFiles/xbus_test_fw.dir/C_/Users/callo/pico-sdk/lib/tinyusb/src/device/usbd_control.c.obj
                0x10005c68                tud_control_xfer
 .text.usbd_control_reset
                0x10005d10       0x14 xbus_test/CMakeFiles/xbus_test_fw.dir/C_/Users/callo/pico-sdk/lib/tinyusb/src/device/usbd_control.c.obj
                0x10005d10                usbd_control_reset
 .text.usbd_control_set_complete_callback
                0x10005d24        0xc xbus_test/CMakeFiles/xbus_test_fw.dir/C_/Users/callo/pico-sdk/lib/tinyusb/src/device/usbd_control.c.obj
                0x10005d24                usbd_control_set_complete_callback
 .text.usbd_control_set_request
                0x10005d30       0x1c xbus_test/CMakeFiles/xbus_test_fw.dir/C_/Users/callo/pico-sdk/lib/tinyusb/src/device/usbd_control.c.obj
                0x10005d30                usbd_control_set_request
 .text.usbd_control_xfer_cb
                0x10005d4c       0xec xbus_test/CMakeFiles/xbus_test_fw.dir/C_/Users/callo/pico-sdk/lib/tinyusb/src/device/usbd_control.c.obj
                0x10005d4c                usbd_control_xfer_cb
 .text._prep_out_transaction.isra.0
                0x10005e38       0x6c xbus_test/CMakeFiles/xbus_test_fw.dir/C_/Users/callo/pico-sdk/lib/tinyusb/src/class/cdc/cdc_device.c.obj
 .text.tud_cdc_n_connected
                0x10005ea4       0x2c xbus_test/CMakeFiles/xbus_test_fw.dir/C_/Users/callo/pico-sdk/lib/tinyusb/src/class/cdc/cdc_device.c.obj
                0x10005ea4                tud_cdc_n_connected
 .text.tud_cdc_n_available
                0x10005ed0       0x14 xbus_test/CMakeFiles/xbus_test_fw.dir/C_/Users/callo/pico-sdk/lib/tinyusb/src/class/cdc/cdc_device.c.obj
                0x10005ed0                tud_cdc_n_available
 .text.tud_cdc_n_read
                0x10005ee4       0x88 xbus_test/CMakeFiles/xbus_test_fw.dir/C_/Users/callo/pico-sdk/lib/tinyusb/src/class/cdc/cdc_device.c.obj
                0x10005ee4                tud_cdc_n_read
 .text.tud_cdc_n_write_flush
                0x10005f6c       0x74 xbus_test/CMakeFiles/xbus_test_fw.dir/C_/Users/callo/pico-sdk/lib/tinyusb/src/class/cdc/cdc_device.c.obj
                0x10005f6c                tud_cdc_n_write_flush
 .text.tud_cdc_n_write
                0x10005fe0       0x40 xbus_test/CMakeFiles/xbus_test_fw.dir/C_/Users/callo/pico-sdk/lib/tinyusb/src/class/cdc/cdc_device.c.obj
                0x10005fe0                tud_cdc_n_write
 .text.tud_cdc_n_write_available
                0x10006020       0x14 xbus_test/CMakeFiles/xbus_test_fw.dir/C_/Users/callo/pico-sdk/lib/tinyusb/src/class/cdc/cdc_device.c.obj
                0x10006020                tud_cdc_n_write_available
 .text.cdcd_init
                0x10006034       0x70 xbus_test/CMakeFiles/xbus_test_fw.dir/C_/Users/callo/pico-sdk/lib/tinyusb/src/class/cdc/cdc_device.c.obj
                0x10006034                cdcd_init
 .text.cdcd_deinit
                0x100060a4       0x30 xbus_test/CMakeFiles/xbus_test_fw.dir/C_/Users/callo/pico-sdk/lib/tinyusb/src/class/cdc/cdc_device.c.obj
                0x100060a4                cdcd_deinit
 .text.cdcd_reset
                0x100060d4       0x4c xbus_test/CMakeFiles/xbus_test_fw.dir/C_/Users/callo/pico-sdk/lib/tinyusb/src/class/cdc/cdc_device.c.obj
                0x100060d4                cdcd_reset
 .text.cdcd_open
                0x10006120       0xa4 xbus_test/CMakeFiles/xbus_test_fw.dir/C_/Users/callo/pico-sdk/lib/tinyusb/src/class/cdc/cdc_device.c.obj
                0x10006120                cdcd_open
 .text.cdcd_control_xfer_cb
                0x100061c4       0xe8 xbus_test/CMakeFiles/xbus_test_fw.dir/C_/Users/callo/pico-sdk/lib/tinyusb/src/class/cdc/cdc_device.c.obj
                0x100061c4                cdcd_control_xfer_cb
 .text.cdcd_xfer_cb
                0x100062ac      0x100 xbus_test/CMakeFiles/xbus_test_fw.dir/C_/Users/callo/pico-sdk/lib/tinyusb/src/class/cdc/cdc_device.c.obj
                0x100062ac                cdcd_xfer_cb
 .text.vendord_init
                0x100063ac       0x5c xbus_test/CMakeFiles/xbus_test_fw.dir/C_/Users/callo/pico-sdk/lib/tinyusb/src/class/vendor/vendor_device.c.obj
                0x100063ac                vendord_init
 .text.vendord_deinit
                0x10006408       0x1c xbus_test/CMakeFiles/xbus_test_fw.dir/C_/Users/callo/pico-sdk/lib/tinyusb/src/class/vendor/vendor_device.c.obj
                0x10006408                vendord_deinit
 .text.vendord_reset
                0x10006424       0x28 xbus_test/CMakeFiles/xbus_test_fw.dir/C_/Users/callo/pico-sdk/lib/tinyusb/src/class/vendor/vendor_device.c.obj
                0x10006424                vendord_reset
 .text.vendord_open
                0x1000644c      0x120 xbus_test/CMakeFiles/xbus_test_fw.dir/C_/Users/callo/pico-sdk/lib/tinyusb/src/class/vendor/vendor_device.c.obj
                0x1000644c                vendord_open
 .text.vendord_xfer_cb
                0x1000656c       0x9c xbus_test/CMakeFiles/xbus_test_fw.dir/C_/Users/callo/pico-sdk/lib/tinyusb/src/class/vendor/vendor_device.c.obj
                0x1000656c                vendord_xfer_cb
 .text.tusb_rhport_init
                0x10006608       0x4c xbus_test/CMakeFiles/xbus_test_fw.dir/C_/Users/callo/pico-sdk/lib/tinyusb/src/tusb.c.obj
                0x10006608                tusb_rhport_init
 .text.tu_edpt_claim
                0x10006654       0x50 xbus_test/CMakeFiles/xbus_test_fw.dir/C_/Users/callo/pico-sdk/lib/tinyusb/src/tusb.c.obj
                0x10006654                tu_edpt_claim
 .text.tu_edpt_release
                0x100066a4       0x38 xbus_test/CMakeFiles/xbus_test_fw.dir/C_/Users/callo/pico-sdk/lib/tinyusb/src/tusb.c.obj
                0x100066a4                tu_edpt_release
 .text.tu_edpt_validate
                0x100066dc       0x7c xbus_test/CMakeFiles/xbus_test_fw.dir/C_/Users/callo/pico-sdk/lib/tinyusb/src/tusb.c.obj
                0x100066dc                tu_edpt_validate
 .text.tu_edpt_bind_driver
                0x10006758       0x34 xbus_test/CMakeFiles/xbus_test_fw.dir/C_/Users/callo/pico-sdk/lib/tinyusb/src/tusb.c.obj
                0x10006758                tu_edpt_bind_driver
 .text.tu_edpt_stream_init
                0x1000678c       0x6c xbus_test/CMakeFiles/xbus_test_fw.dir/C_/Users/callo/pico-sdk/lib/tinyusb/src/tusb.c.obj
                0x1000678c                tu_edpt_stream_init
 .text.tu_edpt_stream_deinit
                0x100067f8        0x4 xbus_test/CMakeFiles/xbus_test_fw.dir/C_/Users/callo/pico-sdk/lib/tinyusb/src/tusb.c.obj
                0x100067f8                tu_edpt_stream_deinit
 .text.tu_edpt_stream_write_zlp_if_needed
                0x100067fc       0x68 xbus_test/CMakeFiles/xbus_test_fw.dir/C_/Users/callo/pico-sdk/lib/tinyusb/src/tusb.c.obj
                0x100067fc                tu_edpt_stream_write_zlp_if_needed
 .text.tu_edpt_stream_write_xfer
                0x10006864       0x68 xbus_test/CMakeFiles/xbus_test_fw.dir/C_/Users/callo/pico-sdk/lib/tinyusb/src/tusb.c.obj
                0x10006864                tu_edpt_stream_write_xfer
 .text.tu_edpt_stream_read_xfer
                0x100068cc       0xd8 xbus_test/CMakeFiles/xbus_test_fw.dir/C_/Users/callo/pico-sdk/lib/tinyusb/src/tusb.c.obj
                0x100068cc                tu_edpt_stream_read_xfer
 .text.tu_fifo_config
                0x100069a4       0x6c xbus_test/CMakeFiles/xbus_test_fw.dir/C_/Users/callo/pico-sdk/lib/tinyusb/src/common/tusb_fifo.c.obj
                0x100069a4                tu_fifo_config
 .text.tu_fifo_count
                0x10006a10       0x2c xbus_test/CMakeFiles/xbus_test_fw.dir/C_/Users/callo/pico-sdk/lib/tinyusb/src/common/tusb_fifo.c.obj
                0x10006a10                tu_fifo_count
 .text.tu_fifo_empty
                0x10006a3c       0x10 xbus_test/CMakeFiles/xbus_test_fw.dir/C_/Users/callo/pico-sdk/lib/tinyusb/src/common/tusb_fifo.c.obj
                0x10006a3c                tu_fifo_empty
 .text.tu_fifo_remaining
                0x10006a4c       0x2c xbus_test/CMakeFiles/xbus_test_fw.dir/C_/Users/callo/pico-sdk/lib/tinyusb/src/common/tusb_fifo.c.obj
                0x10006a4c                tu_fifo_remaining
 .text.tu_fifo_read
                0x10006a78       0x9c xbus_test/CMakeFiles/xbus_test_fw.dir/C_/Users/callo/pico-sdk/lib/tinyusb/src/common/tusb_fifo.c.obj
                0x10006a78                tu_fifo_read
 .text.tu_fifo_read_n
                0x10006b14       0xe8 xbus_test/CMakeFiles/xbus_test_fw.dir/C_/Users/callo/pico-sdk/lib/tinyusb/src/common/tusb_fifo.c.obj
                0x10006b14                tu_fifo_read_n
 .text.tu_fifo_write
                0x10006bfc       0xa4 xbus_test/CMakeFiles/xbus_test_fw.dir/C_/Users/callo/pico-sdk/lib/tinyusb/src/common/tusb_fifo.c.obj
                0x10006bfc                tu_fifo_write
 .text.tu_fifo_write_n
                0x10006ca0      0x178 xbus_test/CMakeFiles/xbus_test_fw.dir/C_/Users/callo/pico-sdk/lib/tinyusb/src/common/tusb_fifo.c.obj
                0x10006ca0                tu_fifo_write_n
 .text.tu_fifo_clear
                0x10006e18       0x40 xbus_test/CMakeFiles/xbus_test_fw.dir/C_/Users/callo/pico-sdk/lib/tinyusb/src/common/tusb_fifo.c.obj
                0x10006e18                tu_fifo_clear
 .text.tu_fifo_set_overwritable
                0x10006e58       0x48 xbus_test/CMakeFiles/xbus_test_fw.dir/C_/Users/callo/pico-sdk/lib/tinyusb/src/common/tusb_fifo.c.obj
                0x10006e58                tu_fifo_set_overwritable
 .text.strlen   0x10006ea0       0x5c C:/PROGRA~2/ARMGNU~1/14EFD8~1.2RE/bin/../lib/gcc/arm-none-eabi/14.2.1/thumb/v6-m/nofp\libg.a(libc_a-strlen-stub.o)
                0x10006ea0                strlen
 *(.fini)
 .fini          0x10006efc        0x4 C:/PROGRA~2/ARMGNU~1/14EFD8~1.2RE/bin/../lib/gcc/arm-none-eabi/14.2.1/thumb/v6-m/nofp/crti.o
                0x10006efc                _fini
 .fini.__stub   0x10006f00       0xc0 linker stubs
 *crtbegin.o(.ctors)
 *crtbegin?.o(.ctors)
 *(EXCLUDE_FILE(*crtend.o *crtend?.o) .ctors)
 *(SORT_BY_NAME(.ctors.*))
 *(.ctors)
 *crtbegin.o(.dtors)
 *crtbegin?.o(.dtors)
 *(EXCLUDE_FILE(*crtend.o *crtend?.o) .dtors)
 *(SORT_BY_NAME(.dtors.*))
 *(.dtors)
                0x10006fc0                        . = ALIGN (0x4)
                0x10006fc0                        PROVIDE (__preinit_array_start = .)
 *(SORT_BY_NAME(.preinit_array.*))
 .preinit_array.00100
                0x10006fc0        0x4 xbus_test/CMakeFiles/xbus_test_fw.dir/C_/Users/callo/pico-sdk/src/rp2_common/pico_runtime_init/runtime_init.c.obj
                0x10006fc0                __pre_init_runtime_init_early_resets
 .preinit_array.00101
                0x10006fc4        0x4 xbus_test/CMakeFiles/xbus_test_fw.dir/C_/Users/callo/pico-sdk/src/rp2_common/pico_runtime_init/runtime_init.c.obj
                0x10006fc4                __pre_init_runtime_init_usb_power_down
 .preinit_array.00275
                0x10006fc8        0x4 xbus_test/CMakeFiles/xbus_test_fw.dir/C_/Users/callo/pico-sdk/src/rp2_common/pico_bit_ops/bit_ops_aeabi.S.obj
 .preinit_array.00300
                0x10006fcc        0x4 xbus_test/CMakeFiles/xbus_test_fw.dir/C_/Users/callo/pico-sdk/src/rp2_common/pico_mem_ops/mem_ops_aeabi.S.obj
 .preinit_array.00350
                0x10006fd0        0x4 xbus_test/CMakeFiles/xbus_test_fw.dir/C_/Users/callo/pico-sdk/src/rp2_common/pico_double/double_aeabi_rp2040.S.obj
 .preinit_array.00350
                0x10006fd4        0x4 xbus_test/CMakeFiles/xbus_test_fw.dir/C_/Users/callo/pico-sdk/src/rp2_common/pico_float/float_aeabi_rp2040.S.obj
 .preinit_array.00500
                0x10006fd8        0x4 xbus_test/CMakeFiles/xbus_test_fw.dir/C_/Users/callo/pico-sdk/src/rp2_common/pico_runtime_init/runtime_init.c.obj
                0x10006fd8                __pre_init_runtime_init_clocks
 .preinit_array.00600
                0x10006fdc        0x4 xbus_test/CMakeFiles/xbus_test_fw.dir/C_/Users/callo/pico-sdk/src/rp2_common/pico_runtime_init/runtime_init.c.obj
                0x10006fdc                __pre_init_runtime_init_post_clock_resets
 .preinit_array.00700
                0x10006fe0        0x4 xbus_test/CMakeFiles/xbus_test_fw.dir/C_/Users/callo/pico-sdk/src/rp2_common/pico_runtime_init/runtime_init.c.obj
                0x10006fe0                __pre_init_runtime_init_rp2040_gpio_ie_disable
 .preinit_array.01000
                0x10006fe4        0x4 xbus_test/CMakeFiles/xbus_test_fw.dir/C_/Users/callo/pico-sdk/src/rp2_common/pico_runtime_init/runtime_init.c.obj
                0x10006fe4                __pre_init_runtime_init_spin_locks_reset
 .preinit_array.01100
                0x10006fe8        0x4 xbus_test/CMakeFiles/xbus_test_fw.dir/C_/Users/callo/pico-sdk/src/common/pico_sync/mutex.c.obj
                0x10006fe8                __pre_init_runtime_init_mutex
 .preinit_array.10080
                0x10006fec        0x4 xbus_test/CMakeFiles/xbus_test_fw.dir/C_/Users/callo/pico-sdk/src/rp2_common/pico_runtime_init/runtime_init.c.obj
                0x10006fec                __pre_init_runtime_init_install_ram_vector_table
 .preinit_array.11000
                0x10006ff0        0x4 xbus_test/CMakeFiles/xbus_test_fw.dir/C_/Users/callo/pico-sdk/src/common/pico_time/time.c.obj
                0x10006ff0                __pre_init_runtime_init_default_alarm_pool
 .preinit_array.YYYYY
                0x10006ff4        0x4 xbus_test/CMakeFiles/xbus_test_fw.dir/C_/Users/callo/pico-sdk/src/rp2_common/pico_runtime/runtime.c.obj
                0x10006ff4                __pre_init_first_per_core_initializer
 .preinit_array.ZZZZZ.01200
                0x10006ff8        0x4 xbus_test/CMakeFiles/xbus_test_fw.dir/C_/Users/callo/pico-sdk/src/rp2_common/hardware_irq/irq.c.obj
                0x10006ff8                __pre_init_runtime_init_per_core_irq_priorities
 *(.preinit_array)
                0x10006ffc                        PROVIDE (__preinit_array_end = .)
                0x10006ffc                        . = ALIGN (0x4)
                0x10006ffc                        PROVIDE (__init_array_start = .)
 *(SORT_BY_NAME(.init_array.*))
 .init_array.01000
                0x10006ffc        0x4 xbus_test/CMakeFiles/xbus_test_fw.dir/C_/Users/callo/pico-sdk/src/rp2_common/pico_unique_id/unique_id.c.obj
 *(.init_array)
 .init_array    0x10007000        0x4 C:/PROGRA~2/ARMGNU~1/14EFD8~1.2RE/bin/../lib/gcc/arm-none-eabi/14.2.1/thumb/v6-m/nofp/crtbegin.o
                0x10007004                        PROVIDE (__init_array_end = .)
                0x10007004                        . = ALIGN (0x4)
                [!provide]                        PROVIDE (__fini_array_start = .)
 *(SORT_BY_NAME(.fini_array.*))
 *(.fini_array)
                [!provide]                        PROVIDE (__fini_array_end = .)
 *(.eh_frame*)
 .eh_frame      0x10007004        0x0 C:/PROGRA~2/ARMGNU~1/14EFD8~1.2RE/bin/../lib/gcc/arm-none-eabi/14.2.1/thumb/v6-m/nofp/crtbegin.o
                0x10007004                        . = ALIGN (0x4)

.glue_7         0x10007004        0x0
 .glue_7        0x10007004        0x0 linker stubs

.glue_7t        0x10007004        0x0
 .glue_7t       0x10007004        0x0 linker stubs

.vfp11_veneer   0x10007004        0x0
 .vfp11_veneer  0x10007004        0x0 linker stubs

.v4_bx          0x10007004        0x0
 .v4_bx         0x10007004        0x0 linker stubs

.iplt           0x10007004        0x0
 .iplt          0x10007004        0x0 C:/PROGRA~2/ARMGNU~1/14EFD8~1.2RE/bin/../lib/gcc/arm-none-eabi/14.2.1/thumb/v6-m/nofp/crtbegin.o

.rodata         0x10007008      0x6bc
 *(EXCLUDE_FILE(*libm.a: *libc.a:*lib_a-mem*.o *libgcc.a:) .rodata*)
 .rodata.main.str1.4
                0x10007008      0x214 xbus_test/CMakeFiles/xbus_test_fw.dir/src/main.c.obj
                                 0x9d (size before relaxing)
 .rodata.panic.str1.4
                0x1000721c       0x12 xbus_test/CMakeFiles/xbus_test_fw.dir/C_/Users/callo/pico-sdk/src/rp2_common/pico_platform_panic/panic.c.obj
 .rodata.spin_lock_claim_unused.str1.4
                0x1000721c       0x1b xbus_test/CMakeFiles/xbus_test_fw.dir/C_/Users/callo/pico-sdk/src/rp2_common/hardware_sync/sync.c.obj
 .rodata.user_irq_claim_unused.str1.4
                0x1000721c       0x1b xbus_test/CMakeFiles/xbus_test_fw.dir/C_/Users/callo/pico-sdk/src/rp2_common/hardware_irq/irq.c.obj
 .rodata.timer_hardware_alarm_claim.str1.4
                0x1000721c       0x22 xbus_test/CMakeFiles/xbus_test_fw.dir/C_/Users/callo/pico-sdk/src/rp2_common/hardware_timer/timer.c.obj
 .rodata.hard_assertion_failure.str1.4
                0x1000721c        0xc xbus_test/CMakeFiles/xbus_test_fw.dir/C_/Users/callo/pico-sdk/src/rp2_common/pico_runtime/runtime.c.obj
 .rodata.str1.4
                0x1000721c       0x44 xbus_test/CMakeFiles/xbus_test_fw.dir/C_/Users/callo/pico-sdk/src/rp2_common/pico_standard_binary_info/standard_binary_info.c.obj
 .rodata.__bi_84
                0x1000721c        0xc xbus_test/CMakeFiles/xbus_test_fw.dir/C_/Users/callo/pico-sdk/src/rp2_common/pico_standard_binary_info/standard_binary_info.c.obj
 .rodata.__bi_78
                0x10007228        0xc xbus_test/CMakeFiles/xbus_test_fw.dir/C_/Users/callo/pico-sdk/src/rp2_common/pico_standard_binary_info/standard_binary_info.c.obj
 .rodata.__bi_54
                0x10007234        0xc xbus_test/CMakeFiles/xbus_test_fw.dir/C_/Users/callo/pico-sdk/src/rp2_common/pico_standard_binary_info/standard_binary_info.c.obj
 .rodata.__bi_48
                0x10007240        0xc xbus_test/CMakeFiles/xbus_test_fw.dir/C_/Users/callo/pico-sdk/src/rp2_common/pico_standard_binary_info/standard_binary_info.c.obj
 .rodata.__bi_42
                0x1000724c        0xc xbus_test/CMakeFiles/xbus_test_fw.dir/C_/Users/callo/pico-sdk/src/rp2_common/pico_standard_binary_info/standard_binary_info.c.obj
 .rodata.__bi_34
                0x10007258        0xc xbus_test/CMakeFiles/xbus_test_fw.dir/C_/Users/callo/pico-sdk/src/rp2_common/pico_standard_binary_info/standard_binary_info.c.obj
 .rodata.__bi_26
                0x10007264        0xc xbus_test/CMakeFiles/xbus_test_fw.dir/C_/Users/callo/pico-sdk/src/rp2_common/pico_standard_binary_info/standard_binary_info.c.obj
 .rodata._ftoa.str1.4
                0x10007270       0x15 xbus_test/CMakeFiles/xbus_test_fw.dir/C_/Users/callo/pico-sdk/src/rp2_common/pico_printf/printf.c.obj
 .rodata._vsnprintf
                0x10007270      0x19c xbus_test/CMakeFiles/xbus_test_fw.dir/C_/Users/callo/pico-sdk/src/rp2_common/pico_printf/printf.c.obj
 *fill*         0x1000740c        0x4 
 .rodata.pow10.0
                0x10007410       0x50 xbus_test/CMakeFiles/xbus_test_fw.dir/C_/Users/callo/pico-sdk/src/rp2_common/pico_printf/printf.c.obj
 .rodata.crlf_str.0
                0x10007460        0x2 xbus_test/CMakeFiles/xbus_test_fw.dir/C_/Users/callo/pico-sdk/src/rp2_common/pico_stdio/stdio.c.obj
 *fill*         0x10007462        0x2 
 .rodata._resetd_driver
                0x10007464       0x20 xbus_test/CMakeFiles/xbus_test_fw.dir/C_/Users/callo/pico-sdk/src/rp2_common/pico_stdio_usb/reset_interface.c.obj
 .rodata.desc_ms_os_20
                0x10007484       0xa6 xbus_test/CMakeFiles/xbus_test_fw.dir/C_/Users/callo/pico-sdk/src/rp2_common/pico_stdio_usb/reset_interface.c.obj
 *fill*         0x1000752a        0x2 
 .rodata.desc_bos
                0x1000752c       0x21 xbus_test/CMakeFiles/xbus_test_fw.dir/C_/Users/callo/pico-sdk/src/rp2_common/pico_stdio_usb/reset_interface.c.obj
                0x1000752c                desc_bos
 .rodata.str1.4
                0x1000754d       0x13 xbus_test/CMakeFiles/xbus_test_fw.dir/C_/Users/callo/pico-sdk/src/rp2_common/pico_stdio_usb/stdio_usb.c.obj
 *fill*         0x1000754d        0x3 
 .rodata.__bi_202.0
                0x10007550        0xc xbus_test/CMakeFiles/xbus_test_fw.dir/C_/Users/callo/pico-sdk/src/rp2_common/pico_stdio_usb/stdio_usb.c.obj
 .rodata.str1.4
                0x1000755c       0x2a xbus_test/CMakeFiles/xbus_test_fw.dir/C_/Users/callo/pico-sdk/src/rp2_common/pico_stdio_usb/stdio_usb_descriptors.c.obj
 .rodata.usbd_desc_str
                0x1000755c       0x18 xbus_test/CMakeFiles/xbus_test_fw.dir/C_/Users/callo/pico-sdk/src/rp2_common/pico_stdio_usb/stdio_usb_descriptors.c.obj
 .rodata.usbd_desc_cfg
                0x10007574       0x54 xbus_test/CMakeFiles/xbus_test_fw.dir/C_/Users/callo/pico-sdk/src/rp2_common/pico_stdio_usb/stdio_usb_descriptors.c.obj
 .rodata.usbd_desc_device
                0x100075c8       0x12 xbus_test/CMakeFiles/xbus_test_fw.dir/C_/Users/callo/pico-sdk/src/rp2_common/pico_stdio_usb/stdio_usb_descriptors.c.obj
 .rodata.str1.4
                0x100075da       0x14 xbus_test/CMakeFiles/xbus_test_fw.dir/C_/Users/callo/pico-sdk/lib/tinyusb/src/portable/raspberrypi/rp2040/dcd_rp2040.c.obj
 .rodata.str1.4
                0x100075da       0x48 xbus_test/CMakeFiles/xbus_test_fw.dir/C_/Users/callo/pico-sdk/lib/tinyusb/src/portable/raspberrypi/rp2040/rp2040_usb.c.obj
 *fill*         0x100075da        0x2 
 .rodata.tud_task_ext
                0x100075dc       0x8c xbus_test/CMakeFiles/xbus_test_fw.dir/C_/Users/callo/pico-sdk/lib/tinyusb/src/device/usbd.c.obj
 .rodata        0x10007668       0x1c xbus_test/CMakeFiles/xbus_test_fw.dir/C_/Users/callo/pico-sdk/lib/tinyusb/src/device/usbd.c.obj
 .rodata._usbd_driver
                0x10007684       0x40 xbus_test/CMakeFiles/xbus_test_fw.dir/C_/Users/callo/pico-sdk/lib/tinyusb/src/device/usbd.c.obj
                0x100076c4                        . = ALIGN (0x4)
 *(SORT_BY_ALIGNMENT(SORT_BY_NAME(.flashdata*)))
                0x100076c4                        . = ALIGN (0x4)

.ARM.extab
 *(.ARM.extab* .gnu.linkonce.armextab.*)
                0x100076c4                        __exidx_start = .

.ARM.exidx
 *(.ARM.exidx* .gnu.linkonce.armexidx.*)
                0x100076c4                        __exidx_end = .
                0x100076c4                        . = ALIGN (0x4)
                0x100076c4                        __binary_info_start = .

.binary_info    0x100076c4       0x20
 *(.binary_info.keep.*)
 .binary_info.keep.__bi_ptr84
                0x100076c4        0x4 xbus_test/CMakeFiles/xbus_test_fw.dir/C_/Users/callo/pico-sdk/src/rp2_common/pico_standard_binary_info/standard_binary_info.c.obj
 .binary_info.keep.__bi_ptr78
                0x100076c8        0x4 xbus_test/CMakeFiles/xbus_test_fw.dir/C_/Users/callo/pico-sdk/src/rp2_common/pico_standard_binary_info/standard_binary_info.c.obj
 .binary_info.keep.__bi_ptr54
                0x100076cc        0x4 xbus_test/CMakeFiles/xbus_test_fw.dir/C_/Users/callo/pico-sdk/src/rp2_common/pico_standard_binary_info/standard_binary_info.c.obj
 .binary_info.keep.__bi_ptr48
                0x100076d0        0x4 xbus_test/CMakeFiles/xbus_test_fw.dir/C_/Users/callo/pico-sdk/src/rp2_common/pico_standard_binary_info/standard_binary_info.c.obj
 .binary_info.keep.__bi_ptr42
                0x100076d4        0x4 xbus_test/CMakeFiles/xbus_test_fw.dir/C_/Users/callo/pico-sdk/src/rp2_common/pico_standard_binary_info/standard_binary_info.c.obj
 .binary_info.keep.__bi_ptr34
                0x100076d8        0x4 xbus_test/CMakeFiles/xbus_test_fw.dir/C_/Users/callo/pico-sdk/src/rp2_common/pico_standard_binary_info/standard_binary_info.c.obj
 .binary_info.keep.__bi_ptr26
                0x100076dc        0x4 xbus_test/CMakeFiles/xbus_test_fw.dir/C_/Users/callo/pico-sdk/src/rp2_common/pico_standard_binary_info/standard_binary_info.c.obj
 *(.binary_info.*)
 .binary_info.__bi_ptr202
                0x100076e0        0x4 xbus_test/CMakeFiles/xbus_test_fw.dir/C_/Users/callo/pico-sdk/src/rp2_common/pico_stdio_usb/stdio_usb.c.obj
                0x100076e4                        __binary_info_end = .
                0x100076e4                        . = ALIGN (0x4)

.ram_vector_table
                0x20000000       0xc0
 *(.ram_vector_table)
 .ram_vector_table
                0x20000000       0xc0 xbus_test/CMakeFiles/xbus_test_fw.dir/C_/Users/callo/pico-sdk/src/rp2_common/pico_runtime_init/runtime_init.c.obj
                0x20000000                ram_vector_table

.uninitialized_data
                0x200000c0        0x0
                0x200000c0                        . = ALIGN (0x4)
 *(.uninitialized_data*)

.data           0x200000c0      0xff0 load address 0x100076e4
                0x200000c0                        __data_start__ = .
 *(vtable)
 *(.time_critical*)
 .time_critical.mutex_try_enter
                0x200000c0       0x40 xbus_test/CMakeFiles/xbus_test_fw.dir/C_/Users/callo/pico-sdk/src/common/pico_sync/mutex.c.obj
                0x200000c0                mutex_try_enter
 .time_critical.mutex_try_enter_block_until
                0x20000100       0x98 xbus_test/CMakeFiles/xbus_test_fw.dir/C_/Users/callo/pico-sdk/src/common/pico_sync/mutex.c.obj
                0x20000100                mutex_try_enter_block_until
 .time_critical.mutex_enter_timeout_ms
                0x20000198       0x8c xbus_test/CMakeFiles/xbus_test_fw.dir/C_/Users/callo/pico-sdk/src/common/pico_sync/mutex.c.obj
                0x20000198                mutex_enter_timeout_ms
 .time_critical.mutex_exit
                0x20000224       0x28 xbus_test/CMakeFiles/xbus_test_fw.dir/C_/Users/callo/pico-sdk/src/common/pico_sync/mutex.c.obj
                0x20000224                mutex_exit
 .time_critical.flash_init_boot2_copyout
                0x2000024c       0x30 xbus_test/CMakeFiles/xbus_test_fw.dir/C_/Users/callo/pico-sdk/src/rp2_common/hardware_flash/flash.c.obj
 .time_critical.flash_enable_xip_via_boot2
                0x2000027c        0xc xbus_test/CMakeFiles/xbus_test_fw.dir/C_/Users/callo/pico-sdk/src/rp2_common/hardware_flash/flash.c.obj
 .time_critical.flash_save_hardware_state
                0x20000288       0x20 xbus_test/CMakeFiles/xbus_test_fw.dir/C_/Users/callo/pico-sdk/src/rp2_common/hardware_flash/flash.c.obj
 .time_critical.flash_restore_hardware_state
                0x200002a8       0x20 xbus_test/CMakeFiles/xbus_test_fw.dir/C_/Users/callo/pico-sdk/src/rp2_common/hardware_flash/flash.c.obj
 .time_critical.flash_cs_force
                0x200002c8       0x38 xbus_test/CMakeFiles/xbus_test_fw.dir/C_/Users/callo/pico-sdk/src/rp2_common/hardware_flash/flash.c.obj
 .time_critical.flash_do_cmd
                0x20000300      0x13c xbus_test/CMakeFiles/xbus_test_fw.dir/C_/Users/callo/pico-sdk/src/rp2_common/hardware_flash/flash.c.obj
                0x20000300                flash_do_cmd
 .time_critical.reset_non_control_endpoints
                0x2000043c       0x68 xbus_test/CMakeFiles/xbus_test_fw.dir/C_/Users/callo/pico-sdk/lib/tinyusb/src/portable/raspberrypi/rp2040/dcd_rp2040.c.obj
 .time_critical.hw_handle_buff_status
                0x200004a4       0xa0 xbus_test/CMakeFiles/xbus_test_fw.dir/C_/Users/callo/pico-sdk/lib/tinyusb/src/portable/raspberrypi/rp2040/dcd_rp2040.c.obj
 .time_critical.dcd_rp2040_irq
                0x20000544      0x548 xbus_test/CMakeFiles/xbus_test_fw.dir/C_/Users/callo/pico-sdk/lib/tinyusb/src/portable/raspberrypi/rp2040/dcd_rp2040.c.obj
 .time_critical.prepare_ep_buffer
                0x20000a8c       0xc8 xbus_test/CMakeFiles/xbus_test_fw.dir/C_/Users/callo/pico-sdk/lib/tinyusb/src/portable/raspberrypi/rp2040/rp2040_usb.c.obj
 .time_critical.sync_ep_buffer
                0x20000b54       0x9c xbus_test/CMakeFiles/xbus_test_fw.dir/C_/Users/callo/pico-sdk/lib/tinyusb/src/portable/raspberrypi/rp2040/rp2040_usb.c.obj
 .time_critical._hw_endpoint_xfer_sync
                0x20000bf0       0x28 xbus_test/CMakeFiles/xbus_test_fw.dir/C_/Users/callo/pico-sdk/lib/tinyusb/src/portable/raspberrypi/rp2040/rp2040_usb.c.obj
 .time_critical.e15_is_bulkin_ep
                0x20000c18       0x28 xbus_test/CMakeFiles/xbus_test_fw.dir/C_/Users/callo/pico-sdk/lib/tinyusb/src/portable/raspberrypi/rp2040/rp2040_usb.c.obj
 .time_critical.e15_is_critical_frame_period
                0x20000c40       0x34 xbus_test/CMakeFiles/xbus_test_fw.dir/C_/Users/callo/pico-sdk/lib/tinyusb/src/portable/raspberrypi/rp2040/rp2040_usb.c.obj
 .time_critical.hw_endpoint_reset_transfer
                0x20000c74        0xc xbus_test/CMakeFiles/xbus_test_fw.dir/C_/Users/callo/pico-sdk/lib/tinyusb/src/portable/raspberrypi/rp2040/rp2040_usb.c.obj
                0x20000c74                hw_endpoint_reset_transfer
 .time_critical._hw_endpoint_buffer_control_update32
                0x20000c80       0x50 xbus_test/CMakeFiles/xbus_test_fw.dir/C_/Users/callo/pico-sdk/lib/tinyusb/src/portable/raspberrypi/rp2040/rp2040_usb.c.obj
                0x20000c80                _hw_endpoint_buffer_control_update32
 .time_critical.hw_endpoint_start_next_buffer
                0x20000cd0       0x68 xbus_test/CMakeFiles/xbus_test_fw.dir/C_/Users/callo/pico-sdk/lib/tinyusb/src/portable/raspberrypi/rp2040/rp2040_usb.c.obj
                0x20000cd0                hw_endpoint_start_next_buffer
 .time_critical.hw_endpoint_xfer_continue
                0x20000d38       0x40 xbus_test/CMakeFiles/xbus_test_fw.dir/C_/Users/callo/pico-sdk/lib/tinyusb/src/portable/raspberrypi/rp2040/rp2040_usb.c.obj
                0x20000d38                hw_endpoint_xfer_continue
 .time_critical.tinyusb
                0x20000d78      0x1e4 xbus_test/CMakeFiles/xbus_test_fw.dir/C_/Users/callo/pico-sdk/lib/tinyusb/src/device/usbd.c.obj
                0x20000d78                dcd_event_handler
 *(.text*)
 .text          0x20000f5c        0x4 C:/PROGRA~2/ARMGNU~1/14EFD8~1.2RE/bin/../lib/gcc/arm-none-eabi/14.2.1/thumb/v6-m/nofp\libgcc.a(_dvmd_tls.o)
                0x20000f5c                __aeabi_idiv0
                0x20000f5c                __aeabi_ldiv0
 .text.__stub   0x20000f60       0x80 linker stubs
                0x20000fe0                        . = ALIGN (0x4)
 *(.rodata*)
                0x20000fe0                        . = ALIGN (0x4)
 *(.data*)
 .data.striped_spin_lock_num
                0x20000fe0        0x1 xbus_test/CMakeFiles/xbus_test_fw.dir/C_/Users/callo/pico-sdk/src/rp2_common/hardware_sync/sync.c.obj
 *fill*         0x20000fe1        0x3 
 .data          0x20000fe4       0x48 xbus_test/CMakeFiles/xbus_test_fw.dir/C_/Users/callo/pico-sdk/src/rp2_common/hardware_irq/irq_handler_chain.S.obj
                0x20000fe4                irq_handler_chain_slots
                0x20001014                irq_handler_chain_first_slot
                0x2000101e                irq_handler_chain_remove_tail
 .data.default_alarm_pool
                0x2000102c       0x18 xbus_test/CMakeFiles/xbus_test_fw.dir/C_/Users/callo/pico-sdk/src/common/pico_time/time.c.obj
 *fill*         0x20001044        0xc 
 .data.aeabi_bits_funcs
                0x20001050       0x10 xbus_test/CMakeFiles/xbus_test_fw.dir/C_/Users/callo/pico-sdk/src/rp2_common/pico_bit_ops/bit_ops_aeabi.S.obj
                0x20001050                aeabi_bits_funcs
                0x20001060                aeabi_bits_funcs_end
 .data.aeabi_mem_funcs
                0x20001060       0x10 xbus_test/CMakeFiles/xbus_test_fw.dir/C_/Users/callo/pico-sdk/src/rp2_common/pico_mem_ops/mem_ops_aeabi.S.obj
                0x20001060                aeabi_mem_funcs
                0x20001070                aeabi_mem_funcs_end
 .data.stdio_usb
                0x20001070       0x18 xbus_test/CMakeFiles/xbus_test_fw.dir/C_/Users/callo/pico-sdk/src/rp2_common/pico_stdio_usb/stdio_usb.c.obj
                0x20001070                stdio_usb
 .data._usbd_qdef
                0x20001088       0x1c xbus_test/CMakeFiles/xbus_test_fw.dir/C_/Users/callo/pico-sdk/lib/tinyusb/src/device/usbd.c.obj
                0x20001088                _usbd_qdef
 .data._usbd_rhport
                0x200010a4        0x1 xbus_test/CMakeFiles/xbus_test_fw.dir/C_/Users/callo/pico-sdk/lib/tinyusb/src/device/usbd.c.obj
                0x200010a8                        . = ALIGN (0x4)
 *fill*         0x200010a5        0x3 
 *(.after_data.*)
                0x200010a8                        . = ALIGN (0x4)
                0x200010a8                        PROVIDE (__mutex_array_start = .)
 *(SORT_BY_NAME(.mutex_array.*))
 *(.mutex_array)
 .mutex_array   0x200010a8        0x8 xbus_test/CMakeFiles/xbus_test_fw.dir/C_/Users/callo/pico-sdk/src/rp2_common/pico_stdio/stdio.c.obj
                0x200010b0                        PROVIDE (__mutex_array_end = .)
                0x200010b0                        . = ALIGN (0x4)
 *(.jcr)
                0x200010b0                        . = ALIGN (0x4)

.tm_clone_table
                0x200010b0        0x0 load address 0x100086d4
 .tm_clone_table
                0x200010b0        0x0 C:/PROGRA~2/ARMGNU~1/14EFD8~1.2RE/bin/../lib/gcc/arm-none-eabi/14.2.1/thumb/v6-m/nofp/crtbegin.o
 .tm_clone_table
                0x200010b0        0x0 C:/PROGRA~2/ARMGNU~1/14EFD8~1.2RE/bin/../lib/gcc/arm-none-eabi/14.2.1/thumb/v6-m/nofp/crtend.o

.igot.plt       0x200010b0        0x0 load address 0x100086d4
 .igot.plt      0x200010b0        0x0 C:/PROGRA~2/ARMGNU~1/14EFD8~1.2RE/bin/../lib/gcc/arm-none-eabi/14.2.1/thumb/v6-m/nofp/crtbegin.o

.tdata          0x200010b0        0x0 load address 0x100086d4
                0x200010b0                        . = ALIGN (0x4)
 *(.tdata .tdata.* .gnu.linkonce.td.*)
                0x200010b0                        __tdata_end = .
                0x200010b0                        PROVIDE (__data_end__ = .)
                0x100076e4                        __etext = LOADADDR (.data)

.tbss           0x200010b0        0x0 load address 0x100086d4
                0x200010b0                        . = ALIGN (0x4)
                0x200010b0                        __bss_start__ = .
                0x200010b0                        __tls_base = .
 *(.tbss .tbss.* .gnu.linkonce.tb.*)
 *(.tcommon)
                0x200010b0                        __tls_end = .

.bss            0x200010b0      0xf4c load address 0x100086d4
                0x200010b0                        . = ALIGN (0x4)
                0x200010b0                        __tbss_end = .
 *(SORT_BY_ALIGNMENT(SORT_BY_NAME(.bss*)))
 .bss.default_alarm_pool_entries
                0x200010b0      0x180 xbus_test/CMakeFiles/xbus_test_fw.dir/C_/Users/callo/pico-sdk/src/common/pico_time/time.c.obj
 .bss.last_avail_time.1
                0x20001230        0x8 xbus_test/CMakeFiles/xbus_test_fw.dir/C_/Users/callo/pico-sdk/src/rp2_common/pico_stdio_usb/stdio_usb.c.obj
 .bss.last_rx   0x20001238        0x8 xbus_test/CMakeFiles/xbus_test_fw.dir/src/main.c.obj
 .bss.sd_table  0x20001240      0x100 xbus_test/CMakeFiles/xbus_test_fw.dir/C_/Users/callo/pico-sdk/src/rp2_common/pico_double/double_init_rom_rp2040.c.obj
                0x20001240                sd_table
 .bss.sf_table  0x20001340      0x100 xbus_test/CMakeFiles/xbus_test_fw.dir/C_/Users/callo/pico-sdk/src/rp2_common/pico_float/float_init_rom_rp2040.c.obj
                0x20001340                sf_table
 .bss._app_driver
                0x20001440        0x4 xbus_test/CMakeFiles/xbus_test_fw.dir/C_/Users/callo/pico-sdk/lib/tinyusb/src/device/usbd.c.obj
 .bss._cdcd_epbuf
                0x20001444       0x80 xbus_test/CMakeFiles/xbus_test_fw.dir/C_/Users/callo/pico-sdk/lib/tinyusb/src/class/cdc/cdc_device.c.obj
 .bss._cdcd_fifo_cfg
                0x200014c4        0x1 xbus_test/CMakeFiles/xbus_test_fw.dir/C_/Users/callo/pico-sdk/lib/tinyusb/src/class/cdc/cdc_device.c.obj
 *fill*         0x200014c5        0x3 
 .bss._cdcd_itf
                0x200014c8       0xc8 xbus_test/CMakeFiles/xbus_test_fw.dir/C_/Users/callo/pico-sdk/lib/tinyusb/src/class/cdc/cdc_device.c.obj
 .bss._ctrl_epbuf
                0x20001590       0x40 xbus_test/CMakeFiles/xbus_test_fw.dir/C_/Users/callo/pico-sdk/lib/tinyusb/src/device/usbd_control.c.obj
 .bss._ctrl_xfer
                0x200015d0       0x14 xbus_test/CMakeFiles/xbus_test_fw.dir/C_/Users/callo/pico-sdk/lib/tinyusb/src/device/usbd_control.c.obj
 .bss._tusb_rhport_role
                0x200015e4        0x2 xbus_test/CMakeFiles/xbus_test_fw.dir/C_/Users/callo/pico-sdk/lib/tinyusb/src/tusb.c.obj
                0x200015e4                _tusb_rhport_role
 *fill*         0x200015e6        0x2 
 .bss._ubsd_mutexdef
                0x200015e8        0x8 xbus_test/CMakeFiles/xbus_test_fw.dir/C_/Users/callo/pico-sdk/lib/tinyusb/src/device/usbd.c.obj
 .bss._usbd_dev
                0x200015f0       0x54 xbus_test/CMakeFiles/xbus_test_fw.dir/C_/Users/callo/pico-sdk/lib/tinyusb/src/device/usbd.c.obj
 .bss._usbd_mutex
                0x20001644        0x4 xbus_test/CMakeFiles/xbus_test_fw.dir/C_/Users/callo/pico-sdk/lib/tinyusb/src/device/usbd.c.obj
 .bss._usbd_q   0x20001648        0x4 xbus_test/CMakeFiles/xbus_test_fw.dir/C_/Users/callo/pico-sdk/lib/tinyusb/src/device/usbd.c.obj
 .bss._usbd_qdef_buf
                0x2000164c       0xc0 xbus_test/CMakeFiles/xbus_test_fw.dir/C_/Users/callo/pico-sdk/lib/tinyusb/src/device/usbd.c.obj
                0x2000164c                _usbd_qdef_buf
 .bss._vendord_epbuf
                0x2000170c       0x80 xbus_test/CMakeFiles/xbus_test_fw.dir/C_/Users/callo/pico-sdk/lib/tinyusb/src/class/vendor/vendor_device.c.obj
 .bss._vendord_itf
                0x2000178c      0x24c xbus_test/CMakeFiles/xbus_test_fw.dir/C_/Users/callo/pico-sdk/lib/tinyusb/src/class/vendor/vendor_device.c.obj
 .bss.boot2_copyout
                0x200019d8      0x100 xbus_test/CMakeFiles/xbus_test_fw.dir/C_/Users/callo/pico-sdk/src/rp2_common/hardware_flash/flash.c.obj
 .bss.chars_available_callback
                0x20001ad8        0x4 xbus_test/CMakeFiles/xbus_test_fw.dir/C_/Users/callo/pico-sdk/src/rp2_common/pico_stdio_usb/stdio_usb.c.obj
 .bss.chars_available_param
                0x20001adc        0x4 xbus_test/CMakeFiles/xbus_test_fw.dir/C_/Users/callo/pico-sdk/src/rp2_common/pico_stdio_usb/stdio_usb.c.obj
 .bss.claimed   0x20001ae0        0x4 xbus_test/CMakeFiles/xbus_test_fw.dir/C_/Users/callo/pico-sdk/src/rp2_common/hardware_sync/sync.c.obj
 .bss.claimed   0x20001ae4        0x1 xbus_test/CMakeFiles/xbus_test_fw.dir/C_/Users/callo/pico-sdk/src/rp2_common/hardware_timer/timer.c.obj
 *fill*         0x20001ae5        0x3 
 .bss.configured_freq
                0x20001ae8       0x28 xbus_test/CMakeFiles/xbus_test_fw.dir/C_/Users/callo/pico-sdk/src/rp2_common/hardware_clocks/clocks.c.obj
 .bss.desc_str.0
                0x20001b10       0x28 xbus_test/CMakeFiles/xbus_test_fw.dir/C_/Users/callo/pico-sdk/src/rp2_common/pico_stdio_usb/stdio_usb_descriptors.c.obj
 .bss.drivers   0x20001b38        0x4 xbus_test/CMakeFiles/xbus_test_fw.dir/C_/Users/callo/pico-sdk/src/rp2_common/pico_stdio/stdio.c.obj
 .bss.e15_last_sof
                0x20001b3c        0x4 xbus_test/CMakeFiles/xbus_test_fw.dir/C_/Users/callo/pico-sdk/lib/tinyusb/src/portable/raspberrypi/rp2040/rp2040_usb.c.obj
                0x20001b3c                e15_last_sof
 .bss.filter    0x20001b40        0x4 xbus_test/CMakeFiles/xbus_test_fw.dir/C_/Users/callo/pico-sdk/src/rp2_common/pico_stdio/stdio.c.obj
 .bss.frame     0x20001b44       0x40 xbus_test/CMakeFiles/xbus_test_fw.dir/src/main.c.obj
 .bss.frame_len
                0x20001b84        0x4 xbus_test/CMakeFiles/xbus_test_fw.dir/src/main.c.obj
 .bss.hw_endpoints
                0x20001b88      0x400 xbus_test/CMakeFiles/xbus_test_fw.dir/C_/Users/callo/pico-sdk/lib/tinyusb/src/portable/raspberrypi/rp2040/dcd_rp2040.c.obj
 .bss.lazy_vsnprintf
                0x20001f88        0x4 xbus_test/CMakeFiles/xbus_test_fw.dir/C_/Users/callo/pico-sdk/src/rp2_common/pico_printf/printf.c.obj
 .bss.load_value
                0x20001f8c        0x4 xbus_test/CMakeFiles/xbus_test_fw.dir/C_/Users/callo/pico-sdk/src/rp2_common/hardware_watchdog/watchdog.c.obj
 .bss.next_buffer_ptr
                0x20001f90        0x4 xbus_test/CMakeFiles/xbus_test_fw.dir/C_/Users/callo/pico-sdk/lib/tinyusb/src/portable/raspberrypi/rp2040/dcd_rp2040.c.obj
 .bss.object.0  0x20001f94       0x18 C:/PROGRA~2/ARMGNU~1/14EFD8~1.2RE/bin/../lib/gcc/arm-none-eabi/14.2.1/thumb/v6-m/nofp/crtbegin.o
 .bss.one_shot_timer_crit_sec
                0x20001fac        0x8 xbus_test/CMakeFiles/xbus_test_fw.dir/C_/Users/callo/pico-sdk/src/rp2_common/pico_stdio_usb/stdio_usb.c.obj
 .bss.pools     0x20001fb4       0x10 xbus_test/CMakeFiles/xbus_test_fw.dir/C_/Users/callo/pico-sdk/src/common/pico_time/time.c.obj
 .bss.retrieved_id
                0x20001fc4        0x8 xbus_test/CMakeFiles/xbus_test_fw.dir/C_/Users/callo/pico-sdk/src/rp2_common/pico_unique_id/unique_id.c.obj
 .bss.sf_clz_func
                0x20001fcc        0x4 xbus_test/CMakeFiles/xbus_test_fw.dir/C_/Users/callo/pico-sdk/src/rp2_common/pico_double/double_init_rom_rp2040.c.obj
                0x20001fcc                sf_clz_func
 .bss.sleep_notifier
                0x20001fd0        0x4 xbus_test/CMakeFiles/xbus_test_fw.dir/C_/Users/callo/pico-sdk/src/common/pico_time/time.c.obj
 .bss.stdio_usb_mutex
                0x20001fd4        0x8 xbus_test/CMakeFiles/xbus_test_fw.dir/C_/Users/callo/pico-sdk/src/rp2_common/pico_stdio_usb/stdio_usb.c.obj
 .bss.uart_char_to_line_feed
                0x20001fdc        0x4 xbus_test/CMakeFiles/xbus_test_fw.dir/C_/Users/callo/pico-sdk/src/rp2_common/hardware_uart/uart.c.obj
                0x20001fdc                uart_char_to_line_feed
 .bss.usbd_serial_str
                0x20001fe0       0x11 xbus_test/CMakeFiles/xbus_test_fw.dir/C_/Users/callo/pico-sdk/src/rp2_common/pico_stdio_usb/stdio_usb_descriptors.c.obj
 .bss._app_driver_count
                0x20001ff1        0x1 xbus_test/CMakeFiles/xbus_test_fw.dir/C_/Users/callo/pico-sdk/lib/tinyusb/src/device/usbd.c.obj
 .bss._sof_enable
                0x20001ff2        0x1 xbus_test/CMakeFiles/xbus_test_fw.dir/C_/Users/callo/pico-sdk/lib/tinyusb/src/portable/raspberrypi/rp2040/dcd_rp2040.c.obj
 .bss._usbd_queued_setup
                0x20001ff3        0x1 xbus_test/CMakeFiles/xbus_test_fw.dir/C_/Users/callo/pico-sdk/lib/tinyusb/src/device/usbd.c.obj
 .bss.boot2_copyout_valid
                0x20001ff4        0x1 xbus_test/CMakeFiles/xbus_test_fw.dir/C_/Users/callo/pico-sdk/src/rp2_common/hardware_flash/flash.c.obj
 .bss.irq_handler_chain_free_slot_head
                0x20001ff5        0x1 xbus_test/CMakeFiles/xbus_test_fw.dir/C_/Users/callo/pico-sdk/src/rp2_common/hardware_irq/irq.c.obj
 .bss.itf_num   0x20001ff6        0x1 xbus_test/CMakeFiles/xbus_test_fw.dir/C_/Users/callo/pico-sdk/src/rp2_common/pico_stdio_usb/reset_interface.c.obj
 .bss.low_priority_irq_num
                0x20001ff7        0x1 xbus_test/CMakeFiles/xbus_test_fw.dir/C_/Users/callo/pico-sdk/src/rp2_common/pico_stdio_usb/stdio_usb.c.obj
 .bss.one_shot_timer_pending
                0x20001ff8        0x1 xbus_test/CMakeFiles/xbus_test_fw.dir/C_/Users/callo/pico-sdk/src/rp2_common/pico_stdio_usb/stdio_usb.c.obj
 .bss.user_irq_claimed
                0x20001ff9        0x1 xbus_test/CMakeFiles/xbus_test_fw.dir/C_/Users/callo/pico-sdk/src/rp2_common/hardware_irq/irq.c.obj
 *(COMMON)
                0x20001ffc                        . = ALIGN (0x4)
 *fill*         0x20001ffa        0x2 
                0x20001ffc                        __bss_end__ = .

.heap           0x20001ffc      0x800 load address 0x100086d4
                0x20001ffc                        __end__ = .
                0x20001ffc                        end = __end__
 *(.heap*)
 .heap          0x20001ffc      0x800 xbus_test/CMakeFiles/xbus_test_fw.dir/C_/Users/callo/pico-sdk/src/rp2_common/pico_crt0/crt0.S.obj
                0x20040000                        __HeapLimit = (ORIGIN (RAM) + LENGTH (RAM))

.scratch_x      0x20040000        0x0 load address 0x100086d4
                0x20040000                        __scratch_x_start__ = .
 *(.scratch_x.*)
                0x20040000                        . = ALIGN (0x4)
                0x20040000                        __scratch_x_end__ = .
                0x100086d4                        __scratch_x_source__ = LOADADDR (.scratch_x)

.scratch_y      0x20041000        0x0 load address 0x100086d4
                0x20041000                        __scratch_y_start__ = .
 *(.scratch_y.*)
                0x20041000                        . = ALIGN (0x4)
                0x20041000                        __scratch_y_end__ = .
                0x100086d4                        __scratch_y_source__ = LOADADDR (.scratch_y)

.stack1_dummy
 *(.stack1*)

.stack_dummy    0x20041000      0x800
 *(.stack*)
 .stack         0x20041000      0x800 xbus_test/CMakeFiles/xbus_test_fw.dir/C_/Users/callo/pico-sdk/src/rp2_common/pico_crt0/crt0.S.obj

.rel.dyn        0x20041800        0x0
 .rel.iplt      0x20041800        0x0 C:/PROGRA~2/ARMGNU~1/14EFD8~1.2RE/bin/../lib/gcc/arm-none-eabi/14.2.1/thumb/v6-m/nofp/crtbegin.o

.flash_end      0x100086d4        0x0
 *(.embedded_end_block*)
                0x100086d4                        PROVIDE (__flash_binary_end = .)
                0x20040000                        __StackLimit = (ORIGIN (RAM) + LENGTH (RAM))
                0x20041000                        __StackOneTop = (ORIGIN (SCRATCH_X) + LENGTH (SCRATCH_X))
                0x20042000                        __StackTop = (ORIGIN (SCRATCH_Y) + LENGTH (SCRATCH_Y))
                0x20041000                        __StackOneBottom = (__StackOneTop - SIZEOF (.stack1_dummy))
                0x20041800                        __StackBottom = (__StackTop - SIZEOF (.stack_dummy))
                0x20042000                        PROVIDE (__stack = __StackTop)
                [!provide]                        PROVIDE (__heap_start = __end__)
                [!provide]                        PROVIDE (__heap_end = __HeapLimit)
                [!provide]                        PROVIDE (__tls_align = MAX (ALIGNOF (.tdata), ALIGNOF (.tbss)))
                [!provide]                        PROVIDE (__tls_size_align = (((__tls_size + __tls_align) - 0x1) & ~ ((__tls_align - 0x1))))
                [!provide]                        PROVIDE (__arm32_tls_tcb_offset = MAX (0x8, __tls_align))
                [!provide]                        PROVIDE (_end = __end__)
                [!provide]                        PROVIDE (__llvm_libc_heap_limit = __HeapLimit)
                0x00000001                        ASSERT ((__StackLimit >= __HeapLimit), region RAM overflowed)
                0x00000001                        ASSERT (((__binary_info_header_end - __logical_binary_start) <= 0x100), Binary info must be in first 256 bytes of the binary)
LOAD xbus_test/CMakeFiles/xbus_test_fw.dir/src/main.c.obj
LOAD xbus_test/CMakeFiles/xbus_test_fw.dir/C_/Users/callo/pico-sdk/src/rp2_common/pico_stdlib/stdlib.c.obj
LOAD xbus_test/CMakeFiles/xbus_test_fw.dir/C_/Users/callo/pico-sdk/src/rp2_common/hardware_gpio/gpio.c.obj
LOAD xbus_test/CMakeFiles/xbus_test_fw.dir/C_/Users/callo/pico-sdk/src/rp2040/pico_platform/platform.c.obj
LOAD xbus_test/CMakeFiles/xbus_test_fw.dir/C_/Users/callo/pico-sdk/src/rp2_common/pico_platform_common/common.c.obj
LOAD xbus_test/CMakeFiles/xbus_test_fw.dir/C_/Users/callo/pico-sdk/src/rp2_common/pico_platform_panic/panic.c.obj
LOAD xbus_test/CMakeFiles/xbus_test_fw.dir/C_/Users/callo/pico-sdk/src/common/hardware_claim/claim.c.obj
LOAD xbus_test/CMakeFiles/xbus_test_fw.dir/C_/Users/callo/pico-sdk/src/rp2_common/hardware_sync/sync.c.obj
LOAD xbus_test/CMakeFiles/xbus_test_fw.dir/C_/Users/callo/pico-sdk/src/rp2_common/hardware_sync_spin_lock/sync_spin_lock.c.obj
LOAD xbus_test/CMakeFiles/xbus_test_fw.dir/C_/Users/callo/pico-sdk/src/rp2_common/hardware_irq/irq.c.obj
LOAD xbus_test/CMakeFiles/xbus_test_fw.dir/C_/Users/callo/pico-sdk/src/rp2_common/hardware_irq/irq_handler_chain.S.obj
LOAD xbus_test/CMakeFiles/xbus_test_fw.dir/C_/Users/callo/pico-sdk/src/common/pico_sync/sem.c.obj
LOAD xbus_test/CMakeFiles/xbus_test_fw.dir/C_/Users/callo/pico-sdk/src/common/pico_sync/lock_core.c.obj
LOAD xbus_test/CMakeFiles/xbus_test_fw.dir/C_/Users/callo/pico-sdk/src/common/pico_sync/mutex.c.obj
LOAD xbus_test/CMakeFiles/xbus_test_fw.dir/C_/Users/callo/pico-sdk/src/common/pico_sync/critical_section.c.obj
LOAD xbus_test/CMakeFiles/xbus_test_fw.dir/C_/Users/callo/pico-sdk/src/common/pico_time/time.c.obj
LOAD xbus_test/CMakeFiles/xbus_test_fw.dir/C_/Users/callo/pico-sdk/src/common/pico_time/timeout_helper.c.obj
LOAD xbus_test/CMakeFiles/xbus_test_fw.dir/C_/Users/callo/pico-sdk/src/rp2_common/hardware_timer/timer.c.obj
LOAD xbus_test/CMakeFiles/xbus_test_fw.dir/C_/Users/callo/pico-sdk/src/common/pico_util/datetime.c.obj
LOAD xbus_test/CMakeFiles/xbus_test_fw.dir/C_/Users/callo/pico-sdk/src/common/pico_util/pheap.c.obj
LOAD xbus_test/CMakeFiles/xbus_test_fw.dir/C_/Users/callo/pico-sdk/src/common/pico_util/queue.c.obj
LOAD xbus_test/CMakeFiles/xbus_test_fw.dir/C_/Users/callo/pico-sdk/src/rp2_common/hardware_uart/uart.c.obj